Archive member included to satisfy reference by file (symbol)

../../Middlewares/ST/AI/Lib\NetworkRuntime1020_CM7_GCC.a(ai_platform.o)
                              ./X-CUBE-AI/App/athlet.o (ai_buffer_array_item_set_address)
../../Middlewares/ST/AI/Lib\NetworkRuntime1020_CM7_GCC.a(ai_platform_interface.o)
                              ./X-CUBE-AI/App/athlet.o (ai_platform_get_weights_map)
../../Middlewares/ST/AI/Lib\NetworkRuntime1020_CM7_GCC.a(core_common.o)
                              ../../Middlewares/ST/AI/Lib\NetworkRuntime1020_CM7_GCC.a(ai_platform_interface.o) (core_init)
../../Middlewares/ST/AI/Lib\NetworkRuntime1020_CM7_GCC.a(core_mem_manager.o)
                              ../../Middlewares/ST/AI/Lib\NetworkRuntime1020_CM7_GCC.a(ai_platform_interface.o) (core_mem_alloc)
../../Middlewares/ST/AI/Lib\NetworkRuntime1020_CM7_GCC.a(layers.o)
                              ../../Middlewares/ST/AI/Lib\NetworkRuntime1020_CM7_GCC.a(ai_platform_interface.o) (ai_check_custom_types)
../../Middlewares/ST/AI/Lib\NetworkRuntime1020_CM7_GCC.a(layers_conv2d_generic_float.o)
                              ./X-CUBE-AI/App/athlet.o (forward_dense)
../../Middlewares/ST/AI/Lib\NetworkRuntime1020_CM7_GCC.a(layers_nl_generic_float.o)
                              ./X-CUBE-AI/App/athlet.o (forward_sigmoid)
../../Middlewares/ST/AI/Lib\NetworkRuntime1020_CM7_GCC.a(layers_conv2d_integer_scratch.o)
                              ../../Middlewares/ST/AI/Lib\NetworkRuntime1020_CM7_GCC.a(layers.o) (get_dense_scratch_size_s8)
../../Middlewares/ST/AI/Lib\NetworkRuntime1020_CM7_GCC.a(forward_lite_conv2d_if32of32wf32.o)
                              ../../Middlewares/ST/AI/Lib\NetworkRuntime1020_CM7_GCC.a(layers_conv2d_generic_float.o) (forward_lite_conv2d_if32of32wf32)
../../Middlewares/ST/AI/Lib\NetworkRuntime1020_CM7_GCC.a(lite_nl_softmax_if32of32.o)
                              ../../Middlewares/ST/AI/Lib\NetworkRuntime1020_CM7_GCC.a(layers_nl_generic_float.o) (forward_lite_nl_softmax_if32of32_kernel)
../../Middlewares/ST/AI/Lib\NetworkRuntime1020_CM7_GCC.a(lite_nl_relu_if32of32.o)
                              ../../Middlewares/ST/AI/Lib\NetworkRuntime1020_CM7_GCC.a(layers_nl_generic_float.o) (forward_lite_nl_prelu_if32of32_kernel)
../../Middlewares/ST/AI/Lib\NetworkRuntime1020_CM7_GCC.a(lite_dense_if32.o)
                              ../../Middlewares/ST/AI/Lib\NetworkRuntime1020_CM7_GCC.a(layers_conv2d_generic_float.o) (lite_decompress_ilutof32)
../../Middlewares/ST/AI/Lib\NetworkRuntime1020_CM7_GCC.a(lite_nl_generic_float.o)
                              ../../Middlewares/ST/AI/Lib\NetworkRuntime1020_CM7_GCC.a(layers_nl_generic_float.o) (forward_lite_nl_softmax_if32of32)
../../Middlewares/ST/AI/Lib\NetworkRuntime1020_CM7_GCC.a(st_int8_fill.o)
                              ../../Middlewares/ST/AI/Lib\NetworkRuntime1020_CM7_GCC.a(ai_platform_interface.o) (st_int8_copy)
../../Middlewares/ST/AI/Lib\NetworkRuntime1020_CM7_GCC.a(ai_math_helpers.o)
                              ../../Middlewares/ST/AI/Lib\NetworkRuntime1020_CM7_GCC.a(layers_nl_generic_float.o) (ai_math_sqrt)
../../Middlewares/ST/AI/Lib\NetworkRuntime1020_CM7_GCC.a(ai_datatypes_format.o)
                              ../../Middlewares/ST/AI/Lib\NetworkRuntime1020_CM7_GCC.a(ai_platform_interface.o) (ai_array_to_buffer_fmt)
../../Middlewares/ST/AI/Lib\NetworkRuntime1020_CM7_GCC.a(ai_datatypes_internal.o)
                              ../../Middlewares/ST/AI/Lib\NetworkRuntime1020_CM7_GCC.a(ai_platform_interface.o) (ai_version_get)
../../Middlewares/ST/AI/Lib\NetworkRuntime1020_CM7_GCC.a(ai_math_elementwise_mul_int8.o)
                              ../../Middlewares/ST/AI/Lib\NetworkRuntime1020_CM7_GCC.a(ai_math_helpers.o) (ai_math_elementwise_mul_int8)
../../Middlewares/ST/AI/Lib\NetworkRuntime1020_CM7_GCC.a(ai_math_elementwise_sum_int8.o)
                              ../../Middlewares/ST/AI/Lib\NetworkRuntime1020_CM7_GCC.a(ai_math_helpers.o) (ai_math_elementwise_sum_int8)
../../Middlewares/ST/AI/Lib\NetworkRuntime1020_CM7_GCC.a(st_align_factor.o)
                              ../../Middlewares/ST/AI/Lib\NetworkRuntime1020_CM7_GCC.a(ai_math_helpers.o) (align_factor)
C:/ST/STM32CubeIDE_1.16.1/STM32CubeIDE/plugins/com.st.stm32cube.ide.mcu.externaltools.gnu-tools-for-stm32.13.3.rel1.win32_1.0.0.202411081344/tools/bin/../lib/gcc/arm-none-eabi/13.3.1/../../../../arm-none-eabi/lib/thumb/v7e-m+dp/hard\libc_nano.a(libc_a-exit.o)
                              C:/ST/STM32CubeIDE_1.16.1/STM32CubeIDE/plugins/com.st.stm32cube.ide.mcu.externaltools.gnu-tools-for-stm32.13.3.rel1.win32_1.0.0.202411081344/tools/bin/../lib/gcc/arm-none-eabi/13.3.1/../../../../arm-none-eabi/lib/thumb/v7e-m+dp/hard/crt0.o (exit)
C:/ST/STM32CubeIDE_1.16.1/STM32CubeIDE/plugins/com.st.stm32cube.ide.mcu.externaltools.gnu-tools-for-stm32.13.3.rel1.win32_1.0.0.202411081344/tools/bin/../lib/gcc/arm-none-eabi/13.3.1/../../../../arm-none-eabi/lib/thumb/v7e-m+dp/hard\libc_nano.a(libc_a-malloc.o)
[...]
Memory Configuration

Name             Origin             Length             Attributes
RAM_D1           0x24000000         0x00080000         xrw
FLASH            0x08000000         0x00100000         xr
DTCMRAM          0x20000000         0x00020000         xrw
RAM_D2           0x30000000         0x00048000         xrw
RAM_D3           0x38000000         0x00010000         xrw
ITCMRAM          0x00000000         0x00010000         xrw
*default*        0x00000000         0xffffffff

Linker script and memory map

LOAD C:/ST/STM32CubeIDE_1.16.1/STM32CubeIDE/plugins/com.st.stm32cube.ide.mcu.externaltools.gnu-tools-for-stm32.13.3.rel1.win32_1.0.0.202411081344/tools/bin/../lib/gcc/arm-none-eabi/13.3.1/thumb/v7e-m+dp/hard/crti.o
LOAD C:/ST/STM32CubeIDE_1.16.1/STM32CubeIDE/plugins/com.st.stm32cube.ide.mcu.externaltools.gnu-tools-for-stm32.13.3.rel1.win32_1.0.0.202411081344/tools/bin/../lib/gcc/arm-none-eabi/13.3.1/thumb/v7e-m+dp/hard/crtbegin.o
LOAD C:/ST/STM32CubeIDE_1.16.1/STM32CubeIDE/plugins/com.st.stm32cube.ide.mcu.externaltools.gnu-tools-for-stm32.13.3.rel1.win32_1.0.0.202411081344/tools/bin/../lib/gcc/arm-none-eabi/13.3.1/../../../../arm-none-eabi/lib/thumb/v7e-m+dp/hard/crt0.o
LOAD ./Common/Src/system_stm32h7xx_dualcore_boot_cm4_cm7.o
LOAD ./Core/Src/freertos.o
LOAD ./Core/Src/main.o
LOAD ./Core/Src/stm32h7xx_hal_msp.o
LOAD ./Core/Src/stm32h7xx_it.o
LOAD ./Core/Src/syscalls.o
LOAD ./Core/Src/sysmem.o
LOAD ./Core/Startup/startup_stm32h745zitx.o
LOAD ./Drivers/STM32H7xx_HAL_Driver/stm32h7xx_hal.o
LOAD ./Drivers/STM32H7xx_HAL_Driver/stm32h7xx_hal_cortex.o
LOAD ./Drivers/STM32H7xx_HAL_Driver/stm32h7xx_hal_dma.o
LOAD ./Drivers/STM32H7xx_HAL_Driver/stm32h7xx_hal_dma_ex.o
LOAD ./Drivers/STM32H7xx_HAL_Driver/stm32h7xx_hal_exti.o
LOAD ./Drivers/STM32H7xx_HAL_Driver/stm32h7xx_hal_flash.o
LOAD ./Drivers/STM32H7xx_HAL_Driver/stm32h7xx_hal_flash_ex.o
LOAD ./Drivers/STM32H7xx_HAL_Driver/stm32h7xx_hal_gpio.o
LOAD ./Drivers/STM32H7xx_HAL_Driver/stm32h7xx_hal_hsem.o
LOAD ./Drivers/STM32H7xx_HAL_Driver/stm32h7xx_hal_i2c.o
LOAD ./Drivers/STM32H7xx_HAL_Driver/stm32h7xx_hal_i2c_ex.o
LOAD ./Drivers/STM32H7xx_HAL_Driver/stm32h7xx_hal_mdma.o
LOAD ./Drivers/STM32H7xx_HAL_Driver/stm32h7xx_hal_pwr.o
LOAD ./Drivers/STM32H7xx_HAL_Driver/stm32h7xx_hal_pwr_ex.o
LOAD ./Drivers/STM32H7xx_HAL_Driver/stm32h7xx_hal_rcc.o
LOAD ./Drivers/STM32H7xx_HAL_Driver/stm32h7xx_hal_rcc_ex.o
LOAD ./Middlewares/Third_Party/FreeRTOS/cmsis_os2.o
LOAD ./Middlewares/Third_Party/FreeRTOS/croutine.o
LOAD ./Middlewares/Third_Party/FreeRTOS/event_groups.o
LOAD ./Middlewares/Third_Party/FreeRTOS/heap_4.o
LOAD ./Middlewares/Third_Party/FreeRTOS/list.o
LOAD ./Middlewares/Third_Party/FreeRTOS/port.o
LOAD ./Middlewares/Third_Party/FreeRTOS/queue.o
LOAD ./Middlewares/Third_Party/FreeRTOS/stream_buffer.o
LOAD ./Middlewares/Third_Party/FreeRTOS/tasks.o
LOAD ./Middlewares/Third_Party/FreeRTOS/timers.o
LOAD ./X-CUBE-AI/App/athlet.o
LOAD ./X-CUBE-AI/App/athlet_data.o
LOAD ./X-CUBE-AI/App/athlet_data_params.o
LOAD ../../Middlewares/ST/AI/Lib\NetworkRuntime1020_CM7_GCC.a
START GROUP
LOAD C:/ST/STM32CubeIDE_1.16.1/STM32CubeIDE/plugins/com.st.stm32cube.ide.mcu.externaltools.gnu-tools-for-stm32.13.3.rel1.win32_1.0.0.202411081344/tools/bin/../lib/gcc/arm-none-eabi/13.3.1/../../../../arm-none-eabi/lib/thumb/v7e-m+dp/hard\libc_nano.a
LOAD C:/ST/STM32CubeIDE_1.16.1/STM32CubeIDE/plugins/com.st.stm32cube.ide.mcu.externaltools.gnu-tools-for-stm32.13.3.rel1.win32_1.0.0.202411081344/tools/bin/../lib/gcc/arm-none-eabi/13.3.1/../../../../arm-none-eabi/lib/thumb/v7e-m+dp/hard\libm.a
END GROUP
START GROUP
LOAD C:/ST/STM32CubeIDE_1.16.1/STM32CubeIDE/plugins/com.st.stm32cube.ide.mcu.externaltools.gnu-tools-for-stm32.13.3.rel1.win32_1.0.0.202411081344/tools/bin/../lib/gcc/arm-none-eabi/13.3.1/thumb/v7e-m+dp/hard\libgcc.a
LOAD C:/ST/STM32CubeIDE_1.16.1/STM32CubeIDE/plugins/com.st.stm32cube.ide.mcu.externaltools.gnu-tools-for-stm32.13.3.rel1.win32_1.0.0.202411081344/tools/bin/../lib/gcc/arm-none-eabi/13.3.1/../../../../arm-none-eabi/lib/thumb/v7e-m+dp/hard\libc_nano.a
END GROUP
START GROUP
LOAD C:/ST/STM32CubeIDE_1.16.1/STM32CubeIDE/plugins/com.st.stm32cube.ide.mcu.externaltools.gnu-tools-for-stm32.13.3.rel1.win32_1.0.0.202411081344/tools/bin/../lib/gcc/arm-none-eabi/13.3.1/thumb/v7e-m+dp/hard\libgcc.a
LOAD C:/ST/STM32CubeIDE_1.16.1/STM32CubeIDE/plugins/com.st.stm32cube.ide.mcu.externaltools.gnu-tools-for-stm32.13.3.rel1.win32_1.0.0.202411081344/tools/bin/../lib/gcc/arm-none-eabi/13.3.1/../../../../arm-none-eabi/lib/thumb/v7e-m+dp/hard\libc_nano.a
LOAD C:/ST/STM32CubeIDE_1.16.1/STM32CubeIDE/plugins/com.st.stm32cube.ide.mcu.externaltools.gnu-tools-for-stm32.13.3.rel1.win32_1.0.0.202411081344/tools/bin/../lib/gcc/arm-none-eabi/13.3.1/../../../../arm-none-eabi/lib/thumb/v7e-m+dp/hard\libnosys.a
END GROUP
START GROUP
LOAD C:/ST/STM32CubeIDE_1.16.1/STM32CubeIDE/plugins/com.st.stm32cube.ide.mcu.externaltools.gnu-tools-for-stm32.13.3.rel1.win32_1.0.0.202411081344/tools/bin/../lib/gcc/arm-none-eabi/13.3.1/thumb/v7e-m+dp/hard\libgcc.a
LOAD C:/ST/STM32CubeIDE_1.16.1/STM32CubeIDE/plugins/com.st.stm32cube.ide.mcu.externaltools.gnu-tools-for-stm32.13.3.rel1.win32_1.0.0.202411081344/tools/bin/../lib/gcc/arm-none-eabi/13.3.1/../../../../arm-none-eabi/lib/thumb/v7e-m+dp/hard\libc_nano.a
LOAD C:/ST/STM32CubeIDE_1.16.1/STM32CubeIDE/plugins/com.st.stm32cube.ide.mcu.externaltools.gnu-tools-for-stm32.13.3.rel1.win32_1.0.0.202411081344/tools/bin/../lib/gcc/arm-none-eabi/13.3.1/../../../../arm-none-eabi/lib/thumb/v7e-m+dp/hard\libnosys.a
END GROUP
LOAD C:/ST/STM32CubeIDE_1.16.1/STM32CubeIDE/plugins/com.st.stm32cube.ide.mcu.externaltools.gnu-tools-for-stm32.13.3.rel1.win32_1.0.0.202411081344/tools/bin/../lib/gcc/arm-none-eabi/13.3.1/thumb/v7e-m+dp/hard/crtend.o
LOAD C:/ST/STM32CubeIDE_1.16.1/STM32CubeIDE/plugins/com.st.stm32cube.ide.mcu.externaltools.gnu-tools-for-stm32.13.3.rel1.win32_1.0.0.202411081344/tools/bin/../lib/gcc/arm-none-eabi/13.3.1/thumb/v7e-m+dp/hard/crtn.o
                0x24080000                        _estack = (ORIGIN (RAM_D1) + LENGTH (RAM_D1))
                0x00000800                        _Min_Heap_Size = 0x800
                0x00000800                        _Min_Stack_Size = 0x800

.isr_vector     0x08000000      0x298
                0x08000000                        . = ALIGN (0x4)
 *(.isr_vector)
 .isr_vector    0x08000000      0x298 ./Core/Startup/startup_stm32h745zitx.o
                0x08000000                g_pfnVectors
                0x08000298                        . = ALIGN (0x4)

.text           0x080002a0     0x6904
                0x080002a0                        . = ALIGN (0x4)
 *(.text)
 .text          0x080002a0       0x40 C:/ST/STM32CubeIDE_1.16.1/STM32CubeIDE/plugins/com.st.stm32cube.ide.mcu.externaltools.gnu-tools-for-stm32.13.3.rel1.win32_1.0.0.202411081344/tools/bin/../lib/gcc/arm-none-eabi/13.3.1/thumb/v7e-m+dp/hard/crtbegin.o
 *(.text*)
 .text.SystemInit
                0x080002e0      0x15c ./Common/Src/system_stm32h7xx_dualcore_boot_cm4_cm7.o
                0x080002e0                SystemInit
 .text.ExitRun0Mode
                0x0800043c       0x34 ./Common/Src/system_stm32h7xx_dualcore_boot_cm4_cm7.o
                0x0800043c                ExitRun0Mode
 .text.main     0x08000470      0x214 ./Core/Src/main.o
                0x08000470                main
 .text.SystemClock_Config
                0x08000684       0xf8 ./Core/Src/main.o
                0x08000684                SystemClock_Config
 .text.MX_DMA_Init
                0x0800077c       0x34 ./Core/Src/main.o
 .text.Mailbox_Init
                0x080007b0       0x1e ./Core/Src/main.o
 *fill*         0x080007ce        0x2 
 .text.AI_Init  0x080007d0       0xe4 ./Core/Src/main.o
 .text.AI_RunOnce
                0x080008b4       0x70 ./Core/Src/main.o
 .text.StartDefaultTask
                0x08000924       0x10 ./Core/Src/main.o
                0x08000924                StartDefaultTask
 .text.MPU_Config
                0x08000934       0x58 ./Core/Src/main.o
 .text.Error_Handler
                0x0800098c        0xc ./Core/Src/main.o
                0x0800098c                Error_Handler
 .text.HAL_MspInit
                0x08000998       0x3c ./Core/Src/stm32h7xx_hal_msp.o
                0x08000998                HAL_MspInit
 .text.NMI_Handler
                0x080009d4        0x8 ./Core/Src/stm32h7xx_it.o
                0x080009d4                NMI_Handler
 .text.HardFault_Handler
                0x080009dc        0x8 ./Core/Src/stm32h7xx_it.o
                0x080009dc                HardFault_Handler
 .text.MemManage_Handler
                0x080009e4        0x8 ./Core/Src/stm32h7xx_it.o
                0x080009e4                MemManage_Handler
 .text.BusFault_Handler
                0x080009ec        0x8 ./Core/Src/stm32h7xx_it.o
                0x080009ec                BusFault_Handler
 .text.UsageFault_Handler
                0x080009f4        0x8 ./Core/Src/stm32h7xx_it.o
                0x080009f4                UsageFault_Handler
 .text.DebugMon_Handler
                0x080009fc        0xe ./Core/Src/stm32h7xx_it.o
                0x080009fc                DebugMon_Handler
 .text.SysTick_Handler
                0x08000a0a       0x1a ./Core/Src/stm32h7xx_it.o
                0x08000a0a                SysTick_Handler
 .text.Reset_Handler
                0x08000a24       0x54 ./Core/Startup/startup_stm32h745zitx.o
                0x08000a24                Reset_Handler
 .text.Default_Handler
                0x08000a78        0x2 ./Core/Startup/startup_stm32h745zitx.o
                0x08000a78                RTC_Alarm_IRQHandler
                0x08000a78                EXTI2_IRQHandler
                0x08000a78                TIM8_CC_IRQHandler
                0x08000a78                HRTIM1_Master_IRQHandler
                0x08000a78                UART8_IRQHandler
                0x08000a78                SPI4_IRQHandler
                0x08000a78                TIM1_CC_IRQHandler
                0x08000a78                BDMA_Channel6_IRQHandler
                0x08000a78                DMA2_Stream5_IRQHandler
                0x08000a78                HRTIM1_FLT_IRQHandler
                0x08000a78                JPEG_IRQHandler
                0x08000a78                DMA1_Stream5_IRQHandler
                0x08000a78                BDMA_Channel1_IRQHandler
                0x08000a78                HRTIM1_TIMD_IRQHandler
                0x08000a78                TAMP_STAMP_IRQHandler
                0x08000a78                EXTI3_IRQHandler
                0x08000a78                LPTIM4_IRQHandler
                0x08000a78                TIM8_TRG_COM_TIM14_IRQHandler
                0x08000a78                LPTIM2_IRQHandler
                0x08000a78                DFSDM1_FLT1_IRQHandler
                0x08000a78                DMAMUX2_OVR_IRQHandler
                0x08000a78                TIM8_UP_TIM13_IRQHandler
                0x08000a78                I2C3_ER_IRQHandler
                0x08000a78                DFSDM1_FLT2_IRQHandler
                0x08000a78                MDMA_IRQHandler
                0x08000a78                LPTIM3_IRQHandler
                0x08000a78                HSEM1_IRQHandler
                0x08000a78                EXTI0_IRQHandler
                0x08000a78                I2C2_EV_IRQHandler
                0x08000a78                DMA1_Stream2_IRQHandler
                0x08000a78                FPU_IRQHandler
                0x08000a78                OTG_HS_WKUP_IRQHandler
                0x08000a78                FDCAN1_IT1_IRQHandler
                0x08000a78                LTDC_ER_IRQHandler
                0x08000a78                DMA2_Stream2_IRQHandler
                0x08000a78                HRTIM1_TIME_IRQHandler
                0x08000a78                SPI1_IRQHandler
                0x08000a78                TIM6_DAC_IRQHandler
                0x08000a78                DCMI_IRQHandler
                0x08000a78                HRTIM1_TIMC_IRQHandler
                0x08000a78                DMA2_Stream3_IRQHandler
                0x08000a78                SAI2_IRQHandler
                0x08000a78                DFSDM1_FLT3_IRQHandler
                0x08000a78                USART6_IRQHandler
                0x08000a78                TIM17_IRQHandler
                0x08000a78                USART3_IRQHandler
                0x08000a78                BDMA_Channel7_IRQHandler
                0x08000a78                LPTIM5_IRQHandler
                0x08000a78                UART5_IRQHandler
                0x08000a78                ADC3_IRQHandler
                0x08000a78                DMA2_Stream0_IRQHandler
                0x08000a78                TIM4_IRQHandler
                0x08000a78                BDMA_Channel2_IRQHandler
                0x08000a78                QUADSPI_IRQHandler
                0x08000a78                I2C1_EV_IRQHandler
                0x08000a78                DMA1_Stream6_IRQHandler
                0x08000a78                DMAMUX1_OVR_IRQHandler
                0x08000a78                DMA1_Stream1_IRQHandler
                0x08000a78                TIM16_IRQHandler
                0x08000a78                UART4_IRQHandler
                0x08000a78                BDMA_Channel5_IRQHandler
                0x08000a78                TIM3_IRQHandler
                0x08000a78                RCC_IRQHandler
                0x08000a78                TIM8_BRK_TIM12_IRQHandler
                0x08000a78                TIM1_TRG_COM_IRQHandler
                0x08000a78                Default_Handler
                0x08000a78                ECC_IRQHandler
                0x08000a78                CEC_IRQHandler
                0x08000a78                EXTI15_10_IRQHandler
                0x08000a78                BDMA_Channel0_IRQHandler
                0x08000a78                ADC_IRQHandler
                0x08000a78                DMA1_Stream7_IRQHandler
                0x08000a78                HRTIM1_TIMA_IRQHandler
                0x08000a78                SPI5_IRQHandler
                0x08000a78                TIM7_IRQHandler
                0x08000a78                SDMMC1_IRQHandler
                0x08000a78                TIM5_IRQHandler
                0x08000a78                DMA2_Stream7_IRQHandler
                0x08000a78                TIM15_IRQHandler
                0x08000a78                PVD_AVD_IRQHandler
                0x08000a78                I2C3_EV_IRQHandler
                0x08000a78                EXTI9_5_IRQHandler
                0x08000a78                RTC_WKUP_IRQHandler
                0x08000a78                LTDC_IRQHandler
                0x08000a78                SAI3_IRQHandler
                0x08000a78                ETH_WKUP_IRQHandler
                0x08000a78                SPDIF_RX_IRQHandler
                0x08000a78                SPI2_IRQHandler
                0x08000a78                OTG_HS_EP1_IN_IRQHandler
                0x08000a78                DMA1_Stream0_IRQHandler
                0x08000a78                CRS_IRQHandler
                0x08000a78                CM7_SEV_IRQHandler
                0x08000a78                EXTI4_IRQHandler
                0x08000a78                RNG_IRQHandler
                0x08000a78                CM4_SEV_IRQHandler
                0x08000a78                HRTIM1_TIMB_IRQHandler
                0x08000a78                FDCAN2_IT1_IRQHandler
                0x08000a78                ETH_IRQHandler
                0x08000a78                TIM1_UP_IRQHandler
                0x08000a78                WWDG_RST_IRQHandler
                0x08000a78                BDMA_Channel4_IRQHandler
                0x08000a78                OTG_HS_EP1_OUT_IRQHandler
                0x08000a78                WWDG_IRQHandler
                0x08000a78                SPI6_IRQHandler
                0x08000a78                MDIOS_IRQHandler
                0x08000a78                I2C4_EV_IRQHandler
                0x08000a78                FDCAN2_IT0_IRQHandler
                0x08000a78                LPUART1_IRQHandler
                0x08000a78                FDCAN1_IT0_IRQHandler
                0x08000a78                TIM2_IRQHandler
                0x08000a78                OTG_FS_WKUP_IRQHandler
                0x08000a78                OTG_HS_IRQHandler
                0x08000a78                HSEM2_IRQHandler
                0x08000a78                DMA2D_IRQHandler
                0x08000a78                TIM1_BRK_IRQHandler
                0x08000a78                EXTI1_IRQHandler
                0x08000a78                SDMMC2_IRQHandler
                0x08000a78                OTG_FS_EP1_OUT_IRQHandler
                0x08000a78                BDMA_Channel3_IRQHandler
                0x08000a78                HOLD_CORE_IRQHandler
                0x08000a78                UART7_IRQHandler
                0x08000a78                MDIOS_WKUP_IRQHandler
                0x08000a78                USART2_IRQHandler
                0x08000a78                DFSDM1_FLT0_IRQHandler
                0x08000a78                SAI4_IRQHandler
                0x08000a78                I2C2_ER_IRQHandler
                0x08000a78                DMA2_Stream1_IRQHandler
                0x08000a78                FLASH_IRQHandler
                0x08000a78                DMA2_Stream4_IRQHandler
                0x08000a78                USART1_IRQHandler
                0x08000a78                OTG_FS_IRQHandler
                0x08000a78                SPI3_IRQHandler
                0x08000a78                WAKEUP_PIN_IRQHandler
                0x08000a78                DMA1_Stream4_IRQHandler
                0x08000a78                OTG_FS_EP1_IN_IRQHandler
                0x08000a78                I2C1_ER_IRQHandler
                0x08000a78                FMC_IRQHandler
                0x08000a78                FDCAN_CAL_IRQHandler
                0x08000a78                SWPMI1_IRQHandler
                0x08000a78                COMP1_IRQHandler
                0x08000a78                LPTIM1_IRQHandler
                0x08000a78                I2C4_ER_IRQHandler
                0x08000a78                DMA2_Stream6_IRQHandler
                0x08000a78                SAI1_IRQHandler
                0x08000a78                DMA1_Stream3_IRQHandler
 *fill*         0x08000a7a        0x2 
 .text.HAL_Init
                0x08000a7c       0x78 ./Drivers/STM32H7xx_HAL_Driver/stm32h7xx_hal.o
                0x08000a7c                HAL_Init
 .text.HAL_InitTick
                0x08000af4       0x6c ./Drivers/STM32H7xx_HAL_Driver/stm32h7xx_hal.o
                0x08000af4                HAL_InitTick
 .text.HAL_IncTick
                0x08000b60       0x28 ./Drivers/STM32H7xx_HAL_Driver/stm32h7xx_hal.o
                0x08000b60                HAL_IncTick
 .text.HAL_GetTick
                0x08000b88       0x18 ./Drivers/STM32H7xx_HAL_Driver/stm32h7xx_hal.o
                0x08000b88                HAL_GetTick
 .text.HAL_GetREVID
                0x08000ba0       0x18 ./Drivers/STM32H7xx_HAL_Driver/stm32h7xx_hal.o
                0x08000ba0                HAL_GetREVID
 .text.__NVIC_SetPriorityGrouping
                0x08000bb8       0x48 ./Drivers/STM32H7xx_HAL_Driver/stm32h7xx_hal_cortex.o
 .text.__NVIC_GetPriorityGrouping
                0x08000c00       0x1c ./Drivers/STM32H7xx_HAL_Driver/stm32h7xx_hal_cortex.o
 .text.__NVIC_EnableIRQ
                0x08000c1c       0x3c ./Drivers/STM32H7xx_HAL_Driver/stm32h7xx_hal_cortex.o
 .text.__NVIC_SetPriority
                0x08000c58       0x54 ./Drivers/STM32H7xx_HAL_Driver/stm32h7xx_hal_cortex.o
 .text.NVIC_EncodePriority
                0x08000cac       0x66 ./Drivers/STM32H7xx_HAL_Driver/stm32h7xx_hal_cortex.o
 *fill*         0x08000d12        0x2 
 .text.SysTick_Config
                0x08000d14       0x44 ./Drivers/STM32H7xx_HAL_Driver/stm32h7xx_hal_cortex.o
 .text.HAL_NVIC_SetPriorityGrouping
                0x08000d58       0x16 ./Drivers/STM32H7xx_HAL_Driver/stm32h7xx_hal_cortex.o
                0x08000d58                HAL_NVIC_SetPriorityGrouping
 .text.HAL_NVIC_SetPriority
                0x08000d6e       0x34 ./Drivers/STM32H7xx_HAL_Driver/stm32h7xx_hal_cortex.o
                0x08000d6e                HAL_NVIC_SetPriority
 .text.HAL_NVIC_EnableIRQ
                0x08000da2       0x1c ./Drivers/STM32H7xx_HAL_Driver/stm32h7xx_hal_cortex.o
                0x08000da2                HAL_NVIC_EnableIRQ
 .text.HAL_SYSTICK_Config
                0x08000dbe       0x18 ./Drivers/STM32H7xx_HAL_Driver/stm32h7xx_hal_cortex.o
                0x08000dbe                HAL_SYSTICK_Config
 *fill*         0x08000dd6        0x2 
 .text.HAL_MPU_Disable
                0x08000dd8       0x30 ./Drivers/STM32H7xx_HAL_Driver/stm32h7xx_hal_cortex.o
                0x08000dd8                HAL_MPU_Disable
 .text.HAL_MPU_Enable
                0x08000e08       0x40 ./Drivers/STM32H7xx_HAL_Driver/stm32h7xx_hal_cortex.o
                0x08000e08                HAL_MPU_Enable
 .text.HAL_MPU_ConfigRegion
                0x08000e48       0x80 ./Drivers/STM32H7xx_HAL_Driver/stm32h7xx_hal_cortex.o
                0x08000e48                HAL_MPU_ConfigRegion
 .text.HAL_HSEM_FastTake
                0x08000ec8       0x34 ./Drivers/STM32H7xx_HAL_Driver/stm32h7xx_hal_hsem.o
                0x08000ec8                HAL_HSEM_FastTake
 .text.HAL_HSEM_Release
                0x08000efc       0x28 ./Drivers/STM32H7xx_HAL_Driver/stm32h7xx_hal_hsem.o
                0x08000efc                HAL_HSEM_Release
 .text.HAL_HSEM_ActivateNotification
                0x08000f24       0x24 ./Drivers/STM32H7xx_HAL_Driver/stm32h7xx_hal_hsem.o
                0x08000f24                HAL_HSEM_ActivateNotification
 .text.HAL_PWREx_ConfigSupply
                0x08000f48       0xb4 ./Drivers/STM32H7xx_HAL_Driver/stm32h7xx_hal_pwr_ex.o
                0x08000f48                HAL_PWREx_ConfigSupply
 .text.HAL_RCC_OscConfig
                0x08000ffc      0x8b4 ./Drivers/STM32H7xx_HAL_Driver/stm32h7xx_hal_rcc.o
                0x08000ffc                HAL_RCC_OscConfig
 .text.HAL_RCC_ClockConfig
                0x080018b0      0x36c ./Drivers/STM32H7xx_HAL_Driver/stm32h7xx_hal_rcc.o
                0x080018b0                HAL_RCC_ClockConfig
 .text.HAL_RCC_GetSysClockFreq
                0x08001c1c      0x2f4 ./Drivers/STM32H7xx_HAL_Driver/stm32h7xx_hal_rcc.o
                0x08001c1c                HAL_RCC_GetSysClockFreq
 .text.__NVIC_SetPriority
                0x08001f10       0x54 ./Middlewares/Third_Party/FreeRTOS/cmsis_os2.o
 .text.SVC_Setup
                0x08001f64       0x12 ./Middlewares/Third_Party/FreeRTOS/cmsis_os2.o
 *fill*         0x08001f76        0x2 
 .text.osKernelInitialize
                0x08001f78       0x48 ./Middlewares/Third_Party/FreeRTOS/cmsis_os2.o
                0x08001f78                osKernelInitialize
 .text.osKernelStart
                0x08001fc0       0x4c ./Middlewares/Third_Party/FreeRTOS/cmsis_os2.o
                0x08001fc0                osKernelStart
 .text.osThreadNew
                0x0800200c      0x124 ./Middlewares/Third_Party/FreeRTOS/cmsis_os2.o
                0x0800200c                osThreadNew
 .text.osDelay  0x08002130       0x36 ./Middlewares/Third_Party/FreeRTOS/cmsis_os2.o
                0x08002130                osDelay
 *fill*         0x08002166        0x2 
 .text.vApplicationGetIdleTaskMemory
                0x08002168       0x34 ./Middlewares/Third_Party/FreeRTOS/cmsis_os2.o
                0x08002168                vApplicationGetIdleTaskMemory
 .text.vApplicationGetTimerTaskMemory
                0x0800219c       0x34 ./Middlewares/Third_Party/FreeRTOS/cmsis_os2.o
                0x0800219c                vApplicationGetTimerTaskMemory
 .text.pvPortMalloc
                0x080021d0      0x19c ./Middlewares/Third_Party/FreeRTOS/heap_4.o
                0x080021d0                pvPortMalloc
 .text.vPortFree
                0x0800236c       0xc8 ./Middlewares/Third_Party/FreeRTOS/heap_4.o
                0x0800236c                vPortFree
 .text.prvHeapInit
                0x08002434       0xc4 ./Middlewares/Third_Party/FreeRTOS/heap_4.o
 .text.prvInsertBlockIntoFreeList
                0x080024f8       0xb4 ./Middlewares/Third_Party/FreeRTOS/heap_4.o
 .text.vListInitialise
                0x080025ac       0x40 ./Middlewares/Third_Party/FreeRTOS/list.o
                0x080025ac                vListInitialise
 .text.vListInitialiseItem
                0x080025ec       0x1a ./Middlewares/Third_Party/FreeRTOS/list.o
                0x080025ec                vListInitialiseItem
 .text.vListInsertEnd
                0x08002606       0x48 ./Middlewares/Third_Party/FreeRTOS/list.o
                0x08002606                vListInsertEnd
 .text.vListInsert
                0x0800264e       0x72 ./Middlewares/Third_Party/FreeRTOS/list.o
                0x0800264e                vListInsert
 .text.uxListRemove
                0x080026c0       0x54 ./Middlewares/Third_Party/FreeRTOS/list.o
                0x080026c0                uxListRemove
 .text.pxPortInitialiseStack
                0x08002714       0x68 ./Middlewares/Third_Party/FreeRTOS/port.o
                0x08002714                pxPortInitialiseStack
 .text.prvTaskExitError
                0x0800277c       0x5c ./Middlewares/Third_Party/FreeRTOS/port.o
 *fill*         0x080027d8        0x8 
 .text.SVC_Handler
                0x080027e0       0x28 ./Middlewares/Third_Party/FreeRTOS/port.o
                0x080027e0                SVC_Handler
 .text.prvPortStartFirstTask
                0x08002808       0x28 ./Middlewares/Third_Party/FreeRTOS/port.o
 .text.xPortStartScheduler
                0x08002830      0x148 ./Middlewares/Third_Party/FreeRTOS/port.o
                0x08002830                xPortStartScheduler
 .text.vPortEnterCritical
                0x08002978       0x64 ./Middlewares/Third_Party/FreeRTOS/port.o
                0x08002978                vPortEnterCritical
 .text.vPortExitCritical
                0x080029dc       0x54 ./Middlewares/Third_Party/FreeRTOS/port.o
                0x080029dc                vPortExitCritical
 .text.PendSV_Handler
                0x08002a30       0x68 ./Middlewares/Third_Party/FreeRTOS/port.o
                0x08002a30                PendSV_Handler
 .text.xPortSysTickHandler
                0x08002a98       0x44 ./Middlewares/Third_Party/FreeRTOS/port.o
                0x08002a98                xPortSysTickHandler
 .text.vPortSetupTimerInterrupt
                0x08002adc       0x48 ./Middlewares/Third_Party/FreeRTOS/port.o
                0x08002adc                vPortSetupTimerInterrupt
 .text.vPortEnableVFP
                0x08002b24       0x14 ./Middlewares/Third_Party/FreeRTOS/port.o
 .text.vPortValidateInterruptPriority
                0x08002b38       0x84 ./Middlewares/Third_Party/FreeRTOS/port.o
                0x08002b38                vPortValidateInterruptPriority
 .text.xQueueGenericReset
                0x08002bbc       0xd4 ./Middlewares/Third_Party/FreeRTOS/queue.o
                0x08002bbc                xQueueGenericReset
 .text.xQueueGenericCreateStatic
                0x08002c90       0xfa ./Middlewares/Third_Party/FreeRTOS/queue.o
                0x08002c90                xQueueGenericCreateStatic
 .text.prvInitialiseNewQueue
                0x08002d8a       0x46 ./Middlewares/Third_Party/FreeRTOS/queue.o
 .text.xQueueGenericSend
                0x08002dd0      0x204 ./Middlewares/Third_Party/FreeRTOS/queue.o
                0x08002dd0                xQueueGenericSend
 .text.xQueueGenericSendFromISR
                0x08002fd4      0x13c ./Middlewares/Third_Party/FreeRTOS/queue.o
                0x08002fd4                xQueueGenericSendFromISR
 .text.xQueueReceive
                0x08003110      0x1c4 ./Middlewares/Third_Party/FreeRTOS/queue.o
                0x08003110                xQueueReceive
 .text.prvCopyDataToQueue
                0x080032d4       0xd4 ./Middlewares/Third_Party/FreeRTOS/queue.o
 .text.prvCopyDataFromQueue
                0x080033a8       0x4c ./Middlewares/Third_Party/FreeRTOS/queue.o
 .text.prvUnlockQueue
                0x080033f4       0xa4 ./Middlewares/Third_Party/FreeRTOS/queue.o
 .text.prvIsQueueEmpty
                0x08003498       0x2c ./Middlewares/Third_Party/FreeRTOS/queue.o
 .text.prvIsQueueFull
                0x080034c4       0x30 ./Middlewares/Third_Party/FreeRTOS/queue.o
 .text.vQueueAddToRegistry
                0x080034f4       0x54 ./Middlewares/Third_Party/FreeRTOS/queue.o
                0x080034f4                vQueueAddToRegistry
 .text.vQueueWaitForMessageRestricted
                0x08003548       0x68 ./Middlewares/Third_Party/FreeRTOS/queue.o
                0x08003548                vQueueWaitForMessageRestricted
 .text.xTaskCreateStatic
                0x080035b0       0xc0 ./Middlewares/Third_Party/FreeRTOS/tasks.o
                0x080035b0                xTaskCreateStatic
 .text.xTaskCreate
                0x08003670       0x8a ./Middlewares/Third_Party/FreeRTOS/tasks.o
                0x08003670                xTaskCreate
 .text.prvInitialiseNewTask
                0x080036fa      0x120 ./Middlewares/Third_Party/FreeRTOS/tasks.o
 *fill*         0x0800381a        0x2 
 .text.prvAddNewTaskToReadyList
                0x0800381c       0xe0 ./Middlewares/Third_Party/FreeRTOS/tasks.o
 .text.vTaskDelay
                0x080038fc       0x6c ./Middlewares/Third_Party/FreeRTOS/tasks.o
                0x080038fc                vTaskDelay
 .text.vTaskStartScheduler
                0x08003968       0xd0 ./Middlewares/Third_Party/FreeRTOS/tasks.o
                0x08003968                vTaskStartScheduler
 .text.vTaskSuspendAll
                0x08003a38       0x1c ./Middlewares/Third_Party/FreeRTOS/tasks.o
                0x08003a38                vTaskSuspendAll
 .text.xTaskResumeAll
                0x08003a54      0x13c ./Middlewares/Third_Party/FreeRTOS/tasks.o
                0x08003a54                xTaskResumeAll
 .text.xTaskGetTickCount
                0x08003b90       0x20 ./Middlewares/Third_Party/FreeRTOS/tasks.o
                0x08003b90                xTaskGetTickCount
 .text.xTaskIncrementTick
                0x08003bb0      0x174 ./Middlewares/Third_Party/FreeRTOS/tasks.o
                0x08003bb0                xTaskIncrementTick
 .text.vTaskSwitchContext
                0x08003d24       0xbc ./Middlewares/Third_Party/FreeRTOS/tasks.o
                0x08003d24                vTaskSwitchContext
 .text.vTaskPlaceOnEventList
                0x08003de0       0x4c ./Middlewares/Third_Party/FreeRTOS/tasks.o
                0x08003de0                vTaskPlaceOnEventList
 .text.vTaskPlaceOnEventListRestricted
                0x08003e2c       0x58 ./Middlewares/Third_Party/FreeRTOS/tasks.o
                0x08003e2c                vTaskPlaceOnEventListRestricted
 .text.xTaskRemoveFromEventList
                0x08003e84       0xc8 ./Middlewares/Third_Party/FreeRTOS/tasks.o
                0x08003e84                xTaskRemoveFromEventList
 .text.vTaskInternalSetTimeOutState
                0x08003f4c       0x2c ./Middlewares/Third_Party/FreeRTOS/tasks.o
                0x08003f4c                vTaskInternalSetTimeOutState
 .text.xTaskCheckForTimeOut
                0x08003f78       0xc8 ./Middlewares/Third_Party/FreeRTOS/tasks.o
                0x08003f78                xTaskCheckForTimeOut
 .text.vTaskMissedYield
                0x08004040       0x18 ./Middlewares/Third_Party/FreeRTOS/tasks.o
                0x08004040                vTaskMissedYield
 .text.prvIdleTask
                0x08004058       0x30 ./Middlewares/Third_Party/FreeRTOS/tasks.o
 .text.prvInitialiseTaskLists
                0x08004088       0x80 ./Middlewares/Third_Party/FreeRTOS/tasks.o
 .text.prvCheckTasksWaitingTermination
                0x08004108       0x5c ./Middlewares/Third_Party/FreeRTOS/tasks.o
 .text.prvDeleteTCB
                0x08004164       0x60 ./Middlewares/Third_Party/FreeRTOS/tasks.o
 .text.prvResetNextTaskUnblockTime
                0x080041c4       0x40 ./Middlewares/Third_Party/FreeRTOS/tasks.o
 .text.xTaskGetSchedulerState
                0x08004204       0x3c ./Middlewares/Third_Party/FreeRTOS/tasks.o
                0x08004204                xTaskGetSchedulerState
 .text.xTaskPriorityDisinherit
                0x08004240       0xe0 ./Middlewares/Third_Party/FreeRTOS/tasks.o
                0x08004240                xTaskPriorityDisinherit
 .text.prvAddCurrentTaskToDelayedList
                0x08004320       0xa8 ./Middlewares/Third_Party/FreeRTOS/tasks.o
 .text.xTimerCreateTimerTask
                0x080043c8       0x94 ./Middlewares/Third_Party/FreeRTOS/timers.o
                0x080043c8                xTimerCreateTimerTask
 .text.xTimerGenericCommand
                0x0800445c       0x9c ./Middlewares/Third_Party/FreeRTOS/timers.o
                0x0800445c                xTimerGenericCommand
 .text.prvProcessExpiredTimer
                0x080044f8       0x9c ./Middlewares/Third_Party/FreeRTOS/timers.o
 .text.prvTimerTask
                0x08004594       0x26 ./Middlewares/Third_Party/FreeRTOS/timers.o
 *fill*         0x080045ba        0x2 
 .text.prvProcessTimerOrBlockTask
                0x080045bc       0x9c ./Middlewares/Third_Party/FreeRTOS/timers.o
 .text.prvGetNextExpireTime
                0x08004658       0x48 ./Middlewares/Third_Party/FreeRTOS/timers.o
 .text.prvSampleTimeNow
                0x080046a0       0x40 ./Middlewares/Third_Party/FreeRTOS/timers.o
 .text.prvInsertTimerInActiveList
                0x080046e0       0x84 ./Middlewares/Third_Party/FreeRTOS/timers.o
 .text.prvProcessReceivedCommands
                0x08004764      0x1cc ./Middlewares/Third_Party/FreeRTOS/timers.o
 .text.prvSwitchTimerLists
                0x08004930       0xcc ./Middlewares/Third_Party/FreeRTOS/timers.o
 .text.prvCheckForValidListAndQueue
                0x080049fc       0x80 ./Middlewares/Third_Party/FreeRTOS/timers.o
 .text.athlet_configure_activations
                0x08004a7c       0xd8 ./X-CUBE-AI/App/athlet.o
 .text.athlet_configure_weights
                0x08004b54      0x120 ./X-CUBE-AI/App/athlet.o
 .text.ai_athlet_get_error
                0x08004c74       0x18 ./X-CUBE-AI/App/athlet.o
                0x08004c74                ai_athlet_get_error
 .text.ai_athlet_create
                0x08004c8c       0x2c ./X-CUBE-AI/App/athlet.o
                0x08004c8c                ai_athlet_create
 .text.ai_athlet_create_and_init
                0x08004cb8       0xfc ./X-CUBE-AI/App/athlet.o
                0x08004cb8                ai_athlet_create_and_init
 .text.ai_athlet_init
                0x08004db4       0x78 ./X-CUBE-AI/App/athlet.o
                0x08004db4                ai_athlet_init
 .text.ai_athlet_run
                0x08004e2c       0x20 ./X-CUBE-AI/App/athlet.o
                0x08004e2c                ai_athlet_run
 .text.ai_athlet_data_weights_get
                0x08004e4c       0x14 ./X-CUBE-AI/App/athlet_data.o
                0x08004e4c                ai_athlet_data_weights_get
 .text.ai_athlet_data_params_get
                0x08004e60       0x50 ./X-CUBE-AI/App/athlet_data.o
                0x08004e60                ai_athlet_data_params_get
 .text.ai_buffer_get_size
                0x08004eb0       0x60 ../../Middlewares/ST/AI/Lib\NetworkRuntime1020_CM7_GCC.a(ai_platform.o)
                0x08004eb0                ai_buffer_get_size
 .text.ai_buffer_array_sane
                0x08004f10       0x14 ../../Middlewares/ST/AI/Lib\NetworkRuntime1020_CM7_GCC.a(ai_platform.o)
                0x08004f10                ai_buffer_array_sane
 .text.ai_buffer_array_item_set_address
                0x08004f24       0x1c ../../Middlewares/ST/AI/Lib\NetworkRuntime1020_CM7_GCC.a(ai_platform.o)
                0x08004f24                ai_buffer_array_item_set_address
 .text.ai_platform_get_weights_map
                0x08004f40       0xb0 ../../Middlewares/ST/AI/Lib\NetworkRuntime1020_CM7_GCC.a(ai_platform_interface.o)
                0x08004f40                ai_platform_get_weights_map
 .text.ai_platform_get_activations_map
                0x08004ff0       0xb4 ../../Middlewares/ST/AI/Lib\NetworkRuntime1020_CM7_GCC.a(ai_platform_interface.o)
                0x08004ff0                ai_platform_get_activations_map
 .text.ai_platform_bind_network_params
                0x080050a4       0x34 ../../Middlewares/ST/AI/Lib\NetworkRuntime1020_CM7_GCC.a(ai_platform_interface.o)
                0x080050a4                ai_platform_bind_network_params
 .text.ai_platform_network_get_error
                0x080050d8       0x18 ../../Middlewares/ST/AI/Lib\NetworkRuntime1020_CM7_GCC.a(ai_platform_interface.o)
                0x080050d8                ai_platform_network_get_error
 .text.ai_platform_network_set_error
                0x080050f0        0xc ../../Middlewares/ST/AI/Lib\NetworkRuntime1020_CM7_GCC.a(ai_platform_interface.o)
                0x080050f0                ai_platform_network_set_error
 .text.ai_platform_network_create
                0x080050fc       0x84 ../../Middlewares/ST/AI/Lib\NetworkRuntime1020_CM7_GCC.a(ai_platform_interface.o)
                0x080050fc                ai_platform_network_create
 .text.ai_platform_network_init
                0x08005180      0x144 ../../Middlewares/ST/AI/Lib\NetworkRuntime1020_CM7_GCC.a(ai_platform_interface.o)
                0x08005180                ai_platform_network_init
 .text.ai_platform_network_post_init
                0x080052c4       0x58 ../../Middlewares/ST/AI/Lib\NetworkRuntime1020_CM7_GCC.a(ai_platform_interface.o)
                0x080052c4                ai_platform_network_post_init
 .text.ai_platform_network_process
                0x0800531c      0x44c ../../Middlewares/ST/AI/Lib\NetworkRuntime1020_CM7_GCC.a(ai_platform_interface.o)
                0x0800531c                ai_platform_network_process
 .text.core_init
                0x08005768        0x4 ../../Middlewares/ST/AI/Lib\NetworkRuntime1020_CM7_GCC.a(core_common.o)
                0x08005768                core_init
 .text.core_get_error
                0x0800576c        0xc ../../Middlewares/ST/AI/Lib\NetworkRuntime1020_CM7_GCC.a(core_common.o)
                0x0800576c                core_get_error
 .text.core_set_error
                0x08005778       0x18 ../../Middlewares/ST/AI/Lib\NetworkRuntime1020_CM7_GCC.a(core_common.o)
                0x08005778                core_set_error
 .text.ai_check_custom_types
                0x08005790       0x50 ../../Middlewares/ST/AI/Lib\NetworkRuntime1020_CM7_GCC.a(layers.o)
                0x08005790                ai_check_custom_types
 .text.ai_layers_init_all
                0x080057e0       0x20 ../../Middlewares/ST/AI/Lib\NetworkRuntime1020_CM7_GCC.a(layers.o)
                0x080057e0                ai_layers_init_all
 .text.ai_layers_post_init_all
                0x08005800       0x30 ../../Middlewares/ST/AI/Lib\NetworkRuntime1020_CM7_GCC.a(layers.o)
                0x08005800                ai_layers_post_init_all
 .text.ai_layers_forward_all
                0x08005830       0x90 ../../Middlewares/ST/AI/Lib\NetworkRuntime1020_CM7_GCC.a(layers.o)
                0x08005830                ai_layers_forward_all
 .text.forward_dense
                0x080058c0      0x100 ../../Middlewares/ST/AI/Lib\NetworkRuntime1020_CM7_GCC.a(layers_conv2d_generic_float.o)
                0x080058c0                forward_dense
 .text.forward_sigmoid
                0x080059c0       0x94 ../../Middlewares/ST/AI/Lib\NetworkRuntime1020_CM7_GCC.a(layers_nl_generic_float.o)
                0x080059c0                forward_sigmoid
 .text.forward_relu
                0x08005a54      0x12c ../../Middlewares/ST/AI/Lib\NetworkRuntime1020_CM7_GCC.a(layers_nl_generic_float.o)
                0x08005a54                forward_relu
 .text.forward_lite_nl_relu_generic_if32of32_kernel
                0x08005b80       0xec ../../Middlewares/ST/AI/Lib\NetworkRuntime1020_CM7_GCC.a(lite_nl_relu_if32of32.o)
                0x08005b80                forward_lite_nl_relu_generic_if32of32_kernel
 .text.forward_lite_dense_if32of32wf32
                0x08005c6c      0x2b4 ../../Middlewares/ST/AI/Lib\NetworkRuntime1020_CM7_GCC.a(lite_dense_if32.o)
                0x08005c6c                forward_lite_dense_if32of32wf32
 .text.forward_lite_dense_if32of32wf32_lut4
                0x08005f20      0x290 ../../Middlewares/ST/AI/Lib\NetworkRuntime1020_CM7_GCC.a(lite_dense_if32.o)
                0x08005f20                forward_lite_dense_if32of32wf32_lut4
 .text.forward_lite_dense_if32of32wf32_lut8
                0x080061b0      0x594 ../../Middlewares/ST/AI/Lib\NetworkRuntime1020_CM7_GCC.a(lite_dense_if32.o)
                0x080061b0                forward_lite_dense_if32of32wf32_lut8
 .text.st_int8_copy
                0x08006744      0x150 ../../Middlewares/ST/AI/Lib\NetworkRuntime1020_CM7_GCC.a(st_int8_fill.o)
                0x08006744                st_int8_copy
 .text.ai_array_to_buffer_fmt
                0x08006894       0xe0 ../../Middlewares/ST/AI/Lib\NetworkRuntime1020_CM7_GCC.a(ai_datatypes_format.o)
                0x08006894                ai_array_to_buffer_fmt
 .text.ai_array_get_data_byte_size
                0x08006974       0x20 ../../Middlewares/ST/AI/Lib\NetworkRuntime1020_CM7_GCC.a(ai_datatypes_format.o)
                0x08006974                ai_array_get_data_byte_size
 .text.ai_version_get
                0x08006994        0xc ../../Middlewares/ST/AI/Lib\NetworkRuntime1020_CM7_GCC.a(ai_datatypes_internal.o)
                0x08006994                ai_version_get
 .text.get_tensor_byte_size
                0x080069a0       0x2c ../../Middlewares/ST/AI/Lib\NetworkRuntime1020_CM7_GCC.a(ai_datatypes_internal.o)
                0x080069a0                get_tensor_byte_size
 .text.memset   0x080069cc       0x10 C:/ST/STM32CubeIDE_1.16.1/STM32CubeIDE/plugins/com.st.stm32cube.ide.mcu.externaltools.gnu-tools-for-stm32.13.3.rel1.win32_1.0.0.202411081344/tools/bin/../lib/gcc/arm-none-eabi/13.3.1/../../../../arm-none-eabi/lib/thumb/v7e-m+dp/hard\libc_nano.a(libc_a-memset.o)
                0x080069cc                memset
 .text.__errno  0x080069dc        0xc C:/ST/STM32CubeIDE_1.16.1/STM32CubeIDE/plugins/com.st.stm32cube.ide.mcu.externaltools.gnu-tools-for-stm32.13.3.rel1.win32_1.0.0.202411081344/tools/bin/../lib/gcc/arm-none-eabi/13.3.1/../../../../arm-none-eabi/lib/thumb/v7e-m+dp/hard\libc_nano.a(libc_a-errno.o)
                0x080069dc                __errno
 .text.__libc_init_array
                0x080069e8       0x48 C:/ST/STM32CubeIDE_1.16.1/STM32CubeIDE/plugins/com.st.stm32cube.ide.mcu.externaltools.gnu-tools-for-stm32.13.3.rel1.win32_1.0.0.202411081344/tools/bin/../lib/gcc/arm-none-eabi/13.3.1/../../../../arm-none-eabi/lib/thumb/v7e-m+dp/hard\libc_nano.a(libc_a-init.o)
                0x080069e8                __libc_init_array
 .text.memcpy   0x08006a30       0x1c C:/ST/STM32CubeIDE_1.16.1/STM32CubeIDE/plugins/com.st.stm32cube.ide.mcu.externaltools.gnu-tools-for-stm32.13.3.rel1.win32_1.0.0.202411081344/tools/bin/../lib/gcc/arm-none-eabi/13.3.1/../../../../arm-none-eabi/lib/thumb/v7e-m+dp/hard\libc_nano.a(libc_a-memcpy-stub.o)
                0x08006a30                memcpy
 .text.expf     0x08006a4c       0xe8 C:/ST/STM32CubeIDE_1.16.1/STM32CubeIDE/plugins/com.st.stm32cube.ide.mcu.externaltools.gnu-tools-for-stm32.13.3.rel1.win32_1.0.0.202411081344/tools/bin/../lib/gcc/arm-none-eabi/13.3.1/../../../../arm-none-eabi/lib/thumb/v7e-m+dp/hard\libm.a(libm_a-sf_exp.o)
                0x08006a4c                expf
 .text.with_errnof
                0x08006b34       0x1c C:/ST/STM32CubeIDE_1.16.1/STM32CubeIDE/plugins/com.st.stm32cube.ide.mcu.externaltools.gnu-tools-for-stm32.13.3.rel1.win32_1.0.0.202411081344/tools/bin/../lib/gcc/arm-none-eabi/13.3.1/../../../../arm-none-eabi/lib/thumb/v7e-m+dp/hard\libm.a(libm_a-math_errf.o)
 .text.xflowf   0x08006b50       0x16 C:/ST/STM32CubeIDE_1.16.1/STM32CubeIDE/plugins/com.st.stm32cube.ide.mcu.externaltools.gnu-tools-for-stm32.13.3.rel1.win32_1.0.0.202411081344/tools/bin/../lib/gcc/arm-none-eabi/13.3.1/../../../../arm-none-eabi/lib/thumb/v7e-m+dp/hard\libm.a(libm_a-math_errf.o)
 *fill*         0x08006b66        0x2 
 .text.__math_uflowf
                0x08006b68        0xc C:/ST/STM32CubeIDE_1.16.1/STM32CubeIDE/plugins/com.st.stm32cube.ide.mcu.externaltools.gnu-tools-for-stm32.13.3.rel1.win32_1.0.0.202411081344/tools/bin/../lib/gcc/arm-none-eabi/13.3.1/../../../../arm-none-eabi/lib/thumb/v7e-m+dp/hard\libm.a(libm_a-math_errf.o)
                0x08006b68                __math_uflowf
 .text.__math_may_uflowf
                0x08006b74        0xc C:/ST/STM32CubeIDE_1.16.1/STM32CubeIDE/plugins/com.st.stm32cube.ide.mcu.externaltools.gnu-tools-for-stm32.13.3.rel1.win32_1.0.0.202411081344/tools/bin/../lib/gcc/arm-none-eabi/13.3.1/../../../../arm-none-eabi/lib/thumb/v7e-m+dp/hard\libm.a(libm_a-math_errf.o)
                0x08006b74                __math_may_uflowf
 .text.__math_oflowf
                0x08006b80        0xc C:/ST/STM32CubeIDE_1.16.1/STM32CubeIDE/plugins/com.st.stm32cube.ide.mcu.externaltools.gnu-tools-for-stm32.13.3.rel1.win32_1.0.0.202411081344/tools/bin/../lib/gcc/arm-none-eabi/13.3.1/../../../../arm-none-eabi/lib/thumb/v7e-m+dp/hard\libm.a(libm_a-math_errf.o)
                0x08006b80                __math_oflowf
 *(.glue_7)
 .glue_7        0x08006b8c        0x0 linker stubs
 *(.glue_7t)
 .glue_7t       0x08006b8c        0x0 linker stubs
 *(.eh_frame)
 .eh_frame      0x08006b8c        0x0 C:/ST/STM32CubeIDE_1.16.1/STM32CubeIDE/plugins/com.st.stm32cube.ide.mcu.externaltools.gnu-tools-for-stm32.13.3.rel1.win32_1.0.0.202411081344/tools/bin/../lib/gcc/arm-none-eabi/13.3.1/thumb/v7e-m+dp/hard/crtbegin.o
 *(.init)
 .init          0x08006b8c        0x4 C:/ST/STM32CubeIDE_1.16.1/STM32CubeIDE/plugins/com.st.stm32cube.ide.mcu.externaltools.gnu-tools-for-stm32.13.3.rel1.win32_1.0.0.202411081344/tools/bin/../lib/gcc/arm-none-eabi/13.3.1/thumb/v7e-m+dp/hard/crti.o
                0x08006b8c                _init
 .init          0x08006b90        0x8 C:/ST/STM32CubeIDE_1.16.1/STM32CubeIDE/plugins/com.st.stm32cube.ide.mcu.externaltools.gnu-tools-for-stm32.13.3.rel1.win32_1.0.0.202411081344/tools/bin/../lib/gcc/arm-none-eabi/13.3.1/thumb/v7e-m+dp/hard/crtn.o
 *(.fini)
 .fini          0x08006b98        0x4 C:/ST/STM32CubeIDE_1.16.1/STM32CubeIDE/plugins/com.st.stm32cube.ide.mcu.externaltools.gnu-tools-for-stm32.13.3.rel1.win32_1.0.0.202411081344/tools/bin/../lib/gcc/arm-none-eabi/13.3.1/thumb/v7e-m+dp/hard/crti.o
                0x08006b98                _fini
 .fini          0x08006b9c        0x8 C:/ST/STM32CubeIDE_1.16.1/STM32CubeIDE/plugins/com.st.stm32cube.ide.mcu.externaltools.gnu-tools-for-stm32.13.3.rel1.win32_1.0.0.202411081344/tools/bin/../lib/gcc/arm-none-eabi/13.3.1/thumb/v7e-m+dp/hard/crtn.o
                0x08006ba4                        . = ALIGN (0x4)
                0x08006ba4                        _etext = .

.vfp11_veneer   0x08006ba4        0x0
 .vfp11_veneer  0x08006ba4        0x0 linker stubs

.v4_bx          0x08006ba4        0x0
 .v4_bx         0x08006ba4        0x0 linker stubs

.iplt           0x08006ba4        0x0
 .iplt          0x08006ba4        0x0 C:/ST/STM32CubeIDE_1.16.1/STM32CubeIDE/plugins/com.st.stm32cube.ide.mcu.externaltools.gnu-tools-for-stm32.13.3.rel1.win32_1.0.0.202411081344/tools/bin/../lib/gcc/arm-none-eabi/13.3.1/thumb/v7e-m+dp/hard/crtbegin.o

.rodata         0x08006bc0      0xdb0
                0x08006bc0                        . = ALIGN (0x4)
 *(.rodata)
 .rodata        0x08006bc0       0x2c ./Core/Src/main.o
 .rodata        0x08006bec        0x5 ./Middlewares/Third_Party/FreeRTOS/tasks.o
 *fill*         0x08006bf1        0x3 
 .rodata        0x08006bf4        0xd ./Middlewares/Third_Party/FreeRTOS/timers.o
 *fill*         0x08006c01        0x3 
 .rodata        0x08006c04       0x30 ./X-CUBE-AI/App/athlet_data.o
 *(.rodata*)
 .rodata.D1CorePrescTable
                0x08006c34       0x10 ./Common/Src/system_stm32h7xx_dualcore_boot_cm4_cm7.o
                0x08006c34                D1CorePrescTable
 .rodata.defaultTask_attributes
                0x08006c44       0x24 ./Core/Src/main.o
                0x08006c44                defaultTask_attributes
 .rodata.nl_3_chain
                0x08006c68        0x8 ./X-CUBE-AI/App/athlet.o
 .rodata.gemm_2_chain
                0x08006c70        0x8 ./X-CUBE-AI/App/athlet.o
 .rodata.nl_1_nl_chain
                0x08006c78        0x8 ./X-CUBE-AI/App/athlet.o
 .rodata.gemm_1_chain
                0x08006c80        0x8 ./X-CUBE-AI/App/athlet.o
 .rodata.nl_0_nl_chain
                0x08006c88        0x8 ./X-CUBE-AI/App/athlet.o
 .rodata.gemm_0_chain
                0x08006c90        0x8 ./X-CUBE-AI/App/athlet.o
 *fill*         0x08006c98        0x8 
 .rodata.s_athlet_weights_array_u64
                0x08006ca0      0xb88 ./X-CUBE-AI/App/athlet_data_params.o
                0x08006ca0                s_athlet_weights_array_u64
 .rodata.__exp2f_data
                0x08007828      0x148 C:/ST/STM32CubeIDE_1.16.1/STM32CubeIDE/plugins/com.st.stm32cube.ide.mcu.externaltools.gnu-tools-for-stm32.13.3.rel1.win32_1.0.0.202411081344/tools/bin/../lib/gcc/arm-none-eabi/13.3.1/../../../../arm-none-eabi/lib/thumb/v7e-m+dp/hard\libm.a(libm_a-sf_exp2_data.o)
                0x08007828                __exp2f_data
                0x08007970                        . = ALIGN (0x4)

.ARM.extab      0x08007970        0x0
                0x08007970                        . = ALIGN (0x4)
 *(.ARM.extab* .gnu.linkonce.armextab.*)
                0x08007970                        . = ALIGN (0x4)

.ARM            0x08007970        0x0
                0x08007970                        . = ALIGN (0x4)
                0x08007970                        __exidx_start = .
 *(.ARM.exidx*)
                0x08007970                        __exidx_end = .
                0x08007970                        . = ALIGN (0x4)

.preinit_array  0x08007970        0x0
                0x08007970                        . = ALIGN (0x4)
                0x08007970                        PROVIDE (__preinit_array_start = .)
 *(.preinit_array*)
                0x08007970                        PROVIDE (__preinit_array_end = .)
                0x08007970                        . = ALIGN (0x4)

.init_array     0x08007970        0x4
                0x08007970                        . = ALIGN (0x4)
                0x08007970                        PROVIDE (__init_array_start = .)
 *(SORT_BY_NAME(.init_array.*))
 *(.init_array*)
 .init_array    0x08007970        0x4 C:/ST/STM32CubeIDE_1.16.1/STM32CubeIDE/plugins/com.st.stm32cube.ide.mcu.externaltools.gnu-tools-for-stm32.13.3.rel1.win32_1.0.0.202411081344/tools/bin/../lib/gcc/arm-none-eabi/13.3.1/thumb/v7e-m+dp/hard/crtbegin.o
                0x08007974                        PROVIDE (__init_array_end = .)
                0x08007974                        . = ALIGN (0x4)

.fini_array     0x08007974        0x4
                0x08007974                        . = ALIGN (0x4)
                [!provide]                        PROVIDE (__fini_array_start = .)
 *(SORT_BY_NAME(.fini_array.*))
 *(.fini_array*)
 .fini_array    0x08007974        0x4 C:/ST/STM32CubeIDE_1.16.1/STM32CubeIDE/plugins/com.st.stm32cube.ide.mcu.externaltools.gnu-tools-for-stm32.13.3.rel1.win32_1.0.0.202411081344/tools/bin/../lib/gcc/arm-none-eabi/13.3.1/thumb/v7e-m+dp/hard/crtbegin.o
                [!provide]                        PROVIDE (__fini_array_end = .)
                0x08007978                        . = ALIGN (0x4)
                0x08007978                        _sidata = LOADADDR (.data)

.rel.dyn        0x08007978        0x0
 .rel.iplt      0x08007978        0x0 C:/ST/STM32CubeIDE_1.16.1/STM32CubeIDE/plugins/com.st.stm32cube.ide.mcu.externaltools.gnu-tools-for-stm32.13.3.rel1.win32_1.0.0.202411081344/tools/bin/../lib/gcc/arm-none-eabi/13.3.1/thumb/v7e-m+dp/hard/crtbegin.o

.data           0x24000000      0x79c load address 0x08007978
                0x24000000                        . = ALIGN (0x4)
                0x24000000                        _sdata = .
 *(.data)
 *(.data*)
 .data.SystemCoreClock
                0x24000000        0x4 ./Common/Src/system_stm32h7xx_dualcore_boot_cm4_cm7.o
                0x24000000                SystemCoreClock
 .data.SystemD2Clock
                0x24000004        0x4 ./Common/Src/system_stm32h7xx_dualcore_boot_cm4_cm7.o
                0x24000004                SystemD2Clock
 .data.uwTickPrio
                0x24000008        0x4 ./Drivers/STM32H7xx_HAL_Driver/stm32h7xx_hal.o
                0x24000008                uwTickPrio
 .data.uwTickFreq
                0x2400000c        0x1 ./Drivers/STM32H7xx_HAL_Driver/stm32h7xx_hal.o
                0x2400000c                uwTickFreq
 *fill*         0x2400000d        0x3 
 .data.uxCriticalNesting
                0x24000010        0x4 ./Middlewares/Third_Party/FreeRTOS/port.o
 .data.serving_default_keras_tensor0_output_array
                0x24000014       0x10 ./X-CUBE-AI/App/athlet.o
 .data.gemm_0_output_array
                0x24000024       0x10 ./X-CUBE-AI/App/athlet.o
 .data.nl_0_nl_output_array
                0x24000034       0x10 ./X-CUBE-AI/App/athlet.o
 .data.gemm_1_output_array
                0x24000044       0x10 ./X-CUBE-AI/App/athlet.o
 .data.nl_1_nl_output_array
                0x24000054       0x10 ./X-CUBE-AI/App/athlet.o
 .data.gemm_2_output_array
                0x24000064       0x10 ./X-CUBE-AI/App/athlet.o
 .data.nl_3_output_array
                0x24000074       0x10 ./X-CUBE-AI/App/athlet.o
 .data.gemm_0_weights_array
                0x24000084       0x10 ./X-CUBE-AI/App/athlet.o
 .data.gemm_0_bias_array
                0x24000094       0x10 ./X-CUBE-AI/App/athlet.o
 .data.gemm_1_weights_array
                0x240000a4       0x10 ./X-CUBE-AI/App/athlet.o
 .data.gemm_1_bias_array
                0x240000b4       0x10 ./X-CUBE-AI/App/athlet.o
 .data.gemm_2_weights_array
                0x240000c4       0x10 ./X-CUBE-AI/App/athlet.o
 .data.gemm_2_bias_array
                0x240000d4       0x10 ./X-CUBE-AI/App/athlet.o
 .data.__compound_literal.0
                0x240000e4       0x10 ./X-CUBE-AI/App/athlet.o
 .data.__compound_literal.1
                0x240000f4       0x10 ./X-CUBE-AI/App/athlet.o
 .data.gemm_0_bias
                0x24000104       0x1c ./X-CUBE-AI/App/athlet.o
 .data.__compound_literal.2
                0x24000120       0x10 ./X-CUBE-AI/App/athlet.o
 .data.__compound_literal.3
                0x24000130       0x10 ./X-CUBE-AI/App/athlet.o
 .data.gemm_0_output
                0x24000140       0x1c ./X-CUBE-AI/App/athlet.o
 .data.__compound_literal.4
                0x2400015c       0x10 ./X-CUBE-AI/App/athlet.o
 .data.__compound_literal.5
                0x2400016c       0x10 ./X-CUBE-AI/App/athlet.o
 .data.gemm_0_weights
                0x2400017c       0x1c ./X-CUBE-AI/App/athlet.o
 .data.__compound_literal.6
                0x24000198       0x10 ./X-CUBE-AI/App/athlet.o
 .data.__compound_literal.7
                0x240001a8       0x10 ./X-CUBE-AI/App/athlet.o
 .data.gemm_1_bias
                0x240001b8       0x1c ./X-CUBE-AI/App/athlet.o
 .data.__compound_literal.8
                0x240001d4       0x10 ./X-CUBE-AI/App/athlet.o
 .data.__compound_literal.9
                0x240001e4       0x10 ./X-CUBE-AI/App/athlet.o
 .data.gemm_1_output
                0x240001f4       0x1c ./X-CUBE-AI/App/athlet.o
 .data.__compound_literal.10
                0x24000210       0x10 ./X-CUBE-AI/App/athlet.o
 .data.__compound_literal.11
                0x24000220       0x10 ./X-CUBE-AI/App/athlet.o
 .data.gemm_1_weights
                0x24000230       0x1c ./X-CUBE-AI/App/athlet.o
 .data.__compound_literal.12
                0x2400024c       0x10 ./X-CUBE-AI/App/athlet.o
 .data.__compound_literal.13
                0x2400025c       0x10 ./X-CUBE-AI/App/athlet.o
 .data.gemm_2_bias
                0x2400026c       0x1c ./X-CUBE-AI/App/athlet.o
 .data.__compound_literal.14
                0x24000288       0x10 ./X-CUBE-AI/App/athlet.o
 .data.__compound_literal.15
                0x24000298       0x10 ./X-CUBE-AI/App/athlet.o
 .data.gemm_2_output
                0x240002a8       0x1c ./X-CUBE-AI/App/athlet.o
 .data.__compound_literal.16
                0x240002c4       0x10 ./X-CUBE-AI/App/athlet.o
 .data.__compound_literal.17
                0x240002d4       0x10 ./X-CUBE-AI/App/athlet.o
 .data.gemm_2_weights
                0x240002e4       0x1c ./X-CUBE-AI/App/athlet.o
 .data.__compound_literal.18
                0x24000300       0x10 ./X-CUBE-AI/App/athlet.o
 .data.__compound_literal.19
                0x24000310       0x10 ./X-CUBE-AI/App/athlet.o
 .data.nl_0_nl_output
                0x24000320       0x1c ./X-CUBE-AI/App/athlet.o
 .data.__compound_literal.20
                0x2400033c       0x10 ./X-CUBE-AI/App/athlet.o
 .data.__compound_literal.21
                0x2400034c       0x10 ./X-CUBE-AI/App/athlet.o
 .data.nl_1_nl_output
                0x2400035c       0x1c ./X-CUBE-AI/App/athlet.o
 .data.__compound_literal.22
                0x24000378       0x10 ./X-CUBE-AI/App/athlet.o
 .data.__compound_literal.23
                0x24000388       0x10 ./X-CUBE-AI/App/athlet.o
 .data.nl_3_output
                0x24000398       0x1c ./X-CUBE-AI/App/athlet.o
 .data.__compound_literal.24
                0x240003b4       0x10 ./X-CUBE-AI/App/athlet.o
 .data.__compound_literal.25
                0x240003c4       0x10 ./X-CUBE-AI/App/athlet.o
 .data.serving_default_keras_tensor0_output
                0x240003d4       0x1c ./X-CUBE-AI/App/athlet.o
 .data.__compound_literal.26
                0x240003f0        0x4 ./X-CUBE-AI/App/athlet.o
 .data.__compound_literal.27
                0x240003f4        0x4 ./X-CUBE-AI/App/athlet.o
 .data.__compound_literal.30
                0x240003f8       0x30 ./X-CUBE-AI/App/athlet.o
 .data.nl_3_layer
                0x24000428       0x20 ./X-CUBE-AI/App/athlet.o
 .data.__compound_literal.31
                0x24000448        0x4 ./X-CUBE-AI/App/athlet.o
 .data.__compound_literal.32
                0x2400044c        0x4 ./X-CUBE-AI/App/athlet.o
 .data.__compound_literal.33
                0x24000450        0x8 ./X-CUBE-AI/App/athlet.o
 .data.__compound_literal.35
                0x24000458       0x30 ./X-CUBE-AI/App/athlet.o
 .data.gemm_2_layer
                0x24000488       0x1c ./X-CUBE-AI/App/athlet.o
 .data.__compound_literal.36
                0x240004a4        0x4 ./X-CUBE-AI/App/athlet.o
 .data.__compound_literal.37
                0x240004a8        0x4 ./X-CUBE-AI/App/athlet.o
 .data.__compound_literal.40
                0x240004ac       0x30 ./X-CUBE-AI/App/athlet.o
 .data.nl_1_nl_layer
                0x240004dc       0x20 ./X-CUBE-AI/App/athlet.o
 .data.__compound_literal.41
                0x240004fc        0x4 ./X-CUBE-AI/App/athlet.o
 .data.__compound_literal.42
                0x24000500        0x4 ./X-CUBE-AI/App/athlet.o
 .data.__compound_literal.43
                0x24000504        0x8 ./X-CUBE-AI/App/athlet.o
 .data.__compound_literal.45
                0x2400050c       0x30 ./X-CUBE-AI/App/athlet.o
 .data.gemm_1_layer
                0x2400053c       0x1c ./X-CUBE-AI/App/athlet.o
 .data.__compound_literal.46
                0x24000558        0x4 ./X-CUBE-AI/App/athlet.o
 .data.__compound_literal.47
                0x2400055c        0x4 ./X-CUBE-AI/App/athlet.o
 .data.__compound_literal.50
                0x24000560       0x30 ./X-CUBE-AI/App/athlet.o
 .data.nl_0_nl_layer
                0x24000590       0x20 ./X-CUBE-AI/App/athlet.o
 .data.__compound_literal.51
                0x240005b0        0x4 ./X-CUBE-AI/App/athlet.o
 .data.__compound_literal.52
                0x240005b4        0x4 ./X-CUBE-AI/App/athlet.o
 .data.__compound_literal.53
                0x240005b8        0x8 ./X-CUBE-AI/App/athlet.o
 .data.__compound_literal.55
                0x240005c0       0x30 ./X-CUBE-AI/App/athlet.o
 .data.gemm_0_layer
                0x240005f0       0x1c ./X-CUBE-AI/App/athlet.o
 .data.__compound_literal.56
                0x2400060c       0x10 ./X-CUBE-AI/App/athlet.o
 .data.__compound_literal.57
                0x2400061c       0x1c ./X-CUBE-AI/App/athlet.o
 .data.__compound_literal.58
                0x24000638       0x10 ./X-CUBE-AI/App/athlet.o
 .data.__compound_literal.59
                0x24000648       0x1c ./X-CUBE-AI/App/athlet.o
 .data.__compound_literal.60
                0x24000664        0x4 ./X-CUBE-AI/App/athlet.o
 .data.__compound_literal.64
                0x24000668        0xc ./X-CUBE-AI/App/athlet.o
 .data.__compound_literal.65
                0x24000674        0x4 ./X-CUBE-AI/App/athlet.o
 .data.__compound_literal.69
                0x24000678        0xc ./X-CUBE-AI/App/athlet.o
 .data.__compound_literal.70
                0x24000684       0x18 ./X-CUBE-AI/App/athlet.o
 .data.g_athlet
                0x2400069c       0x4c ./X-CUBE-AI/App/athlet.o
 .data.__compound_literal.0
                0x240006e8       0x10 ./X-CUBE-AI/App/athlet_data.o
 .data.g_athlet_data_map_activations
                0x240006f8       0x1c ./X-CUBE-AI/App/athlet_data.o
                0x240006f8                g_athlet_data_map_activations
 .data.__compound_literal.1
                0x24000714       0x10 ./X-CUBE-AI/App/athlet_data.o
 .data.g_athlet_data_map_weights
                0x24000724       0x1c ./X-CUBE-AI/App/athlet_data.o
                0x24000724                g_athlet_data_map_weights
 .data.g_athlet_weights_table
                0x24000740        0xc ./X-CUBE-AI/App/athlet_data_params.o
                0x24000740                g_athlet_weights_table
 .data._impure_ptr
                0x2400074c        0x4 C:/ST/STM32CubeIDE_1.16.1/STM32CubeIDE/plugins/com.st.stm32cube.ide.mcu.externaltools.gnu-tools-for-stm32.13.3.rel1.win32_1.0.0.202411081344/tools/bin/../lib/gcc/arm-none-eabi/13.3.1/../../../../arm-none-eabi/lib/thumb/v7e-m+dp/hard\libc_nano.a(libc_a-impure.o)
                0x2400074c                _impure_ptr
 .data._impure_data
                0x24000750       0x4c C:/ST/STM32CubeIDE_1.16.1/STM32CubeIDE/plugins/com.st.stm32cube.ide.mcu.externaltools.gnu-tools-for-stm32.13.3.rel1.win32_1.0.0.202411081344/tools/bin/../lib/gcc/arm-none-eabi/13.3.1/../../../../arm-none-eabi/lib/thumb/v7e-m+dp/hard\libc_nano.a(libc_a-impure.o)
                0x24000750                _impure_data
 *(.RamFunc)
 *(.RamFunc*)
                0x2400079c                        . = ALIGN (0x4)
                0x2400079c                        _edata = .

.igot.plt       0x2400079c        0x0 load address 0x08008114
 .igot.plt      0x2400079c        0x0 C:/ST/STM32CubeIDE_1.16.1/STM32CubeIDE/plugins/com.st.stm32cube.ide.mcu.externaltools.gnu-tools-for-stm32.13.3.rel1.win32_1.0.0.202411081344/tools/bin/../lib/gcc/arm-none-eabi/13.3.1/thumb/v7e-m+dp/hard/crtbegin.o
                0x2400079c                        . = ALIGN (0x4)

.bss            0x2400079c     0x4b9c load address 0x08008114
                0x2400079c                        _sbss = .
                0x2400079c                        __bss_start__ = _sbss
 *(.bss)
 .bss           0x2400079c       0x1c C:/ST/STM32CubeIDE_1.16.1/STM32CubeIDE/plugins/com.st.stm32cube.ide.mcu.externaltools.gnu-tools-for-stm32.13.3.rel1.win32_1.0.0.202411081344/tools/bin/../lib/gcc/arm-none-eabi/13.3.1/thumb/v7e-m+dp/hard/crtbegin.o
 *(.bss*)
 .bss.defaultTaskHandle
                0x240007b8        0x4 ./Core/Src/main.o
                0x240007b8                defaultTaskHandle
 .bss.g_mailbox_notified
                0x240007bc        0x4 ./Core/Src/main.o
 .bss.g_last_seq
                0x240007c0        0x4 ./Core/Src/main.o
 .bss.g_network
                0x240007c4        0x4 ./Core/Src/main.o
 .bss.g_ai_in_buf
                0x240007c8       0x1c ./Core/Src/main.o
 .bss.g_ai_out_buf
                0x240007e4       0x1c ./Core/Src/main.o
 .bss.s_in.1    0x24000800       0x14 ./Core/Src/main.o
 .bss.s_out.0   0x24000814        0x4 ./Core/Src/main.o
 .bss.uwTick    0x24000818        0x4 ./Drivers/STM32H7xx_HAL_Driver/stm32h7xx_hal.o
                0x24000818                uwTick
 .bss.KernelState
                0x2400081c        0x4 ./Middlewares/Third_Party/FreeRTOS/cmsis_os2.o
 .bss.Idle_TCB.3
                0x24000820       0x5c ./Middlewares/Third_Party/FreeRTOS/cmsis_os2.o
 .bss.Idle_Stack.2
                0x2400087c      0x200 ./Middlewares/Third_Party/FreeRTOS/cmsis_os2.o
 .bss.Timer_TCB.1
                0x24000a7c       0x5c ./Middlewares/Third_Party/FreeRTOS/cmsis_os2.o
 .bss.Timer_Stack.0
                0x24000ad8      0x400 ./Middlewares/Third_Party/FreeRTOS/cmsis_os2.o
 .bss.ucHeap    0x24000ed8     0x3c00 ./Middlewares/Third_Party/FreeRTOS/heap_4.o
 .bss.xStart    0x24004ad8        0x8 ./Middlewares/Third_Party/FreeRTOS/heap_4.o
 .bss.pxEnd     0x24004ae0        0x4 ./Middlewares/Third_Party/FreeRTOS/heap_4.o
 .bss.xFreeBytesRemaining
                0x24004ae4        0x4 ./Middlewares/Third_Party/FreeRTOS/heap_4.o
 .bss.xMinimumEverFreeBytesRemaining
                0x24004ae8        0x4 ./Middlewares/Third_Party/FreeRTOS/heap_4.o
 .bss.xNumberOfSuccessfulAllocations
                0x24004aec        0x4 ./Middlewares/Third_Party/FreeRTOS/heap_4.o
 .bss.xNumberOfSuccessfulFrees
                0x24004af0        0x4 ./Middlewares/Third_Party/FreeRTOS/heap_4.o
 .bss.xBlockAllocatedBit
                0x24004af4        0x4 ./Middlewares/Third_Party/FreeRTOS/heap_4.o
 .bss.ucMaxSysCallPriority
                0x24004af8        0x1 ./Middlewares/Third_Party/FreeRTOS/port.o
 *fill*         0x24004af9        0x3 
 .bss.ulMaxPRIGROUPValue
                0x24004afc        0x4 ./Middlewares/Third_Party/FreeRTOS/port.o
 .bss.xQueueRegistry
                0x24004b00       0x40 ./Middlewares/Third_Party/FreeRTOS/queue.o
                0x24004b00                xQueueRegistry
 .bss.pxCurrentTCB
                0x24004b40        0x4 ./Middlewares/Third_Party/FreeRTOS/tasks.o
                0x24004b40                pxCurrentTCB
 .bss.pxReadyTasksLists
                0x24004b44      0x460 ./Middlewares/Third_Party/FreeRTOS/tasks.o
 .bss.xDelayedTaskList1
                0x24004fa4       0x14 ./Middlewares/Third_Party/FreeRTOS/tasks.o
 .bss.xDelayedTaskList2
                0x24004fb8       0x14 ./Middlewares/Third_Party/FreeRTOS/tasks.o
 .bss.pxDelayedTaskList
                0x24004fcc        0x4 ./Middlewares/Third_Party/FreeRTOS/tasks.o
 .bss.pxOverflowDelayedTaskList
                0x24004fd0        0x4 ./Middlewares/Third_Party/FreeRTOS/tasks.o
 .bss.xPendingReadyList
                0x24004fd4       0x14 ./Middlewares/Third_Party/FreeRTOS/tasks.o
 .bss.xTasksWaitingTermination
                0x24004fe8       0x14 ./Middlewares/Third_Party/FreeRTOS/tasks.o
 .bss.uxDeletedTasksWaitingCleanUp
                0x24004ffc        0x4 ./Middlewares/Third_Party/FreeRTOS/tasks.o
 .bss.xSuspendedTaskList
                0x24005000       0x14 ./Middlewares/Third_Party/FreeRTOS/tasks.o
 .bss.uxCurrentNumberOfTasks
                0x24005014        0x4 ./Middlewares/Third_Party/FreeRTOS/tasks.o
 .bss.xTickCount
                0x24005018        0x4 ./Middlewares/Third_Party/FreeRTOS/tasks.o
 .bss.uxTopReadyPriority
                0x2400501c        0x4 ./Middlewares/Third_Party/FreeRTOS/tasks.o
 .bss.xSchedulerRunning
                0x24005020        0x4 ./Middlewares/Third_Party/FreeRTOS/tasks.o
 .bss.xPendedTicks
                0x24005024        0x4 ./Middlewares/Third_Party/FreeRTOS/tasks.o
 .bss.xYieldPending
                0x24005028        0x4 ./Middlewares/Third_Party/FreeRTOS/tasks.o
 .bss.xNumOfOverflows
                0x2400502c        0x4 ./Middlewares/Third_Party/FreeRTOS/tasks.o
 .bss.uxTaskNumber
                0x24005030        0x4 ./Middlewares/Third_Party/FreeRTOS/tasks.o
 .bss.xNextTaskUnblockTime
                0x24005034        0x4 ./Middlewares/Third_Party/FreeRTOS/tasks.o
 .bss.xIdleTaskHandle
                0x24005038        0x4 ./Middlewares/Third_Party/FreeRTOS/tasks.o
 .bss.uxSchedulerSuspended
                0x2400503c        0x4 ./Middlewares/Third_Party/FreeRTOS/tasks.o
 .bss.xActiveTimerList1
                0x24005040       0x14 ./Middlewares/Third_Party/FreeRTOS/timers.o
 .bss.xActiveTimerList2
                0x24005054       0x14 ./Middlewares/Third_Party/FreeRTOS/timers.o
 .bss.pxCurrentTimerList
                0x24005068        0x4 ./Middlewares/Third_Party/FreeRTOS/timers.o
 .bss.pxOverflowTimerList
                0x2400506c        0x4 ./Middlewares/Third_Party/FreeRTOS/timers.o
 .bss.xTimerQueue
                0x24005070        0x4 ./Middlewares/Third_Party/FreeRTOS/timers.o
 .bss.xTimerTaskHandle
                0x24005074        0x4 ./Middlewares/Third_Party/FreeRTOS/timers.o
 .bss.xLastTime.2
                0x24005078        0x4 ./Middlewares/Third_Party/FreeRTOS/timers.o
 .bss.ucStaticTimerQueueStorage.1
                0x2400507c       0xa0 ./Middlewares/Third_Party/FreeRTOS/timers.o
 .bss.xStaticTimerQueue.0
                0x2400511c       0x50 ./Middlewares/Third_Party/FreeRTOS/timers.o
 .bss.g_athlet_activations_map
                0x2400516c        0x4 ./X-CUBE-AI/App/athlet.o
 .bss.g_athlet_weights_map
                0x24005170        0x4 ./X-CUBE-AI/App/athlet.o
 .bss.__compound_literal.28
                0x24005174        0x4 ./X-CUBE-AI/App/athlet.o
 .bss.__compound_literal.29
                0x24005178        0x4 ./X-CUBE-AI/App/athlet.o
 .bss.__compound_literal.34
                0x2400517c        0x4 ./X-CUBE-AI/App/athlet.o
 .bss.__compound_literal.38
                0x24005180        0x4 ./X-CUBE-AI/App/athlet.o
 .bss.__compound_literal.39
                0x24005184        0x4 ./X-CUBE-AI/App/athlet.o
 .bss.__compound_literal.44
                0x24005188        0x4 ./X-CUBE-AI/App/athlet.o
 .bss.__compound_literal.48
                0x2400518c        0x4 ./X-CUBE-AI/App/athlet.o
 .bss.__compound_literal.49
                0x24005190        0x4 ./X-CUBE-AI/App/athlet.o
 .bss.__compound_literal.54
                0x24005194        0x4 ./X-CUBE-AI/App/athlet.o
 .bss.__compound_literal.61
                0x24005198       0x1c ./X-CUBE-AI/App/athlet.o
 .bss.__compound_literal.62
                0x240051b4       0x10 ./X-CUBE-AI/App/athlet.o
 .bss.__compound_literal.63
                0x240051c4        0x8 ./X-CUBE-AI/App/athlet.o
 .bss.__compound_literal.66
                0x240051cc       0x1c ./X-CUBE-AI/App/athlet.o
 .bss.__compound_literal.67
                0x240051e8       0x10 ./X-CUBE-AI/App/athlet.o
 .bss.__compound_literal.68
                0x240051f8        0x8 ./X-CUBE-AI/App/athlet.o
 .bss.__sf      0x24005200      0x138 C:/ST/STM32CubeIDE_1.16.1/STM32CubeIDE/plugins/com.st.stm32cube.ide.mcu.externaltools.gnu-tools-for-stm32.13.3.rel1.win32_1.0.0.202411081344/tools/bin/../lib/gcc/arm-none-eabi/13.3.1/../../../../arm-none-eabi/lib/thumb/v7e-m+dp/hard\libc_nano.a(libc_a-findfp.o)
                0x24005200                __sf
 *(COMMON)
                0x24005338                        . = ALIGN (0x4)
                0x24005338                        _ebss = .
                0x24005338                        __bss_end__ = _ebss

._user_heap_stack
                0x20000000     0x1000
                0x20000000                        . = ALIGN (0x8)
                [!provide]                        PROVIDE (end = .)
                0x20000000                        PROVIDE (_end = .)
                0x20000800                        . = (. + _Min_Heap_Size)
 *fill*         0x20000000      0x800 
                0x20001000                        . = (. + _Min_Stack_Size)
 *fill*         0x20000800      0x800 
                0x20001000                        . = ALIGN (0x8)

/DISCARD/
 libc.a(*)
 libm.a(*)
 libgcc.a(*)

.ARM.attributes
                0x00000000       0x2e
 *(.ARM.attributes)
 .ARM.attributes
                0x00000000       0x20 C:/ST/STM32CubeIDE_1.16.1/STM32CubeIDE/plugins/com.st.stm32cube.ide.mcu.externaltools.gnu-tools-for-stm32.13.3.rel1.win32_1.0.0.202411081344/tools/bin/../lib/gcc/arm-none-eabi/13.3.1/thumb/v7e-m+dp/hard/crti.o
 .ARM.attributes
                0x00000020       0x32 C:/ST/STM32CubeIDE_1.16.1/STM32CubeIDE/plugins/com.st.stm32cube.ide.mcu.externaltools.gnu-tools-for-stm32.13.3.rel1.win32_1.0.0.202411081344/tools/bin/../lib/gcc/arm-none-eabi/13.3.1/thumb/v7e-m+dp/hard/crtbegin.o
 .ARM.attributes
                0x00000052       0x32 ./Common/Src/system_stm32h7xx_dualcore_boot_cm4_cm7.o
 .ARM.attributes
                0x00000084       0x32 ./Core/Src/main.o
 .ARM.attributes
                0x000000b6       0x32 ./Core/Src/stm32h7xx_hal_msp.o
 .ARM.attributes
                0x000000e8       0x32 ./Core/Src/stm32h7xx_it.o
 .ARM.attributes
                0x0000011a       0x21 ./Core/Startup/startup_stm32h745zitx.o
 .ARM.attributes
                0x0000013b       0x32 ./Drivers/STM32H7xx_HAL_Driver/stm32h7xx_hal.o
 .ARM.attributes
                0x0000016d       0x32 ./Drivers/STM32H7xx_HAL_Driver/stm32h7xx_hal_cortex.o
 .ARM.attributes
                0x0000019f       0x32 ./Drivers/STM32H7xx_HAL_Driver/stm32h7xx_hal_hsem.o
 .ARM.attributes
                0x000001d1       0x32 ./Drivers/STM32H7xx_HAL_Driver/stm32h7xx_hal_pwr_ex.o
 .ARM.attributes
                0x00000203       0x32 ./Drivers/STM32H7xx_HAL_Driver/stm32h7xx_hal_rcc.o
 .ARM.attributes
                0x00000235       0x32 ./Middlewares/Third_Party/FreeRTOS/cmsis_os2.o
 .ARM.attributes
                0x00000267       0x32 ./Middlewares/Third_Party/FreeRTOS/heap_4.o
 .ARM.attributes
                0x00000299       0x32 ./Middlewares/Third_Party/FreeRTOS/list.o
 .ARM.attributes
                0x000002cb       0x32 ./Middlewares/Third_Party/FreeRTOS/port.o
 .ARM.attributes
                0x000002fd       0x32 ./Middlewares/Third_Party/FreeRTOS/queue.o
 .ARM.attributes
                0x0000032f       0x32 ./Middlewares/Third_Party/FreeRTOS/tasks.o
 .ARM.attributes
                0x00000361       0x32 ./Middlewares/Third_Party/FreeRTOS/timers.o
 .ARM.attributes
                0x00000393       0x32 ./X-CUBE-AI/App/athlet.o
 .ARM.attributes
                0x000003c5       0x32 ./X-CUBE-AI/App/athlet_data.o
 .ARM.attributes
                0x000003f7       0x32 ./X-CUBE-AI/App/athlet_data_params.o
 .ARM.attributes
                0x00000429       0x2e ../../Middlewares/ST/AI/Lib\NetworkRuntime1020_CM7_GCC.a(ai_platform.o)
 .ARM.attributes
                0x00000457       0x2e ../../Middlewares/ST/AI/Lib\NetworkRuntime1020_CM7_GCC.a(ai_platform_interface.o)
 .ARM.attributes
                0x00000485       0x2e ../../Middlewares/ST/AI/Lib\NetworkRuntime1020_CM7_GCC.a(core_common.o)
 .ARM.attributes
                0x000004b3       0x2e ../../Middlewares/ST/AI/Lib\NetworkRuntime1020_CM7_GCC.a(layers.o)
 .ARM.attributes
                0x000004e1       0x2e ../../Middlewares/ST/AI/Lib\NetworkRuntime1020_CM7_GCC.a(layers_conv2d_generic_float.o)
 .ARM.attributes
                0x0000050f       0x2e ../../Middlewares/ST/AI/Lib\NetworkRuntime1020_CM7_GCC.a(layers_nl_generic_float.o)
 .ARM.attributes
                0x0000053d       0x2e ../../Middlewares/ST/AI/Lib\NetworkRuntime1020_CM7_GCC.a(lite_nl_relu_if32of32.o)
 .ARM.attributes
                0x0000056b       0x2e ../../Middlewares/ST/AI/Lib\NetworkRuntime1020_CM7_GCC.a(lite_dense_if32.o)
 .ARM.attributes
                0x00000599       0x2e ../../Middlewares/ST/AI/Lib\NetworkRuntime1020_CM7_GCC.a(st_int8_fill.o)
 .ARM.attributes
                0x000005c7       0x2e ../../Middlewares/ST/AI/Lib\NetworkRuntime1020_CM7_GCC.a(ai_datatypes_format.o)
 .ARM.attributes
                0x000005f5       0x2e ../../Middlewares/ST/AI/Lib\NetworkRuntime1020_CM7_GCC.a(ai_datatypes_internal.o)
 .ARM.attributes
                0x00000623       0x32 C:/ST/STM32CubeIDE_1.16.1/STM32CubeIDE/plugins/com.st.stm32cube.ide.mcu.externaltools.gnu-tools-for-stm32.13.3.rel1.win32_1.0.0.202411081344/tools/bin/../lib/gcc/arm-none-eabi/13.3.1/../../../../arm-none-eabi/lib/thumb/v7e-m+dp/hard\libc_nano.a(libc_a-findfp.o)
 .ARM.attributes
                0x00000655       0x32 C:/ST/STM32CubeIDE_1.16.1/STM32CubeIDE/plugins/com.st.stm32cube.ide.mcu.externaltools.gnu-tools-for-stm32.13.3.rel1.win32_1.0.0.202411081344/tools/bin/../lib/gcc/arm-none-eabi/13.3.1/../../../../arm-none-eabi/lib/thumb/v7e-m+dp/hard\libc_nano.a(libc_a-memset.o)
 .ARM.attributes
                0x00000687       0x32 C:/ST/STM32CubeIDE_1.16.1/STM32CubeIDE/plugins/com.st.stm32cube.ide.mcu.externaltools.gnu-tools-for-stm32.13.3.rel1.win32_1.0.0.202411081344/tools/bin/../lib/gcc/arm-none-eabi/13.3.1/../../../../arm-none-eabi/lib/thumb/v7e-m+dp/hard\libc_nano.a(libc_a-impure.o)
 .ARM.attributes
                0x000006b9       0x32 C:/ST/STM32CubeIDE_1.16.1/STM32CubeIDE/plugins/com.st.stm32cube.ide.mcu.externaltools.gnu-tools-for-stm32.13.3.rel1.win32_1.0.0.202411081344/tools/bin/../lib/gcc/arm-none-eabi/13.3.1/../../../../arm-none-eabi/lib/thumb/v7e-m+dp/hard\libc_nano.a(libc_a-errno.o)
 .ARM.attributes
                0x000006eb       0x32 C:/ST/STM32CubeIDE_1.16.1/STM32CubeIDE/plugins/com.st.stm32cube.ide.mcu.externaltools.gnu-tools-for-stm32.13.3.rel1.win32_1.0.0.202411081344/tools/bin/../lib/gcc/arm-none-eabi/13.3.1/../../../../arm-none-eabi/lib/thumb/v7e-m+dp/hard\libc_nano.a(libc_a-init.o)
 .ARM.attributes
                0x0000071d       0x32 C:/ST/STM32CubeIDE_1.16.1/STM32CubeIDE/plugins/com.st.stm32cube.ide.mcu.externaltools.gnu-tools-for-stm32.13.3.rel1.win32_1.0.0.202411081344/tools/bin/../lib/gcc/arm-none-eabi/13.3.1/../../../../arm-none-eabi/lib/thumb/v7e-m+dp/hard\libc_nano.a(libc_a-memcpy-stub.o)
 .ARM.attributes
                0x0000074f       0x32 C:/ST/STM32CubeIDE_1.16.1/STM32CubeIDE/plugins/com.st.stm32cube.ide.mcu.externaltools.gnu-tools-for-stm32.13.3.rel1.win32_1.0.0.202411081344/tools/bin/../lib/gcc/arm-none-eabi/13.3.1/../../../../arm-none-eabi/lib/thumb/v7e-m+dp/hard\libm.a(libm_a-sf_exp.o)
 .ARM.attributes
                0x00000781       0x32 C:/ST/STM32CubeIDE_1.16.1/STM32CubeIDE/plugins/com.st.stm32cube.ide.mcu.externaltools.gnu-tools-for-stm32.13.3.rel1.win32_1.0.0.202411081344/tools/bin/../lib/gcc/arm-none-eabi/13.3.1/../../../../arm-none-eabi/lib/thumb/v7e-m+dp/hard\libm.a(libm_a-sf_exp2_data.o)
 .ARM.attributes
                0x000007b3       0x32 C:/ST/STM32CubeIDE_1.16.1/STM32CubeIDE/plugins/com.st.stm32cube.ide.mcu.externaltools.gnu-tools-for-stm32.13.3.rel1.win32_1.0.0.202411081344/tools/bin/../lib/gcc/arm-none-eabi/13.3.1/../../../../arm-none-eabi/lib/thumb/v7e-m+dp/hard\libm.a(libm_a-math_errf.o)
 .ARM.attributes
                0x000007e5       0x20 C:/ST/STM32CubeIDE_1.16.1/STM32CubeIDE/plugins/com.st.stm32cube.ide.mcu.externaltools.gnu-tools-for-stm32.13.3.rel1.win32_1.0.0.202411081344/tools/bin/../lib/gcc/arm-none-eabi/13.3.1/thumb/v7e-m+dp/hard/crtn.o
OUTPUT(Dossard_CM7.elf elf32-littlearm)
LOAD linker stubs
LOAD C:/ST/STM32CubeIDE_1.16.1/STM32CubeIDE/plugins/com.st.stm32cube.ide.mcu.externaltools.gnu-tools-for-stm32.13.3.rel1.win32_1.0.0.202411081344/tools/bin/../lib/gcc/arm-none-eabi/13.3.1/../../../../arm-none-eabi/lib/thumb/v7e-m+dp/hard\libc.a
LOAD C:/ST/STM32CubeIDE_1.16.1/STM32CubeIDE/plugins/com.st.stm32cube.ide.mcu.externaltools.gnu-tools-for-stm32.13.3.rel1.win32_1.0.0.202411081344/tools/bin/../lib/gcc/arm-none-eabi/13.3.1/../../../../arm-none-eabi/lib/thumb/v7e-m+dp/hard\libm.a
LOAD C:/ST/STM32CubeIDE_1.16.1/STM32CubeIDE/plugins/com.st.stm32cube.ide.mcu.externaltools.gnu-tools-for-stm32.13.3.rel1.win32_1.0.0.202411081344/tools/bin/../lib/gcc/arm-none-eabi/13.3.1/thumb/v7e-m+dp/hard\libgcc.a

.debug_info     0x00000000    0x13f7b
 .debug_info    0x00000000      0xe73 ./Common/Src/system_stm32h7xx_dualcore_boot_cm4_cm7.o
 .debug_info    0x00000e73     0x1d93 ./Core/Src/main.o
 .debug_info    0x00002c06      0x832 ./Core/Src/stm32h7xx_hal_msp.o
 .debug_info    0x00003438      0x129 ./Core/Src/stm32h7xx_it.o
 .debug_info    0x00003561       0x30 ./Core/Startup/startup_stm32h745zitx.o
 .debug_info    0x00003591     0x1774 ./Drivers/STM32H7xx_HAL_Driver/stm32h7xx_hal.o
 .debug_info    0x00004d05     0x10cf ./Drivers/STM32H7xx_HAL_Driver/stm32h7xx_hal_cortex.o
 .debug_info    0x00005dd4      0x3d3 ./Drivers/STM32H7xx_HAL_Driver/stm32h7xx_hal_hsem.o
 .debug_info    0x000061a7     0x1225 ./Drivers/STM32H7xx_HAL_Driver/stm32h7xx_hal_pwr_ex.o
 .debug_info    0x000073cc      0xe67 ./Drivers/STM32H7xx_HAL_Driver/stm32h7xx_hal_rcc.o
 .debug_info    0x00008233     0x3d8a ./Middlewares/Third_Party/FreeRTOS/cmsis_os2.o
 .debug_info    0x0000bfbd      0x4d5 ./Middlewares/Third_Party/FreeRTOS/heap_4.o
 .debug_info    0x0000c492      0x2af ./Middlewares/Third_Party/FreeRTOS/list.o
 .debug_info    0x0000c741      0x4de ./Middlewares/Third_Party/FreeRTOS/port.o
 .debug_info    0x0000cc1f     0x1b79 ./Middlewares/Third_Party/FreeRTOS/queue.o
 .debug_info    0x0000e798     0x21ec ./Middlewares/Third_Party/FreeRTOS/tasks.o
 .debug_info    0x00010984     0x1488 ./Middlewares/Third_Party/FreeRTOS/timers.o
 .debug_info    0x00011e0c     0x1a22 ./X-CUBE-AI/App/athlet.o
 .debug_info    0x0001382e      0x601 ./X-CUBE-AI/App/athlet_data.o
 .debug_info    0x00013e2f      0x14c ./X-CUBE-AI/App/athlet_data_params.o

.debug_abbrev   0x00000000     0x2fc2
 .debug_abbrev  0x00000000      0x165 ./Common/Src/system_stm32h7xx_dualcore_boot_cm4_cm7.o
 .debug_abbrev  0x00000165      0x414 ./Core/Src/main.o
 .debug_abbrev  0x00000579      0x11c ./Core/Src/stm32h7xx_hal_msp.o
 .debug_abbrev  0x00000695       0xaa ./Core/Src/stm32h7xx_it.o
 .debug_abbrev  0x0000073f       0x24 ./Core/Startup/startup_stm32h745zitx.o
 .debug_abbrev  0x00000763      0x295 ./Drivers/STM32H7xx_HAL_Driver/stm32h7xx_hal.o
 .debug_abbrev  0x000009f8      0x339 ./Drivers/STM32H7xx_HAL_Driver/stm32h7xx_hal_cortex.o
 .debug_abbrev  0x00000d31      0x1d3 ./Drivers/STM32H7xx_HAL_Driver/stm32h7xx_hal_hsem.o
 .debug_abbrev  0x00000f04      0x2d7 ./Drivers/STM32H7xx_HAL_Driver/stm32h7xx_hal_pwr_ex.o
 .debug_abbrev  0x000011db      0x2c8 ./Drivers/STM32H7xx_HAL_Driver/stm32h7xx_hal_rcc.o
 .debug_abbrev  0x000014a3      0x50a ./Middlewares/Third_Party/FreeRTOS/cmsis_os2.o
 .debug_abbrev  0x000019ad      0x21d ./Middlewares/Third_Party/FreeRTOS/heap_4.o
 .debug_abbrev  0x00001bca       0xf5 ./Middlewares/Third_Party/FreeRTOS/list.o
 .debug_abbrev  0x00001cbf      0x25c ./Middlewares/Third_Party/FreeRTOS/port.o
 .debug_abbrev  0x00001f1b      0x3b6 ./Middlewares/Third_Party/FreeRTOS/queue.o
 .debug_abbrev  0x000022d1      0x386 ./Middlewares/Third_Party/FreeRTOS/tasks.o
 .debug_abbrev  0x00002657      0x352 ./Middlewares/Third_Party/FreeRTOS/timers.o
 .debug_abbrev  0x000029a9      0x35f ./X-CUBE-AI/App/athlet.o
 .debug_abbrev  0x00002d08      0x20e ./X-CUBE-AI/App/athlet_data.o
 .debug_abbrev  0x00002f16       0xac ./X-CUBE-AI/App/athlet_data_params.o

.debug_aranges  0x00000000      0xfb0
 .debug_aranges
                0x00000000       0x30 ./Common/Src/system_stm32h7xx_dualcore_boot_cm4_cm7.o
 .debug_aranges
                0x00000030       0x70 ./Core/Src/main.o
 .debug_aranges
                0x000000a0       0x20 ./Core/Src/stm32h7xx_hal_msp.o
 .debug_aranges
                0x000000c0       0x50 ./Core/Src/stm32h7xx_it.o
 .debug_aranges
                0x00000110       0x28 ./Core/Startup/startup_stm32h745zitx.o
 .debug_aranges
                0x00000138      0x200 ./Drivers/STM32H7xx_HAL_Driver/stm32h7xx_hal.o
 .debug_aranges
                0x00000338      0x130 ./Drivers/STM32H7xx_HAL_Driver/stm32h7xx_hal_cortex.o
 .debug_aranges
                0x00000468       0x70 ./Drivers/STM32H7xx_HAL_Driver/stm32h7xx_hal_hsem.o
 .debug_aranges
                0x000004d8      0x170 ./Drivers/STM32H7xx_HAL_Driver/stm32h7xx_hal_pwr_ex.o
 .debug_aranges
                0x00000648       0x88 ./Drivers/STM32H7xx_HAL_Driver/stm32h7xx_hal_rcc.o
 .debug_aranges
                0x000006d0      0x2a8 ./Middlewares/Third_Party/FreeRTOS/cmsis_os2.o
 .debug_aranges
                0x00000978       0x58 ./Middlewares/Third_Party/FreeRTOS/heap_4.o
 .debug_aranges
                0x000009d0       0x40 ./Middlewares/Third_Party/FreeRTOS/list.o
 .debug_aranges
                0x00000a10       0x80 ./Middlewares/Third_Party/FreeRTOS/port.o
 .debug_aranges
                0x00000a90      0x158 ./Middlewares/Third_Party/FreeRTOS/queue.o
 .debug_aranges
                0x00000be8      0x208 ./Middlewares/Third_Party/FreeRTOS/tasks.o
 .debug_aranges
                0x00000df0       0xf0 ./Middlewares/Third_Party/FreeRTOS/timers.o
 .debug_aranges
                0x00000ee0       0x80 ./X-CUBE-AI/App/athlet.o
 .debug_aranges
                0x00000f60       0x38 ./X-CUBE-AI/App/athlet_data.o
 .debug_aranges
                0x00000f98       0x18 ./X-CUBE-AI/App/athlet_data_params.o

.debug_rnglists
                0x00000000      0xbc0
 .debug_rnglists
                0x00000000       0x21 ./Common/Src/system_stm32h7xx_dualcore_boot_cm4_cm7.o
 .debug_rnglists
                0x00000021       0x52 ./Core/Src/main.o
 .debug_rnglists
                0x00000073       0x13 ./Core/Src/stm32h7xx_hal_msp.o
 .debug_rnglists
                0x00000086       0x37 ./Core/Src/stm32h7xx_it.o
 .debug_rnglists
                0x000000bd       0x19 ./Core/Startup/startup_stm32h745zitx.o
 .debug_rnglists
                0x000000d6      0x180 ./Drivers/STM32H7xx_HAL_Driver/stm32h7xx_hal.o
 .debug_rnglists
                0x00000256       0xe0 ./Drivers/STM32H7xx_HAL_Driver/stm32h7xx_hal_cortex.o
 .debug_rnglists
                0x00000336       0x4f ./Drivers/STM32H7xx_HAL_Driver/stm32h7xx_hal_hsem.o
 .debug_rnglists
                0x00000385      0x117 ./Drivers/STM32H7xx_HAL_Driver/stm32h7xx_hal_pwr_ex.o
 .debug_rnglists
                0x0000049c       0x68 ./Drivers/STM32H7xx_HAL_Driver/stm32h7xx_hal_rcc.o
 .debug_rnglists
                0x00000504      0x20c ./Middlewares/Third_Party/FreeRTOS/cmsis_os2.o
 .debug_rnglists
                0x00000710       0x42 ./Middlewares/Third_Party/FreeRTOS/heap_4.o
 .debug_rnglists
                0x00000752       0x2b ./Middlewares/Third_Party/FreeRTOS/list.o
 .debug_rnglists
                0x0000077d       0x5d ./Middlewares/Third_Party/FreeRTOS/port.o
 .debug_rnglists
                0x000007da      0x109 ./Middlewares/Third_Party/FreeRTOS/queue.o
 .debug_rnglists
                0x000008e3      0x1a0 ./Middlewares/Third_Party/FreeRTOS/tasks.o
 .debug_rnglists
                0x00000a83       0xb8 ./Middlewares/Third_Party/FreeRTOS/timers.o
 .debug_rnglists
                0x00000b3b       0x60 ./X-CUBE-AI/App/athlet.o
 .debug_rnglists
                0x00000b9b       0x25 ./X-CUBE-AI/App/athlet_data.o

.debug_macro    0x00000000    0x3ae93
 .debug_macro   0x00000000      0x280 ./Common/Src/system_stm32h7xx_dualcore_boot_cm4_cm7.o
 .debug_macro   0x00000280      0xafc ./Common/Src/system_stm32h7xx_dualcore_boot_cm4_cm7.o
 .debug_macro   0x00000d7c       0x2e ./Common/Src/system_stm32h7xx_dualcore_boot_cm4_cm7.o
 .debug_macro   0x00000daa       0x49 ./Common/Src/system_stm32h7xx_dualcore_boot_cm4_cm7.o
 .debug_macro   0x00000df3       0x22 ./Common/Src/system_stm32h7xx_dualcore_boot_cm4_cm7.o
 .debug_macro   0x00000e15       0x8e ./Common/Src/system_stm32h7xx_dualcore_boot_cm4_cm7.o
 .debug_macro   0x00000ea3       0x51 ./Common/Src/system_stm32h7xx_dualcore_boot_cm4_cm7.o
 .debug_macro   0x00000ef4      0x103 ./Common/Src/system_stm32h7xx_dualcore_boot_cm4_cm7.o
 .debug_macro   0x00000ff7       0x6a ./Common/Src/system_stm32h7xx_dualcore_boot_cm4_cm7.o
 .debug_macro   0x00001061      0x1df ./Common/Src/system_stm32h7xx_dualcore_boot_cm4_cm7.o
 .debug_macro   0x00001240       0x1c ./Common/Src/system_stm32h7xx_dualcore_boot_cm4_cm7.o
 .debug_macro   0x0000125c       0x22 ./Common/Src/system_stm32h7xx_dualcore_boot_cm4_cm7.o
 .debug_macro   0x0000127e       0xfb ./Common/Src/system_stm32h7xx_dualcore_boot_cm4_cm7.o
 .debug_macro   0x00001379     0x1305 ./Common/Src/system_stm32h7xx_dualcore_boot_cm4_cm7.o
 .debug_macro   0x0000267e      0x11f ./Common/Src/system_stm32h7xx_dualcore_boot_cm4_cm7.o
 .debug_macro   0x0000279d       0x27 ./Common/Src/system_stm32h7xx_dualcore_boot_cm4_cm7.o
 .debug_macro   0x000027c4    0x2706d ./Common/Src/system_stm32h7xx_dualcore_boot_cm4_cm7.o
 .debug_macro   0x00029831       0x6d ./Common/Src/system_stm32h7xx_dualcore_boot_cm4_cm7.o
 .debug_macro   0x0002989e      0x22c ./Common/Src/system_stm32h7xx_dualcore_boot_cm4_cm7.o
 .debug_macro   0x00029aca     0x3d79 ./Common/Src/system_stm32h7xx_dualcore_boot_cm4_cm7.o
 .debug_macro   0x0002d843      0x190 ./Common/Src/system_stm32h7xx_dualcore_boot_cm4_cm7.o
 .debug_macro   0x0002d9d3       0x61 ./Common/Src/system_stm32h7xx_dualcore_boot_cm4_cm7.o
 .debug_macro   0x0002da34       0x29 ./Common/Src/system_stm32h7xx_dualcore_boot_cm4_cm7.o
 .debug_macro   0x0002da5d       0x43 ./Common/Src/system_stm32h7xx_dualcore_boot_cm4_cm7.o
 .debug_macro   0x0002daa0       0x34 ./Common/Src/system_stm32h7xx_dualcore_boot_cm4_cm7.o
 .debug_macro   0x0002dad4      0x370 ./Common/Src/system_stm32h7xx_dualcore_boot_cm4_cm7.o
 .debug_macro   0x0002de44       0x16 ./Common/Src/system_stm32h7xx_dualcore_boot_cm4_cm7.o
 .debug_macro   0x0002de5a       0x4a ./Common/Src/system_stm32h7xx_dualcore_boot_cm4_cm7.o
 .debug_macro   0x0002dea4       0x34 ./Common/Src/system_stm32h7xx_dualcore_boot_cm4_cm7.o
 .debug_macro   0x0002ded8       0x10 ./Common/Src/system_stm32h7xx_dualcore_boot_cm4_cm7.o
 .debug_macro   0x0002dee8       0x58 ./Common/Src/system_stm32h7xx_dualcore_boot_cm4_cm7.o
 .debug_macro   0x0002df40       0x8e ./Common/Src/system_stm32h7xx_dualcore_boot_cm4_cm7.o
 .debug_macro   0x0002dfce       0x1c ./Common/Src/system_stm32h7xx_dualcore_boot_cm4_cm7.o
 .debug_macro   0x0002dfea      0x185 ./Common/Src/system_stm32h7xx_dualcore_boot_cm4_cm7.o
 .debug_macro   0x0002e16f      0x19b ./Common/Src/system_stm32h7xx_dualcore_boot_cm4_cm7.o
 .debug_macro   0x0002e30a       0x5d ./Common/Src/system_stm32h7xx_dualcore_boot_cm4_cm7.o
 .debug_macro   0x0002e367     0x3a9d ./Common/Src/system_stm32h7xx_dualcore_boot_cm4_cm7.o
 .debug_macro   0x00031e04     0x1072 ./Common/Src/system_stm32h7xx_dualcore_boot_cm4_cm7.o
 .debug_macro   0x00032e76      0x154 ./Common/Src/system_stm32h7xx_dualcore_boot_cm4_cm7.o
 .debug_macro   0x00032fca      0x130 ./Common/Src/system_stm32h7xx_dualcore_boot_cm4_cm7.o
 .debug_macro   0x000330fa      0x3c2 ./Common/Src/system_stm32h7xx_dualcore_boot_cm4_cm7.o
 .debug_macro   0x000334bc       0xac ./Common/Src/system_stm32h7xx_dualcore_boot_cm4_cm7.o
 .debug_macro   0x00033568      0x72d ./Common/Src/system_stm32h7xx_dualcore_boot_cm4_cm7.o
 .debug_macro   0x00033c95      0x228 ./Common/Src/system_stm32h7xx_dualcore_boot_cm4_cm7.o
 .debug_macro   0x00033ebd       0x66 ./Common/Src/system_stm32h7xx_dualcore_boot_cm4_cm7.o
 .debug_macro   0x00033f23      0x3bb ./Common/Src/system_stm32h7xx_dualcore_boot_cm4_cm7.o
 .debug_macro   0x000342de      0x407 ./Common/Src/system_stm32h7xx_dualcore_boot_cm4_cm7.o
 .debug_macro   0x000346e5      0x27c ./Common/Src/system_stm32h7xx_dualcore_boot_cm4_cm7.o
 .debug_macro   0x00034961      0x3ca ./Common/Src/system_stm32h7xx_dualcore_boot_cm4_cm7.o
 .debug_macro   0x00034d2b      0x4a2 ./Common/Src/system_stm32h7xx_dualcore_boot_cm4_cm7.o
 .debug_macro   0x000351cd       0x51 ./Common/Src/system_stm32h7xx_dualcore_boot_cm4_cm7.o
 .debug_macro   0x0003521e       0x4a ./Common/Src/system_stm32h7xx_dualcore_boot_cm4_cm7.o
 .debug_macro   0x00035268      0x22c ./Common/Src/system_stm32h7xx_dualcore_boot_cm4_cm7.o
 .debug_macro   0x00035494       0x67 ./Common/Src/system_stm32h7xx_dualcore_boot_cm4_cm7.o
 .debug_macro   0x000354fb       0xa5 ./Common/Src/system_stm32h7xx_dualcore_boot_cm4_cm7.o
 .debug_macro   0x000355a0      0x218 ./Common/Src/system_stm32h7xx_dualcore_boot_cm4_cm7.o
 .debug_macro   0x000357b8      0x2ea ./Common/Src/system_stm32h7xx_dualcore_boot_cm4_cm7.o
 .debug_macro   0x00035aa2       0x35 ./Common/Src/system_stm32h7xx_dualcore_boot_cm4_cm7.o
 .debug_macro   0x00035ad7      0x7a4 ./Common/Src/system_stm32h7xx_dualcore_boot_cm4_cm7.o
 .debug_macro   0x0003627b      0x3b2 ./Core/Src/main.o
 .debug_macro   0x0003662d      0x169 ./Core/Src/main.o
 .debug_macro   0x00036796       0x66 ./Core/Src/main.o
 .debug_macro   0x000367fc       0x74 ./Core/Src/main.o
 .debug_macro   0x00036870       0xdd ./Core/Src/main.o
 .debug_macro   0x0003694d       0x7c ./Core/Src/main.o
 .debug_macro   0x000369c9       0x10 ./Core/Src/main.o
 .debug_macro   0x000369d9       0x3c ./Core/Src/main.o
 .debug_macro   0x00036a15      0x460 ./Core/Src/main.o
 .debug_macro   0x00036e75       0x22 ./Core/Src/main.o
 .debug_macro   0x00036e97       0x22 ./Core/Src/main.o
 .debug_macro   0x00036eb9      0x342 ./Core/Src/main.o
 .debug_macro   0x000371fb       0x88 ./Core/Src/main.o
 .debug_macro   0x00037283       0x4c ./Core/Src/main.o
 .debug_macro   0x000372cf       0x10 ./Core/Src/main.o
 .debug_macro   0x000372df      0x28a ./Core/Src/stm32h7xx_hal_msp.o
 .debug_macro   0x00037569      0x2fc ./Core/Src/stm32h7xx_it.o
 .debug_macro   0x00037865      0x2aa ./Drivers/STM32H7xx_HAL_Driver/stm32h7xx_hal.o
 .debug_macro   0x00037b0f      0x280 ./Drivers/STM32H7xx_HAL_Driver/stm32h7xx_hal_cortex.o
 .debug_macro   0x00037d8f      0x292 ./Drivers/STM32H7xx_HAL_Driver/stm32h7xx_hal_hsem.o
 .debug_macro   0x00038021      0x2b9 ./Drivers/STM32H7xx_HAL_Driver/stm32h7xx_hal_pwr_ex.o
 .debug_macro   0x000382da      0x2a4 ./Drivers/STM32H7xx_HAL_Driver/stm32h7xx_hal_rcc.o
 .debug_macro   0x0003857e      0x3df ./Middlewares/Third_Party/FreeRTOS/cmsis_os2.o
 .debug_macro   0x0003895d       0x10 ./Middlewares/Third_Party/FreeRTOS/cmsis_os2.o
 .debug_macro   0x0003896d       0x20 ./Middlewares/Third_Party/FreeRTOS/cmsis_os2.o
 .debug_macro   0x0003898d       0x10 ./Middlewares/Third_Party/FreeRTOS/cmsis_os2.o
 .debug_macro   0x0003899d       0xf5 ./Middlewares/Third_Party/FreeRTOS/cmsis_os2.o
 .debug_macro   0x00038a92       0x91 ./Middlewares/Third_Party/FreeRTOS/cmsis_os2.o
 .debug_macro   0x00038b23       0x8d ./Middlewares/Third_Party/FreeRTOS/cmsis_os2.o
 .debug_macro   0x00038bb0       0x9a ./Middlewares/Third_Party/FreeRTOS/cmsis_os2.o
 .debug_macro   0x00038c4a       0x22 ./Middlewares/Third_Party/FreeRTOS/cmsis_os2.o
 .debug_macro   0x00038c6c      0x1ae ./Middlewares/Third_Party/FreeRTOS/heap_4.o