../Core/Src/main.c:110:5:main	56	static,ignoring_inline_asm
../Core/Src/main.c:252:6:SystemClock_Config	120	static
../Core/Src/main.c:310:13:MX_DMA_Init	16	static
../Core/Src/main.c:319:13:Mailbox_NotifyCallback	4	static
../Core/Src/main.c:324:13:Mailbox_Init	8	static
../Core/Src/main.c:332:6:HAL_HSEM_FreeCallback	16	static
../Core/Src/main.c:339:13:AI_Init	120	static
../Core/Src/main.c:367:15:AI_RunOnce	32	static
../Core/Src/main.c:390:6:StartDefaultTask	16	static
../Core/Src/main.c:403:6:MPU_Config	24	static
../Core/Src/main.c:434:6:Error_Handler	4	static,ignoring_inline_asm
