Archive member included to satisfy reference by file (symbol)

C:/ST/STM32CubeIDE_1.16.1/STM32CubeIDE/plugins/com.st.stm32cube.ide.mcu.externaltools.gnu-tools-for-stm32.13.3.rel1.win32_1.0.0.202411081344/tools/bin/../lib/gcc/arm-none-eabi/13.3.1/../../../../arm-none-eabi/lib/thumb/v7e-m+fp/hard\libc_nano.a(libc_a-exit.o)
                              C:/ST/STM32CubeIDE_1.16.1/STM32CubeIDE/plugins/com.st.stm32cube.ide.mcu.externaltools.gnu-tools-for-stm32.13.3.rel1.win32_1.0.0.202411081344/tools/bin/../lib/gcc/arm-none-eabi/13.3.1/../../../../arm-none-eabi/lib/thumb/v7e-m+fp/hard/crt0.o (exit)
C:/ST/STM32CubeIDE_1.16.1/STM32CubeIDE/plugins/com.st.stm32cube.ide.mcu.externaltools.gnu-tools-for-stm32.13.3.rel1.win32_1.0.0.202411081344/tools/bin/../lib/gcc/arm-none-eabi/13.3.1/../../../../arm-none-eabi/lib/thumb/v7e-m+fp/hard\libc_nano.a(libc_a-findfp.o)
                              C:/ST/STM32CubeIDE_1.16.1/STM32CubeIDE/plugins/com.st.stm32cube.ide.mcu.externaltools.gnu-tools-for-stm32.13.3.rel1.win32_1.0.0.202411081344/tools/bin/../lib/gcc/arm-none-eabi/13.3.1/../../../../arm-none-eabi/lib/thumb/v7e-m+fp/hard\libc_nano.a(libc_a-exit.o) (__stdio_exit_handler)
C:/ST/STM32CubeIDE_1.16.1/STM32CubeIDE/plugins/com.st.stm32cube.ide.mcu.externaltools.gnu-tools-for-stm32.13.3.rel1.win32_1.0.0.202411081344/tools/bin/../lib/gcc/arm-none-eabi/13.3.1/../../../../arm-none-eabi/lib/thumb/v7e-m+fp/hard\libc_nano.a(libc_a-fwalk.o)
                              C:/ST/STM32CubeIDE_1.16.1/STM32CubeIDE/plugins/com.st.stm32cube.ide.mcu.externaltools.gnu-tools-for-stm32.13.3.rel1.win32_1.0.0.202411081344/tools/bin/../lib/gcc/arm-none-eabi/13.3.1/../../../../arm-none-eabi/lib/thumb/v7e-m+fp/hard\libc_nano.a(libc_a-findfp.o) (_fwalk_sglue)
C:/ST/STM32CubeIDE_1.16.1/STM32CubeIDE/plugins/com.st.stm32cube.ide.mcu.externaltools.gnu-tools-for-stm32.13.3.rel1.win32_1.0.0.202411081344/tools/bin/../lib/gcc/arm-none-eabi/13.3.1/../../../../arm-none-eabi/lib/thumb/v7e-m+fp/hard\libc_nano.a(libc_a-printf.o)
                              ./Core/Src/main.o (printf)
C:/ST/STM32CubeIDE_1.16.1/STM32CubeIDE/plugins/com.st.stm32cube.ide.mcu.externaltools.gnu-tools-for-stm32.13.3.rel1.win32_1.0.0.202411081344/tools/bin/../lib/gcc/arm-none-eabi/13.3.1/../../../../arm-none-eabi/lib/thumb/v7e-m+fp/hard\libc_nano.a(libc_a-puts.o)
                              ./Core/Src/main.o (puts)
C:/ST/STM32CubeIDE_1.16.1/STM32CubeIDE/plugins/com.st.stm32cube.ide.mcu.externaltools.gnu-tools-for-stm32.13.3.rel1.win32_1.0.0.202411081344/tools/bin/../lib/gcc/arm-none-eabi/13.3.1/../../../../arm-none-eabi/lib/thumb/v7e-m+fp/hard\libc_nano.a(libc_a-sprintf.o)
                              ./Core/Src/main.o (sprintf)
C:/ST/STM32CubeIDE_1.16.1/STM32CubeIDE/plugins/com.st.stm32cube.ide.mcu.externaltools.gnu-tools-for-stm32.13.3.rel1.win32_1.0.0.202411081344/tools/bin/../lib/gcc/arm-none-eabi/13.3.1/../../../../arm-none-eabi/lib/thumb/v7e-m+fp/hard\libc_nano.a(libc_a-stdio.o)
                              C:/ST/STM32CubeIDE_1.16.1/STM32CubeIDE/plugins/com.st.stm32cube.ide.mcu.externaltools.gnu-tools-for-stm32.13.3.rel1.win32_1.0.0.202411081344/tools/bin/../lib/gcc/arm-none-eabi/13.3.1/../../../../arm-none-eabi/lib/thumb/v7e-m+fp/hard\libc_nano.a(libc_a-findfp.o) (__sread)
C:/ST/STM32CubeIDE_1.16.1/STM32CubeIDE/plugins/com.st.stm32cube.ide.mcu.externaltools.gnu-tools-for-stm32.13.3.rel1.win32_1.0.0.202411081344/tools/bin/../lib/gcc/arm-none-eabi/13.3.1/../../../../arm-none-eabi/lib/thumb/v7e-m+fp/hard\libc_nano.a(libc_a-wbuf.o)
                              C:/ST/STM32CubeIDE_1.16.1/STM32CubeIDE/plugins/com.st.stm32cube.ide.mcu.externaltools.gnu-tools-for-stm32.13.3.rel1.win32_1.0.0.202411081344/tools/bin/../lib/gcc/arm-none-eabi/13.3.1/../../../../arm-none-eabi/lib/thumb/v7e-m+fp/hard\libc_nano.a(libc_a-puts.o) (__swbuf_r)
C:/ST/STM32CubeIDE_1.16.1/STM32CubeIDE/plugins/com.st.stm32cube.ide.mcu.externaltools.gnu-tools-for-stm32.13.3.rel1.win32_1.0.0.202411081344/tools/bin/../lib/gcc/arm-none-eabi/13.3.1/../../../../arm-none-eabi/lib/thumb/v7e-m+fp/hard\libc_nano.a(libc_a-wsetup.o)
                              C:/ST/STM32CubeIDE_1.16.1/STM32CubeIDE/plugins/com.st.stm32cube.ide.mcu.externaltools.gnu-tools-for-stm32.13.3.rel1.win32_1.0.0.202411081344/tools/bin/../lib/gcc/arm-none-eabi/13.3.1/../../../../arm-none-eabi/lib/thumb/v7e-m+fp/hard\libc_nano.a(libc_a-puts.o) (__swsetup_r)
C:/ST/STM32CubeIDE_1.16.1/STM32CubeIDE/plugins/com.st.stm32cube.ide.mcu.externaltools.gnu-tools-for-stm32.13.3.rel1.win32_1.0.0.202411081344/tools/bin/../lib/gcc/arm-none-eabi/13.3.1/../../../../arm-none-eabi/lib/thumb/v7e-m+fp/hard\libc_nano.a(libc_a-memset.o)
                              C:/ST/STM32CubeIDE_1.16.1/STM32CubeIDE/plugins/com.st.stm32cube.ide.mcu.externaltools.gnu-tools-for-stm32.13.3.rel1.win32_1.0.0.202411081344/tools/bin/../lib/gcc/arm-none-eabi/13.3.1/../../../../arm-none-eabi/lib/thumb/v7e-m+fp/hard/crt0.o (memset)
[...]
Memory Configuration

Name             Origin             Length             Attributes
FLASH            0x08100000         0x00100000         xr
RAM              0x10000000         0x00048000         xrw
*default*        0x00000000         0xffffffff

Linker script and memory map

LOAD C:/ST/STM32CubeIDE_1.16.1/STM32CubeIDE/plugins/com.st.stm32cube.ide.mcu.externaltools.gnu-tools-for-stm32.13.3.rel1.win32_1.0.0.202411081344/tools/bin/../lib/gcc/arm-none-eabi/13.3.1/thumb/v7e-m+fp/hard/crti.o
LOAD C:/ST/STM32CubeIDE_1.16.1/STM32CubeIDE/plugins/com.st.stm32cube.ide.mcu.externaltools.gnu-tools-for-stm32.13.3.rel1.win32_1.0.0.202411081344/tools/bin/../lib/gcc/arm-none-eabi/13.3.1/thumb/v7e-m+fp/hard/crtbegin.o
LOAD C:/ST/STM32CubeIDE_1.16.1/STM32CubeIDE/plugins/com.st.stm32cube.ide.mcu.externaltools.gnu-tools-for-stm32.13.3.rel1.win32_1.0.0.202411081344/tools/bin/../lib/gcc/arm-none-eabi/13.3.1/../../../../arm-none-eabi/lib/thumb/v7e-m+fp/hard/crt0.o
LOAD ./Common/Src/system_stm32h7xx_dualcore_boot_cm4_cm7.o
LOAD ./Core/Src/aes.o
LOAD ./Core/Src/freertos.o
LOAD ./Core/Src/main.o
LOAD ./Core/Src/max30100_for_stm32_hal.o
LOAD ./Core/Src/stm32h7xx_hal_msp.o
LOAD ./Core/Src/stm32h7xx_it.o
LOAD ./Core/Src/sysmem.o
LOAD ./Core/Startup/startup_stm32h745zitx.o
LOAD ./Drivers/STM32H7xx_HAL_Driver/stm32h7xx_hal.o
LOAD ./Drivers/STM32H7xx_HAL_Driver/stm32h7xx_hal_adc.o
LOAD ./Drivers/STM32H7xx_HAL_Driver/stm32h7xx_hal_adc_ex.o
LOAD ./Drivers/STM32H7xx_HAL_Driver/stm32h7xx_hal_cortex.o
LOAD ./Drivers/STM32H7xx_HAL_Driver/stm32h7xx_hal_dma.o
LOAD ./Drivers/STM32H7xx_HAL_Driver/stm32h7xx_hal_dma_ex.o
LOAD ./Drivers/STM32H7xx_HAL_Driver/stm32h7xx_hal_exti.o
LOAD ./Drivers/STM32H7xx_HAL_Driver/stm32h7xx_hal_flash.o
LOAD ./Drivers/STM32H7xx_HAL_Driver/stm32h7xx_hal_flash_ex.o
LOAD ./Drivers/STM32H7xx_HAL_Driver/stm32h7xx_hal_gpio.o
LOAD ./Drivers/STM32H7xx_HAL_Driver/stm32h7xx_hal_hsem.o
LOAD ./Drivers/STM32H7xx_HAL_Driver/stm32h7xx_hal_i2c.o
LOAD ./Drivers/STM32H7xx_HAL_Driver/stm32h7xx_hal_i2c_ex.o
LOAD ./Drivers/STM32H7xx_HAL_Driver/stm32h7xx_hal_mdma.o
LOAD ./Drivers/STM32H7xx_HAL_Driver/stm32h7xx_hal_pwr.o
LOAD ./Drivers/STM32H7xx_HAL_Driver/stm32h7xx_hal_pwr_ex.o
LOAD ./Drivers/STM32H7xx_HAL_Driver/stm32h7xx_hal_rcc.o
LOAD ./Drivers/STM32H7xx_HAL_Driver/stm32h7xx_hal_rcc_ex.o
LOAD ./Drivers/STM32H7xx_HAL_Driver/stm32h7xx_hal_tim.o
LOAD ./Drivers/STM32H7xx_HAL_Driver/stm32h7xx_hal_tim_ex.o
LOAD ./Drivers/STM32H7xx_HAL_Driver/stm32h7xx_hal_uart.o
LOAD ./Drivers/STM32H7xx_HAL_Driver/stm32h7xx_hal_uart_ex.o
LOAD ./Middlewares/Third_Party/FreeRTOS/cmsis_os2.o
LOAD ./Middlewares/Third_Party/FreeRTOS/croutine.o
LOAD ./Middlewares/Third_Party/FreeRTOS/event_groups.o
LOAD ./Middlewares/Third_Party/FreeRTOS/heap_4.o
LOAD ./Middlewares/Third_Party/FreeRTOS/list.o
LOAD ./Middlewares/Third_Party/FreeRTOS/port.o
LOAD ./Middlewares/Third_Party/FreeRTOS/queue.o
LOAD ./Middlewares/Third_Party/FreeRTOS/stream_buffer.o
LOAD ./Middlewares/Third_Party/FreeRTOS/tasks.o
LOAD ./Middlewares/Third_Party/FreeRTOS/timers.o
START GROUP
LOAD C:/ST/STM32CubeIDE_1.16.1/STM32CubeIDE/plugins/com.st.stm32cube.ide.mcu.externaltools.gnu-tools-for-stm32.13.3.rel1.win32_1.0.0.202411081344/tools/bin/../lib/gcc/arm-none-eabi/13.3.1/../../../../arm-none-eabi/lib/thumb/v7e-m+fp/hard\libc_nano.a
LOAD C:/ST/STM32CubeIDE_1.16.1/STM32CubeIDE/plugins/com.st.stm32cube.ide.mcu.externaltools.gnu-tools-for-stm32.13.3.rel1.win32_1.0.0.202411081344/tools/bin/../lib/gcc/arm-none-eabi/13.3.1/../../../../arm-none-eabi/lib/thumb/v7e-m+fp/hard\libm.a
END GROUP
START GROUP
LOAD C:/ST/STM32CubeIDE_1.16.1/STM32CubeIDE/plugins/com.st.stm32cube.ide.mcu.externaltools.gnu-tools-for-stm32.13.3.rel1.win32_1.0.0.202411081344/tools/bin/../lib/gcc/arm-none-eabi/13.3.1/thumb/v7e-m+fp/hard\libgcc.a
LOAD C:/ST/STM32CubeIDE_1.16.1/STM32CubeIDE/plugins/com.st.stm32cube.ide.mcu.externaltools.gnu-tools-for-stm32.13.3.rel1.win32_1.0.0.202411081344/tools/bin/../lib/gcc/arm-none-eabi/13.3.1/../../../../arm-none-eabi/lib/thumb/v7e-m+fp/hard\libc_nano.a
END GROUP
START GROUP
LOAD C:/ST/STM32CubeIDE_1.16.1/STM32CubeIDE/plugins/com.st.stm32cube.ide.mcu.externaltools.gnu-tools-for-stm32.13.3.rel1.win32_1.0.0.202411081344/tools/bin/../lib/gcc/arm-none-eabi/13.3.1/thumb/v7e-m+fp/hard\libgcc.a
LOAD C:/ST/STM32CubeIDE_1.16.1/STM32CubeIDE/plugins/com.st.stm32cube.ide.mcu.externaltools.gnu-tools-for-stm32.13.3.rel1.win32_1.0.0.202411081344/tools/bin/../lib/gcc/arm-none-eabi/13.3.1/../../../../arm-none-eabi/lib/thumb/v7e-m+fp/hard\libc_nano.a
LOAD C:/ST/STM32CubeIDE_1.16.1/STM32CubeIDE/plugins/com.st.stm32cube.ide.mcu.externaltools.gnu-tools-for-stm32.13.3.rel1.win32_1.0.0.202411081344/tools/bin/../lib/gcc/arm-none-eabi/13.3.1/../../../../arm-none-eabi/lib/thumb/v7e-m+fp/hard\libnosys.a
END GROUP
START GROUP
LOAD C:/ST/STM32CubeIDE_1.16.1/STM32CubeIDE/plugins/com.st.stm32cube.ide.mcu.externaltools.gnu-tools-for-stm32.13.3.rel1.win32_1.0.0.202411081344/tools/bin/../lib/gcc/arm-none-eabi/13.3.1/thumb/v7e-m+fp/hard\libgcc.a
LOAD C:/ST/STM32CubeIDE_1.16.1/STM32CubeIDE/plugins/com.st.stm32cube.ide.mcu.externaltools.gnu-tools-for-stm32.13.3.rel1.win32_1.0.0.202411081344/tools/bin/../lib/gcc/arm-none-eabi/13.3.1/../../../../arm-none-eabi/lib/thumb/v7e-m+fp/hard\libc_nano.a
LOAD C:/ST/STM32CubeIDE_1.16.1/STM32CubeIDE/plugins/com.st.stm32cube.ide.mcu.externaltools.gnu-tools-for-stm32.13.3.rel1.win32_1.0.0.202411081344/tools/bin/../lib/gcc/arm-none-eabi/13.3.1/../../../../arm-none-eabi/lib/thumb/v7e-m+fp/hard\libnosys.a
END GROUP
LOAD C:/ST/STM32CubeIDE_1.16.1/STM32CubeIDE/plugins/com.st.stm32cube.ide.mcu.externaltools.gnu-tools-for-stm32.13.3.rel1.win32_1.0.0.202411081344/tools/bin/../lib/gcc/arm-none-eabi/13.3.1/thumb/v7e-m+fp/hard/crtend.o
LOAD C:/ST/STM32CubeIDE_1.16.1/STM32CubeIDE/plugins/com.st.stm32cube.ide.mcu.externaltools.gnu-tools-for-stm32.13.3.rel1.win32_1.0.0.202411081344/tools/bin/../lib/gcc/arm-none-eabi/13.3.1/thumb/v7e-m+fp/hard/crtn.o
                0x10048000                        _estack = (ORIGIN (RAM) + LENGTH (RAM))
                0x00000200                        _Min_Heap_Size = 0x200
                0x00000400                        _Min_Stack_Size = 0x400

.isr_vector     0x08100000      0x298
                0x08100000                        . = ALIGN (0x4)
 *(.isr_vector)
 .isr_vector    0x08100000      0x298 ./Core/Startup/startup_stm32h745zitx.o
                0x08100000                g_pfnVectors
                0x08100298                        . = ALIGN (0x4)

.text           0x081002a0    0x11a7c
                0x081002a0                        . = ALIGN (0x4)
 *(.text)
 .text          0x081002a0       0x40 C:/ST/STM32CubeIDE_1.16.1/STM32CubeIDE/plugins/com.st.stm32cube.ide.mcu.externaltools.gnu-tools-for-stm32.13.3.rel1.win32_1.0.0.202411081344/tools/bin/../lib/gcc/arm-none-eabi/13.3.1/thumb/v7e-m+fp/hard/crtbegin.o
 .text          0x081002e0       0x10 C:/ST/STM32CubeIDE_1.16.1/STM32CubeIDE/plugins/com.st.stm32cube.ide.mcu.externaltools.gnu-tools-for-stm32.13.3.rel1.win32_1.0.0.202411081344/tools/bin/../lib/gcc/arm-none-eabi/13.3.1/../../../../arm-none-eabi/lib/thumb/v7e-m+fp/hard\libc_nano.a(libc_a-strlen.o)
                0x081002e0                strlen
 .text          0x081002f0       0xa0 C:/ST/STM32CubeIDE_1.16.1/STM32CubeIDE/plugins/com.st.stm32cube.ide.mcu.externaltools.gnu-tools-for-stm32.13.3.rel1.win32_1.0.0.202411081344/tools/bin/../lib/gcc/arm-none-eabi/13.3.1/../../../../arm-none-eabi/lib/thumb/v7e-m+fp/hard\libc_nano.a(libc_a-memchr.o)
                0x081002f0                memchr
 .text          0x08100390      0x378 C:/ST/STM32CubeIDE_1.16.1/STM32CubeIDE/plugins/com.st.stm32cube.ide.mcu.externaltools.gnu-tools-for-stm32.13.3.rel1.win32_1.0.0.202411081344/tools/bin/../lib/gcc/arm-none-eabi/13.3.1/thumb/v7e-m+fp/hard\libgcc.a(_arm_addsubdf3.o)
                0x08100390                __aeabi_drsub
                0x08100398                __aeabi_dsub
                0x08100398                __subdf3
                0x0810039c                __aeabi_dadd
                0x0810039c                __adddf3
                0x08100614                __floatunsidf
                0x08100614                __aeabi_ui2d
                0x08100634                __floatsidf
                0x08100634                __aeabi_i2d
                0x08100658                __aeabi_f2d
                0x08100658                __extendsfdf2
                0x0810069c                __floatundidf
                0x0810069c                __aeabi_ul2d
                0x081006ac                __floatdidf
                0x081006ac                __aeabi_l2d
 .text          0x08100708       0x30 C:/ST/STM32CubeIDE_1.16.1/STM32CubeIDE/plugins/com.st.stm32cube.ide.mcu.externaltools.gnu-tools-for-stm32.13.3.rel1.win32_1.0.0.202411081344/tools/bin/../lib/gcc/arm-none-eabi/13.3.1/thumb/v7e-m+fp/hard\libgcc.a(_aeabi_uldivmod.o)
                0x08100708                __aeabi_uldivmod
 .text          0x08100738      0x2f8 C:/ST/STM32CubeIDE_1.16.1/STM32CubeIDE/plugins/com.st.stm32cube.ide.mcu.externaltools.gnu-tools-for-stm32.13.3.rel1.win32_1.0.0.202411081344/tools/bin/../lib/gcc/arm-none-eabi/13.3.1/thumb/v7e-m+fp/hard\libgcc.a(_udivmoddi4.o)
                0x08100738                __udivmoddi4
 .text          0x08100a30        0x4 C:/ST/STM32CubeIDE_1.16.1/STM32CubeIDE/plugins/com.st.stm32cube.ide.mcu.externaltools.gnu-tools-for-stm32.13.3.rel1.win32_1.0.0.202411081344/tools/bin/../lib/gcc/arm-none-eabi/13.3.1/thumb/v7e-m+fp/hard\libgcc.a(_dvmd_tls.o)
                0x08100a30                __aeabi_idiv0
                0x08100a30                __aeabi_ldiv0
 *(.text*)
 .text.SystemInit
                0x08100a34       0x30 ./Common/Src/system_stm32h7xx_dualcore_boot_cm4_cm7.o
                0x08100a34                SystemInit
 .text.ExitRun0Mode
                0x08100a64       0x34 ./Common/Src/system_stm32h7xx_dualcore_boot_cm4_cm7.o
                0x08100a64                ExitRun0Mode
 .text.KeyExpansion
                0x08100a98      0x1a0 ./Core/Src/aes.o
 .text.AES_init_ctx_iv
                0x08100c38       0x2c ./Core/Src/aes.o
                0x08100c38                AES_init_ctx_iv
 .text.AddRoundKey
                0x08100c64       0x78 ./Core/Src/aes.o
 .text.SubBytes
                0x08100cdc       0x64 ./Core/Src/aes.o
 .text.ShiftRows
                0x08100d40       0x84 ./Core/Src/aes.o
 .text.xtime    0x08100dc4       0x3e ./Core/Src/aes.o
 .text.MixColumns
                0x08100e02      0x16a ./Core/Src/aes.o
 .text.Cipher   0x08100f6c       0x5c ./Core/Src/aes.o
 .text.AES_CTR_xcrypt_buffer
                0x08100fc8       0xc6 ./Core/Src/aes.o
                0x08100fc8                AES_CTR_xcrypt_buffer
 *fill*         0x0810108e        0x2 
 .text.secure_uart_send
                0x08101090      0x130 ./Core/Src/main.o
 .text.main     0x081011c0      0x1b8 ./Core/Src/main.o
                0x081011c0                main
 .text.processMAX30100Data
                0x08101378      0x2f0 ./Core/Src/main.o
                0x08101378                processMAX30100Data
 .text.calculateDC
                0x08101668       0x70 ./Core/Src/main.o
                0x08101668                calculateDC
 .text.calculateAC
                0x081016d8       0x90 ./Core/Src/main.o
                0x081016d8                calculateAC
 .text.countPeaks
                0x08101768       0xce ./Core/Src/main.o
                0x08101768                countPeaks
 *fill*         0x08101836        0x2 
 .text.readLM35Temperature
                0x08101838       0xfc ./Core/Src/main.o
                0x08101838                readLM35Temperature
 .text.MX_ADC1_Init
                0x08101934       0xf8 ./Core/Src/main.o
 .text.MX_I2C1_Init
                0x08101a2c       0x80 ./Core/Src/main.o
 .text.MX_TIM6_Init
                0x08101aac       0x6c ./Core/Src/main.o
 .text.MX_USART3_UART_Init
                0x08101b18       0x98 ./Core/Src/main.o
 .text.MX_DMA_Init
                0x08101bb0       0x40 ./Core/Src/main.o
 .text.MX_GPIO_Init
                0x08101bf0       0xac ./Core/Src/main.o
 .text.ITM_SendChar0
                0x08101c9c       0x4e ./Core/Src/main.o
 .text._write   0x08101cea       0x38 ./Core/Src/main.o
                0x08101cea                _write
 .text.StartDefaultTask
                0x08101d22       0x10 ./Core/Src/main.o
                0x08101d22                StartDefaultTask
 .text.Error_Handler
                0x08101d32        0xc ./Core/Src/main.o
                0x08101d32                Error_Handler
 .text.MAX30100_ReadTemperatureRegisters
                0x08101d3e       0x38 ./Core/Src/max30100_for_stm32_hal.o
 *fill*         0x08101d76        0x2 
 .text.MAX30100_ReadReg
                0x08101d78       0x5c ./Core/Src/max30100_for_stm32_hal.o
                0x08101d78                MAX30100_ReadReg
 .text.MAX30100_WriteReg
                0x08101dd4       0x64 ./Core/Src/max30100_for_stm32_hal.o
                0x08101dd4                MAX30100_WriteReg
 .text.MAX30100_Reset
                0x08101e38       0x90 ./Core/Src/max30100_for_stm32_hal.o
                0x08101e38                MAX30100_Reset
 .text.MAX30100_Init
                0x08101ec8       0xfc ./Core/Src/max30100_for_stm32_hal.o
                0x08101ec8                MAX30100_Init
 .text.MAX30100_ConfigInterrupts
                0x08101fc4       0x44 ./Core/Src/max30100_for_stm32_hal.o
                0x08101fc4                MAX30100_ConfigInterrupts
 .text.MAX30100_InterruptHandler
                0x08102008       0x98 ./Core/Src/max30100_for_stm32_hal.o
                0x08102008                MAX30100_InterruptHandler
 .text.MAX30100_SetMode
                0x081020a0       0x48 ./Core/Src/max30100_for_stm32_hal.o
                0x081020a0                MAX30100_SetMode
 .text.MAX30100_SetSpO2SampleRate
                0x081020e8       0x52 ./Core/Src/max30100_for_stm32_hal.o
                0x081020e8                MAX30100_SetSpO2SampleRate
 .text.MAX30100_SetLedPulseWidth
                0x0810213a       0x48 ./Core/Src/max30100_for_stm32_hal.o
                0x0810213a                MAX30100_SetLedPulseWidth
 .text.MAX30100_SetLedCurrents
                0x08102182       0x3c ./Core/Src/max30100_for_stm32_hal.o
                0x08102182                MAX30100_SetLedCurrents
 .text.MAX30100_ClearFIFO
                0x081021be       0x40 ./Core/Src/max30100_for_stm32_hal.o
                0x081021be                MAX30100_ClearFIFO
 *fill*         0x081021fe        0x2 
 .text.MAX30100_ReadFifoData
                0x08102200      0x110 ./Core/Src/max30100_for_stm32_hal.o
                0x08102200                MAX30100_ReadFifoData
 .text.MAX30100_ReadTemperature
                0x08102310      0x13c ./Core/Src/max30100_for_stm32_hal.o
                0x08102310                MAX30100_ReadTemperature
 .text.HAL_MspInit
                0x0810244c       0x5c ./Core/Src/stm32h7xx_hal_msp.o
                0x0810244c                HAL_MspInit
 .text.HAL_ADC_MspInit
                0x081024a8       0xf4 ./Core/Src/stm32h7xx_hal_msp.o
                0x081024a8                HAL_ADC_MspInit
 .text.HAL_I2C_MspInit
                0x0810259c      0x158 ./Core/Src/stm32h7xx_hal_msp.o
                0x0810259c                HAL_I2C_MspInit
 .text.HAL_TIM_Base_MspInit
                0x081026f4       0x50 ./Core/Src/stm32h7xx_hal_msp.o
                0x081026f4                HAL_TIM_Base_MspInit
 .text.HAL_UART_MspInit
                0x08102744       0xe4 ./Core/Src/stm32h7xx_hal_msp.o
                0x08102744                HAL_UART_MspInit
 .text.NMI_Handler
                0x08102828        0x8 ./Core/Src/stm32h7xx_it.o
                0x08102828                NMI_Handler
 .text.HardFault_Handler
                0x08102830        0x8 ./Core/Src/stm32h7xx_it.o
                0x08102830                HardFault_Handler
 .text.MemManage_Handler
                0x08102838        0x8 ./Core/Src/stm32h7xx_it.o
                0x08102838                MemManage_Handler
 .text.BusFault_Handler
                0x08102840        0x8 ./Core/Src/stm32h7xx_it.o
                0x08102840                BusFault_Handler
 .text.UsageFault_Handler
                0x08102848        0x8 ./Core/Src/stm32h7xx_it.o
                0x08102848                UsageFault_Handler
 .text.DebugMon_Handler
                0x08102850        0xe ./Core/Src/stm32h7xx_it.o
                0x08102850                DebugMon_Handler
 .text.SysTick_Handler
                0x0810285e       0x1a ./Core/Src/stm32h7xx_it.o
                0x0810285e                SysTick_Handler
 .text.DMA1_Stream0_IRQHandler
                0x08102878       0x14 ./Core/Src/stm32h7xx_it.o
                0x08102878                DMA1_Stream0_IRQHandler
 .text.ADC_IRQHandler
                0x0810288c       0x14 ./Core/Src/stm32h7xx_it.o
                0x0810288c                ADC_IRQHandler
 .text.I2C1_EV_IRQHandler
                0x081028a0       0x14 ./Core/Src/stm32h7xx_it.o
                0x081028a0                I2C1_EV_IRQHandler
 .text.I2C1_ER_IRQHandler
                0x081028b4       0x14 ./Core/Src/stm32h7xx_it.o
                0x081028b4                I2C1_ER_IRQHandler
 .text.USART3_IRQHandler
                0x081028c8       0x14 ./Core/Src/stm32h7xx_it.o
                0x081028c8                USART3_IRQHandler
 .text.TIM6_DAC_IRQHandler
                0x081028dc       0x14 ./Core/Src/stm32h7xx_it.o
                0x081028dc                TIM6_DAC_IRQHandler
 .text.CM7_SEV_IRQHandler
                0x081028f0        0xe ./Core/Src/stm32h7xx_it.o
                0x081028f0                CM7_SEV_IRQHandler
 .text.FPU_IRQHandler
                0x081028fe        0xe ./Core/Src/stm32h7xx_it.o
                0x081028fe                FPU_IRQHandler
 .text.EXTI9_5_IRQHandler
                0x0810290c       0x26 ./Core/Src/stm32h7xx_it.o
                0x0810290c                EXTI9_5_IRQHandler
 *fill*         0x08102932        0x2 
 .text._sbrk    0x08102934       0x6c ./Core/Src/sysmem.o
                0x08102934                _sbrk
 .text.Reset_Handler
                0x081029a0       0x54 ./Core/Startup/startup_stm32h745zitx.o
                0x081029a0                Reset_Handler
 .text.Default_Handler
                0x081029f4        0x2 ./Core/Startup/startup_stm32h745zitx.o
                0x081029f4                RTC_Alarm_IRQHandler
                0x081029f4                EXTI2_IRQHandler
                0x081029f4                TIM8_CC_IRQHandler
                0x081029f4                HRTIM1_Master_IRQHandler
                0x081029f4                UART8_IRQHandler
                0x081029f4                SPI4_IRQHandler
                0x081029f4                TIM1_CC_IRQHandler
                0x081029f4                BDMA_Channel6_IRQHandler
                0x081029f4                DMA2_Stream5_IRQHandler
                0x081029f4                HRTIM1_FLT_IRQHandler
                0x081029f4                JPEG_IRQHandler
                0x081029f4                DMA1_Stream5_IRQHandler
                0x081029f4                BDMA_Channel1_IRQHandler
                0x081029f4                HRTIM1_TIMD_IRQHandler
                0x081029f4                TAMP_STAMP_IRQHandler
                0x081029f4                EXTI3_IRQHandler
                0x081029f4                LPTIM4_IRQHandler
                0x081029f4                TIM8_TRG_COM_TIM14_IRQHandler
                0x081029f4                LPTIM2_IRQHandler
                0x081029f4                DFSDM1_FLT1_IRQHandler
                0x081029f4                DMAMUX2_OVR_IRQHandler
                0x081029f4                TIM8_UP_TIM13_IRQHandler
                0x081029f4                I2C3_ER_IRQHandler
                0x081029f4                DFSDM1_FLT2_IRQHandler
                0x081029f4                MDMA_IRQHandler
                0x081029f4                LPTIM3_IRQHandler
                0x081029f4                HSEM1_IRQHandler
                0x081029f4                EXTI0_IRQHandler
                0x081029f4                I2C2_EV_IRQHandler
                0x081029f4                DMA1_Stream2_IRQHandler
                0x081029f4                OTG_HS_WKUP_IRQHandler
                0x081029f4                FDCAN1_IT1_IRQHandler
                0x081029f4                LTDC_ER_IRQHandler
                0x081029f4                DMA2_Stream2_IRQHandler
                0x081029f4                HRTIM1_TIME_IRQHandler
                0x081029f4                SPI1_IRQHandler
                0x081029f4                DCMI_IRQHandler
                0x081029f4                HRTIM1_TIMC_IRQHandler
                0x081029f4                DMA2_Stream3_IRQHandler
                0x081029f4                SAI2_IRQHandler
                0x081029f4                DFSDM1_FLT3_IRQHandler
                0x081029f4                USART6_IRQHandler
                0x081029f4                TIM17_IRQHandler
                0x081029f4                BDMA_Channel7_IRQHandler
                0x081029f4                LPTIM5_IRQHandler
                0x081029f4                UART5_IRQHandler
                0x081029f4                ADC3_IRQHandler
                0x081029f4                DMA2_Stream0_IRQHandler
                0x081029f4                TIM4_IRQHandler
                0x081029f4                BDMA_Channel2_IRQHandler
                0x081029f4                QUADSPI_IRQHandler
                0x081029f4                DMA1_Stream6_IRQHandler
                0x081029f4                DMAMUX1_OVR_IRQHandler
                0x081029f4                DMA1_Stream1_IRQHandler
                0x081029f4                TIM16_IRQHandler
                0x081029f4                UART4_IRQHandler
                0x081029f4                BDMA_Channel5_IRQHandler
                0x081029f4                TIM3_IRQHandler
                0x081029f4                RCC_IRQHandler
                0x081029f4                TIM8_BRK_TIM12_IRQHandler
                0x081029f4                TIM1_TRG_COM_IRQHandler
                0x081029f4                Default_Handler
                0x081029f4                ECC_IRQHandler
                0x081029f4                CEC_IRQHandler
                0x081029f4                EXTI15_10_IRQHandler
                0x081029f4                BDMA_Channel0_IRQHandler
                0x081029f4                DMA1_Stream7_IRQHandler
                0x081029f4                HRTIM1_TIMA_IRQHandler
                0x081029f4                SPI5_IRQHandler
                0x081029f4                TIM7_IRQHandler
                0x081029f4                SDMMC1_IRQHandler
                0x081029f4                TIM5_IRQHandler
                0x081029f4                DMA2_Stream7_IRQHandler
                0x081029f4                TIM15_IRQHandler
                0x081029f4                PVD_AVD_IRQHandler
                0x081029f4                I2C3_EV_IRQHandler
                0x081029f4                RTC_WKUP_IRQHandler
                0x081029f4                LTDC_IRQHandler
                0x081029f4                SAI3_IRQHandler
                0x081029f4                ETH_WKUP_IRQHandler
                0x081029f4                SPDIF_RX_IRQHandler
                0x081029f4                SPI2_IRQHandler
                0x081029f4                OTG_HS_EP1_IN_IRQHandler
                0x081029f4                CRS_IRQHandler
                0x081029f4                EXTI4_IRQHandler
                0x081029f4                RNG_IRQHandler
                0x081029f4                CM4_SEV_IRQHandler
                0x081029f4                HRTIM1_TIMB_IRQHandler
                0x081029f4                FDCAN2_IT1_IRQHandler
                0x081029f4                ETH_IRQHandler
                0x081029f4                TIM1_UP_IRQHandler
                0x081029f4                WWDG_RST_IRQHandler
                0x081029f4                BDMA_Channel4_IRQHandler
                0x081029f4                OTG_HS_EP1_OUT_IRQHandler
                0x081029f4                WWDG_IRQHandler
                0x081029f4                SPI6_IRQHandler
                0x081029f4                MDIOS_IRQHandler
                0x081029f4                I2C4_EV_IRQHandler
                0x081029f4                FDCAN2_IT0_IRQHandler
                0x081029f4                LPUART1_IRQHandler
                0x081029f4                FDCAN1_IT0_IRQHandler
                0x081029f4                TIM2_IRQHandler
                0x081029f4                OTG_FS_WKUP_IRQHandler
                0x081029f4                OTG_HS_IRQHandler
                0x081029f4                HSEM2_IRQHandler
                0x081029f4                DMA2D_IRQHandler
                0x081029f4                TIM1_BRK_IRQHandler
                0x081029f4                EXTI1_IRQHandler
                0x081029f4                SDMMC2_IRQHandler
                0x081029f4                OTG_FS_EP1_OUT_IRQHandler
                0x081029f4                BDMA_Channel3_IRQHandler
                0x081029f4                HOLD_CORE_IRQHandler
                0x081029f4                UART7_IRQHandler
                0x081029f4                MDIOS_WKUP_IRQHandler
                0x081029f4                USART2_IRQHandler
                0x081029f4                DFSDM1_FLT0_IRQHandler
                0x081029f4                SAI4_IRQHandler
                0x081029f4                I2C2_ER_IRQHandler
                0x081029f4                DMA2_Stream1_IRQHandler
                0x081029f4                FLASH_IRQHandler
                0x081029f4                DMA2_Stream4_IRQHandler
                0x081029f4                USART1_IRQHandler
                0x081029f4                OTG_FS_IRQHandler
                0x081029f4                SPI3_IRQHandler
                0x081029f4                WAKEUP_PIN_IRQHandler
                0x081029f4                DMA1_Stream4_IRQHandler
                0x081029f4                OTG_FS_EP1_IN_IRQHandler
                0x081029f4                FMC_IRQHandler
                0x081029f4                FDCAN_CAL_IRQHandler
                0x081029f4                SWPMI1_IRQHandler
                0x081029f4                COMP1_IRQHandler
                0x081029f4                LPTIM1_IRQHandler
                0x081029f4                I2C4_ER_IRQHandler
                0x081029f4                DMA2_Stream6_IRQHandler
                0x081029f4                SAI1_IRQHandler
                0x081029f4                DMA1_Stream3_IRQHandler
 *fill*         0x081029f6        0x2 
 .text.HAL_Init
                0x081029f8       0xbc ./Drivers/STM32H7xx_HAL_Driver/stm32h7xx_hal.o
                0x081029f8                HAL_Init
 .text.HAL_InitTick
                0x08102ab4       0x6c ./Drivers/STM32H7xx_HAL_Driver/stm32h7xx_hal.o
                0x08102ab4                HAL_InitTick
 .text.HAL_IncTick
                0x08102b20       0x28 ./Drivers/STM32H7xx_HAL_Driver/stm32h7xx_hal.o
                0x08102b20                HAL_IncTick
 .text.HAL_GetTick
                0x08102b48       0x18 ./Drivers/STM32H7xx_HAL_Driver/stm32h7xx_hal.o
                0x08102b48                HAL_GetTick
 .text.HAL_Delay
                0x08102b60       0x48 ./Drivers/STM32H7xx_HAL_Driver/stm32h7xx_hal.o
                0x08102b60                HAL_Delay
 .text.HAL_GetREVID
                0x08102ba8       0x18 ./Drivers/STM32H7xx_HAL_Driver/stm32h7xx_hal.o
                0x08102ba8                HAL_GetREVID
 .text.LL_ADC_SetCommonClock
                0x08102bc0       0x26 ./Drivers/STM32H7xx_HAL_Driver/stm32h7xx_hal_adc.o
 .text.LL_ADC_SetCommonPathInternalCh
                0x08102be6       0x26 ./Drivers/STM32H7xx_HAL_Driver/stm32h7xx_hal_adc.o
 .text.LL_ADC_GetCommonPathInternalCh
                0x08102c0c       0x1c ./Drivers/STM32H7xx_HAL_Driver/stm32h7xx_hal_adc.o
 .text.LL_ADC_SetChannelPreselection
                0x08102c28       0x66 ./Drivers/STM32H7xx_HAL_Driver/stm32h7xx_hal_adc.o
 .text.LL_ADC_SetOffset
                0x08102c8e       0x40 ./Drivers/STM32H7xx_HAL_Driver/stm32h7xx_hal_adc.o
 .text.LL_ADC_SetDataRightShift
                0x08102cce       0x32 ./Drivers/STM32H7xx_HAL_Driver/stm32h7xx_hal_adc.o
 .text.LL_ADC_SetOffsetSignedSaturation
                0x08102d00       0x36 ./Drivers/STM32H7xx_HAL_Driver/stm32h7xx_hal_adc.o
 .text.LL_ADC_REG_IsTriggerSourceSWStart
                0x08102d36       0x26 ./Drivers/STM32H7xx_HAL_Driver/stm32h7xx_hal_adc.o
 .text.LL_ADC_REG_SetSequencerRanks
                0x08102d5c       0x58 ./Drivers/STM32H7xx_HAL_Driver/stm32h7xx_hal_adc.o
 .text.LL_ADC_INJ_IsTriggerSourceSWStart
                0x08102db4       0x26 ./Drivers/STM32H7xx_HAL_Driver/stm32h7xx_hal_adc.o
 .text.LL_ADC_SetChannelSamplingTime
                0x08102dda       0x56 ./Drivers/STM32H7xx_HAL_Driver/stm32h7xx_hal_adc.o
 .text.LL_ADC_SetChannelSingleDiff
                0x08102e30       0x48 ./Drivers/STM32H7xx_HAL_Driver/stm32h7xx_hal_adc.o
 .text.LL_ADC_GetMultimode
                0x08102e78       0x1c ./Drivers/STM32H7xx_HAL_Driver/stm32h7xx_hal_adc.o
 .text.LL_ADC_GetMultiDMATransfer
                0x08102e94       0x1c ./Drivers/STM32H7xx_HAL_Driver/stm32h7xx_hal_adc.o
 .text.LL_ADC_DisableDeepPowerDown
                0x08102eb0       0x24 ./Drivers/STM32H7xx_HAL_Driver/stm32h7xx_hal_adc.o
 .text.LL_ADC_IsDeepPowerDownEnabled
                0x08102ed4       0x28 ./Drivers/STM32H7xx_HAL_Driver/stm32h7xx_hal_adc.o
 .text.LL_ADC_EnableInternalRegulator
                0x08102efc       0x28 ./Drivers/STM32H7xx_HAL_Driver/stm32h7xx_hal_adc.o
 .text.LL_ADC_IsInternalRegulatorEnabled
                0x08102f24       0x28 ./Drivers/STM32H7xx_HAL_Driver/stm32h7xx_hal_adc.o
 .text.LL_ADC_Enable
                0x08102f4c       0x28 ./Drivers/STM32H7xx_HAL_Driver/stm32h7xx_hal_adc.o
 .text.LL_ADC_Disable
                0x08102f74       0x28 ./Drivers/STM32H7xx_HAL_Driver/stm32h7xx_hal_adc.o
 .text.LL_ADC_IsEnabled
                0x08102f9c       0x26 ./Drivers/STM32H7xx_HAL_Driver/stm32h7xx_hal_adc.o
 .text.LL_ADC_IsDisableOngoing
                0x08102fc2       0x26 ./Drivers/STM32H7xx_HAL_Driver/stm32h7xx_hal_adc.o
 .text.LL_ADC_REG_StartConversion
                0x08102fe8       0x28 ./Drivers/STM32H7xx_HAL_Driver/stm32h7xx_hal_adc.o
 .text.LL_ADC_REG_StopConversion
                0x08103010       0x28 ./Drivers/STM32H7xx_HAL_Driver/stm32h7xx_hal_adc.o
 .text.LL_ADC_REG_IsConversionOngoing
                0x08103038       0x26 ./Drivers/STM32H7xx_HAL_Driver/stm32h7xx_hal_adc.o
 .text.LL_ADC_INJ_StopConversion
                0x0810305e       0x28 ./Drivers/STM32H7xx_HAL_Driver/stm32h7xx_hal_adc.o
 .text.LL_ADC_INJ_IsConversionOngoing
                0x08103086       0x26 ./Drivers/STM32H7xx_HAL_Driver/stm32h7xx_hal_adc.o
 .text.HAL_ADC_Init
                0x081030ac      0x344 ./Drivers/STM32H7xx_HAL_Driver/stm32h7xx_hal_adc.o
                0x081030ac                HAL_ADC_Init
 .text.HAL_ADC_Start
                0x081033f0      0x194 ./Drivers/STM32H7xx_HAL_Driver/stm32h7xx_hal_adc.o
                0x081033f0                HAL_ADC_Start
 .text.HAL_ADC_Stop
                0x08103584       0x66 ./Drivers/STM32H7xx_HAL_Driver/stm32h7xx_hal_adc.o
                0x08103584                HAL_ADC_Stop
 *fill*         0x081035ea        0x2 
 .text.HAL_ADC_PollForConversion
                0x081035ec      0x1e8 ./Drivers/STM32H7xx_HAL_Driver/stm32h7xx_hal_adc.o
                0x081035ec                HAL_ADC_PollForConversion
 .text.HAL_ADC_GetValue
                0x081037d4       0x1a ./Drivers/STM32H7xx_HAL_Driver/stm32h7xx_hal_adc.o
                0x081037d4                HAL_ADC_GetValue
 *fill*         0x081037ee        0x2 
 .text.HAL_ADC_IRQHandler
                0x081037f0      0x474 ./Drivers/STM32H7xx_HAL_Driver/stm32h7xx_hal_adc.o
                0x081037f0                HAL_ADC_IRQHandler
 .text.HAL_ADC_ConvCpltCallback
                0x08103c64       0x14 ./Drivers/STM32H7xx_HAL_Driver/stm32h7xx_hal_adc.o
                0x08103c64                HAL_ADC_ConvCpltCallback
 .text.HAL_ADC_LevelOutOfWindowCallback
                0x08103c78       0x14 ./Drivers/STM32H7xx_HAL_Driver/stm32h7xx_hal_adc.o
                0x08103c78                HAL_ADC_LevelOutOfWindowCallback
 .text.HAL_ADC_ErrorCallback
                0x08103c8c       0x14 ./Drivers/STM32H7xx_HAL_Driver/stm32h7xx_hal_adc.o
                0x08103c8c                HAL_ADC_ErrorCallback
 .text.HAL_ADC_ConfigChannel
                0x08103ca0      0x5e0 ./Drivers/STM32H7xx_HAL_Driver/stm32h7xx_hal_adc.o
                0x08103ca0                HAL_ADC_ConfigChannel
 .text.ADC_ConversionStop
                0x08104280      0x178 ./Drivers/STM32H7xx_HAL_Driver/stm32h7xx_hal_adc.o
                0x08104280                ADC_ConversionStop
 .text.ADC_Enable
                0x081043f8      0x114 ./Drivers/STM32H7xx_HAL_Driver/stm32h7xx_hal_adc.o
                0x081043f8                ADC_Enable
 .text.ADC_Disable
                0x0810450c       0xbe ./Drivers/STM32H7xx_HAL_Driver/stm32h7xx_hal_adc.o
                0x0810450c                ADC_Disable
 *fill*         0x081045ca        0x2 
 .text.ADC_ConfigureBoostMode
                0x081045cc      0x218 ./Drivers/STM32H7xx_HAL_Driver/stm32h7xx_hal_adc.o
                0x081045cc                ADC_ConfigureBoostMode
 .text.LL_ADC_IsEnabled
                0x081047e4       0x26 ./Drivers/STM32H7xx_HAL_Driver/stm32h7xx_hal_adc_ex.o
 .text.LL_ADC_REG_IsConversionOngoing
                0x0810480a       0x26 ./Drivers/STM32H7xx_HAL_Driver/stm32h7xx_hal_adc_ex.o
 .text.HAL_ADCEx_InjectedConvCpltCallback
                0x08104830       0x14 ./Drivers/STM32H7xx_HAL_Driver/stm32h7xx_hal_adc_ex.o
                0x08104830                HAL_ADCEx_InjectedConvCpltCallback
 .text.HAL_ADCEx_InjectedQueueOverflowCallback
                0x08104844       0x14 ./Drivers/STM32H7xx_HAL_Driver/stm32h7xx_hal_adc_ex.o
                0x08104844                HAL_ADCEx_InjectedQueueOverflowCallback
 .text.HAL_ADCEx_LevelOutOfWindow2Callback
                0x08104858       0x14 ./Drivers/STM32H7xx_HAL_Driver/stm32h7xx_hal_adc_ex.o
                0x08104858                HAL_ADCEx_LevelOutOfWindow2Callback
 .text.HAL_ADCEx_LevelOutOfWindow3Callback
                0x0810486c       0x14 ./Drivers/STM32H7xx_HAL_Driver/stm32h7xx_hal_adc_ex.o
                0x0810486c                HAL_ADCEx_LevelOutOfWindow3Callback
 .text.HAL_ADCEx_EndOfSamplingCallback
                0x08104880       0x14 ./Drivers/STM32H7xx_HAL_Driver/stm32h7xx_hal_adc_ex.o
                0x08104880                HAL_ADCEx_EndOfSamplingCallback
 .text.HAL_ADCEx_MultiModeConfigChannel
                0x08104894      0x1c4 ./Drivers/STM32H7xx_HAL_Driver/stm32h7xx_hal_adc_ex.o
                0x08104894                HAL_ADCEx_MultiModeConfigChannel
 .text.__NVIC_SetPriorityGrouping
                0x08104a58       0x48 ./Drivers/STM32H7xx_HAL_Driver/stm32h7xx_hal_cortex.o
 .text.__NVIC_GetPriorityGrouping
                0x08104aa0       0x1c ./Drivers/STM32H7xx_HAL_Driver/stm32h7xx_hal_cortex.o
 .text.__NVIC_EnableIRQ
                0x08104abc       0x3c ./Drivers/STM32H7xx_HAL_Driver/stm32h7xx_hal_cortex.o
 .text.__NVIC_SetPriority
                0x08104af8       0x54 ./Drivers/STM32H7xx_HAL_Driver/stm32h7xx_hal_cortex.o
 .text.NVIC_EncodePriority
                0x08104b4c       0x66 ./Drivers/STM32H7xx_HAL_Driver/stm32h7xx_hal_cortex.o
 *fill*         0x08104bb2        0x2 
 .text.SysTick_Config
                0x08104bb4       0x44 ./Drivers/STM32H7xx_HAL_Driver/stm32h7xx_hal_cortex.o
 .text.HAL_NVIC_SetPriorityGrouping
                0x08104bf8       0x16 ./Drivers/STM32H7xx_HAL_Driver/stm32h7xx_hal_cortex.o
                0x08104bf8                HAL_NVIC_SetPriorityGrouping
 .text.HAL_NVIC_SetPriority
                0x08104c0e       0x34 ./Drivers/STM32H7xx_HAL_Driver/stm32h7xx_hal_cortex.o
                0x08104c0e                HAL_NVIC_SetPriority
 .text.HAL_NVIC_EnableIRQ
                0x08104c42       0x1c ./Drivers/STM32H7xx_HAL_Driver/stm32h7xx_hal_cortex.o
                0x08104c42                HAL_NVIC_EnableIRQ
 .text.HAL_SYSTICK_Config
                0x08104c5e       0x18 ./Drivers/STM32H7xx_HAL_Driver/stm32h7xx_hal_cortex.o
                0x08104c5e                HAL_SYSTICK_Config
 *fill*         0x08104c76        0x2 
 .text.HAL_GetCurrentCPUID
                0x08104c78       0x24 ./Drivers/STM32H7xx_HAL_Driver/stm32h7xx_hal_cortex.o
                0x08104c78                HAL_GetCurrentCPUID
 .text.HAL_DMA_Init
                0x08104c9c      0x6b4 ./Drivers/STM32H7xx_HAL_Driver/stm32h7xx_hal_dma.o
                0x08104c9c                HAL_DMA_Init
 .text.HAL_DMA_Abort
                0x08105350      0x63c ./Drivers/STM32H7xx_HAL_Driver/stm32h7xx_hal_dma.o
                0x08105350                HAL_DMA_Abort
 .text.HAL_DMA_Abort_IT
                0x0810598c      0x48c ./Drivers/STM32H7xx_HAL_Driver/stm32h7xx_hal_dma.o
                0x0810598c                HAL_DMA_Abort_IT
 .text.HAL_DMA_IRQHandler
                0x08105e18      0xe54 ./Drivers/STM32H7xx_HAL_Driver/stm32h7xx_hal_dma.o
                0x08105e18                HAL_DMA_IRQHandler
 .text.HAL_DMA_GetState
                0x08106c6c       0x1c ./Drivers/STM32H7xx_HAL_Driver/stm32h7xx_hal_dma.o
                0x08106c6c                HAL_DMA_GetState
 .text.DMA_CalcBaseAndBitshift
                0x08106c88      0x164 ./Drivers/STM32H7xx_HAL_Driver/stm32h7xx_hal_dma.o
 .text.DMA_CheckFifoParam
                0x08106dec       0xf8 ./Drivers/STM32H7xx_HAL_Driver/stm32h7xx_hal_dma.o
 .text.DMA_CalcDMAMUXChannelBaseAndMask
                0x08106ee4      0x134 ./Drivers/STM32H7xx_HAL_Driver/stm32h7xx_hal_dma.o
 .text.DMA_CalcDMAMUXRequestGenBaseAndMask
                0x08107018       0xe8 ./Drivers/STM32H7xx_HAL_Driver/stm32h7xx_hal_dma.o
 .text.HAL_GPIO_Init
                0x08107100      0x360 ./Drivers/STM32H7xx_HAL_Driver/stm32h7xx_hal_gpio.o
                0x08107100                HAL_GPIO_Init
 .text.HAL_HSEM_ActivateNotification
                0x08107460       0x24 ./Drivers/STM32H7xx_HAL_Driver/stm32h7xx_hal_hsem.o
                0x08107460                HAL_HSEM_ActivateNotification
 .text.HAL_I2C_Init
                0x08107484      0x136 ./Drivers/STM32H7xx_HAL_Driver/stm32h7xx_hal_i2c.o
                0x08107484                HAL_I2C_Init
 *fill*         0x081075ba        0x2 
 .text.HAL_I2C_Mem_Write
                0x081075bc      0x228 ./Drivers/STM32H7xx_HAL_Driver/stm32h7xx_hal_i2c.o
                0x081075bc                HAL_I2C_Mem_Write
 .text.HAL_I2C_Mem_Read
                0x081077e4      0x234 ./Drivers/STM32H7xx_HAL_Driver/stm32h7xx_hal_i2c.o
                0x081077e4                HAL_I2C_Mem_Read
 .text.HAL_I2C_EV_IRQHandler
                0x08107a18       0x34 ./Drivers/STM32H7xx_HAL_Driver/stm32h7xx_hal_i2c.o
                0x08107a18                HAL_I2C_EV_IRQHandler
 .text.HAL_I2C_ER_IRQHandler
                0x08107a4c       0xc2 ./Drivers/STM32H7xx_HAL_Driver/stm32h7xx_hal_i2c.o
                0x08107a4c                HAL_I2C_ER_IRQHandler
 .text.HAL_I2C_SlaveTxCpltCallback
                0x08107b0e       0x14 ./Drivers/STM32H7xx_HAL_Driver/stm32h7xx_hal_i2c.o
                0x08107b0e                HAL_I2C_SlaveTxCpltCallback
 .text.HAL_I2C_SlaveRxCpltCallback
                0x08107b22       0x14 ./Drivers/STM32H7xx_HAL_Driver/stm32h7xx_hal_i2c.o
                0x08107b22                HAL_I2C_SlaveRxCpltCallback
 .text.HAL_I2C_AddrCallback
                0x08107b36       0x1c ./Drivers/STM32H7xx_HAL_Driver/stm32h7xx_hal_i2c.o
                0x08107b36                HAL_I2C_AddrCallback
 .text.HAL_I2C_ListenCpltCallback
                0x08107b52       0x14 ./Drivers/STM32H7xx_HAL_Driver/stm32h7xx_hal_i2c.o
                0x08107b52                HAL_I2C_ListenCpltCallback
 .text.HAL_I2C_ErrorCallback
                0x08107b66       0x14 ./Drivers/STM32H7xx_HAL_Driver/stm32h7xx_hal_i2c.o
                0x08107b66                HAL_I2C_ErrorCallback
 .text.HAL_I2C_AbortCpltCallback
                0x08107b7a       0x14 ./Drivers/STM32H7xx_HAL_Driver/stm32h7xx_hal_i2c.o
                0x08107b7a                HAL_I2C_AbortCpltCallback
 .text.I2C_Slave_ISR_IT
                0x08107b8e      0x208 ./Drivers/STM32H7xx_HAL_Driver/stm32h7xx_hal_i2c.o
 *fill*         0x08107d96        0x2 
 .text.I2C_RequestMemoryWrite
                0x08107d98       0xa8 ./Drivers/STM32H7xx_HAL_Driver/stm32h7xx_hal_i2c.o
 .text.I2C_RequestMemoryRead
                0x08107e40       0xa8 ./Drivers/STM32H7xx_HAL_Driver/stm32h7xx_hal_i2c.o
 .text.I2C_ITAddrCplt
                0x08107ee8      0x108 ./Drivers/STM32H7xx_HAL_Driver/stm32h7xx_hal_i2c.o
 .text.I2C_ITSlaveSeqCplt
                0x08107ff0       0xbc ./Drivers/STM32H7xx_HAL_Driver/stm32h7xx_hal_i2c.o
 .text.I2C_ITSlaveCplt
                0x081080ac      0x4b4 ./Drivers/STM32H7xx_HAL_Driver/stm32h7xx_hal_i2c.o
 .text.I2C_ITListenCplt
                0x08108560       0xac ./Drivers/STM32H7xx_HAL_Driver/stm32h7xx_hal_i2c.o
 .text.I2C_ITError
                0x0810860c      0x1e0 ./Drivers/STM32H7xx_HAL_Driver/stm32h7xx_hal_i2c.o
 .text.I2C_TreatErrorCallback
                0x081087ec       0x4e ./Drivers/STM32H7xx_HAL_Driver/stm32h7xx_hal_i2c.o
 .text.I2C_Flush_TXDR
                0x0810883a       0x48 ./Drivers/STM32H7xx_HAL_Driver/stm32h7xx_hal_i2c.o
 .text.I2C_DMAAbort
                0x08108882       0x3c ./Drivers/STM32H7xx_HAL_Driver/stm32h7xx_hal_i2c.o
 .text.I2C_WaitOnFlagUntilTimeout
                0x081088be       0xb2 ./Drivers/STM32H7xx_HAL_Driver/stm32h7xx_hal_i2c.o
 .text.I2C_WaitOnTXISFlagUntilTimeout
                0x08108970       0x8e ./Drivers/STM32H7xx_HAL_Driver/stm32h7xx_hal_i2c.o
 .text.I2C_WaitOnSTOPFlagUntilTimeout
                0x081089fe       0x86 ./Drivers/STM32H7xx_HAL_Driver/stm32h7xx_hal_i2c.o
 .text.I2C_IsErrorOccurred
                0x08108a84      0x1c0 ./Drivers/STM32H7xx_HAL_Driver/stm32h7xx_hal_i2c.o
 .text.I2C_TransferConfig
                0x08108c44       0x64 ./Drivers/STM32H7xx_HAL_Driver/stm32h7xx_hal_i2c.o
 .text.I2C_Disable_IRQ
                0x08108ca8       0xbc ./Drivers/STM32H7xx_HAL_Driver/stm32h7xx_hal_i2c.o
 .text.HAL_I2CEx_ConfigAnalogFilter
                0x08108d64       0x96 ./Drivers/STM32H7xx_HAL_Driver/stm32h7xx_hal_i2c_ex.o
                0x08108d64                HAL_I2CEx_ConfigAnalogFilter
 .text.HAL_I2CEx_ConfigDigitalFilter
                0x08108dfa       0x98 ./Drivers/STM32H7xx_HAL_Driver/stm32h7xx_hal_i2c_ex.o
                0x08108dfa                HAL_I2CEx_ConfigDigitalFilter
 *fill*         0x08108e92        0x2 
 .text.HAL_PWREx_EnterSTOPMode
                0x08108e94       0xf4 ./Drivers/STM32H7xx_HAL_Driver/stm32h7xx_hal_pwr_ex.o
                0x08108e94                HAL_PWREx_EnterSTOPMode
 .text.HAL_PWREx_ClearPendingEvent
                0x08108f88       0x1a ./Drivers/STM32H7xx_HAL_Driver/stm32h7xx_hal_pwr_ex.o
                0x08108f88                HAL_PWREx_ClearPendingEvent
 *fill*         0x08108fa2        0x2 
 .text.HAL_RCC_GetSysClockFreq
                0x08108fa4      0x2f4 ./Drivers/STM32H7xx_HAL_Driver/stm32h7xx_hal_rcc.o
                0x08108fa4                HAL_RCC_GetSysClockFreq
 .text.HAL_RCC_GetHCLKFreq
                0x08109298       0x64 ./Drivers/STM32H7xx_HAL_Driver/stm32h7xx_hal_rcc.o
                0x08109298                HAL_RCC_GetHCLKFreq
 .text.HAL_RCC_GetPCLK1Freq
                0x081092fc       0x2c ./Drivers/STM32H7xx_HAL_Driver/stm32h7xx_hal_rcc.o
                0x081092fc                HAL_RCC_GetPCLK1Freq
 .text.HAL_RCC_GetPCLK2Freq
                0x08109328       0x2c ./Drivers/STM32H7xx_HAL_Driver/stm32h7xx_hal_rcc.o
                0x08109328                HAL_RCC_GetPCLK2Freq
 .text.HAL_RCCEx_PeriphCLKConfig
                0x08109354     0x1414 ./Drivers/STM32H7xx_HAL_Driver/stm32h7xx_hal_rcc_ex.o
                0x08109354                HAL_RCCEx_PeriphCLKConfig
 .text.HAL_RCCEx_GetPeriphCLKFreq
                0x0810a768      0xb00 ./Drivers/STM32H7xx_HAL_Driver/stm32h7xx_hal_rcc_ex.o
                0x0810a768                HAL_RCCEx_GetPeriphCLKFreq
 .text.HAL_RCCEx_GetD3PCLK1Freq
                0x0810b268       0x2c ./Drivers/STM32H7xx_HAL_Driver/stm32h7xx_hal_rcc_ex.o
                0x0810b268                HAL_RCCEx_GetD3PCLK1Freq
 .text.HAL_RCCEx_GetPLL2ClockFreq
                0x0810b294      0x2a8 ./Drivers/STM32H7xx_HAL_Driver/stm32h7xx_hal_rcc_ex.o
                0x0810b294                HAL_RCCEx_GetPLL2ClockFreq
 .text.HAL_RCCEx_GetPLL3ClockFreq
                0x0810b53c      0x2a8 ./Drivers/STM32H7xx_HAL_Driver/stm32h7xx_hal_rcc_ex.o
                0x0810b53c                HAL_RCCEx_GetPLL3ClockFreq
 .text.HAL_RCCEx_GetPLL1ClockFreq
                0x0810b7e4      0x2a4 ./Drivers/STM32H7xx_HAL_Driver/stm32h7xx_hal_rcc_ex.o
                0x0810b7e4                HAL_RCCEx_GetPLL1ClockFreq
 .text.RCCEx_PLL2_Config
                0x0810ba88      0x164 ./Drivers/STM32H7xx_HAL_Driver/stm32h7xx_hal_rcc_ex.o
 .text.RCCEx_PLL3_Config
                0x0810bbec      0x164 ./Drivers/STM32H7xx_HAL_Driver/stm32h7xx_hal_rcc_ex.o
 .text.HAL_TIM_Base_Init
                0x0810bd50       0xae ./Drivers/STM32H7xx_HAL_Driver/stm32h7xx_hal_tim.o
                0x0810bd50                HAL_TIM_Base_Init
 .text.HAL_TIM_IRQHandler
                0x0810bdfe      0x20e ./Drivers/STM32H7xx_HAL_Driver/stm32h7xx_hal_tim.o
                0x0810bdfe                HAL_TIM_IRQHandler
 .text.HAL_TIM_PeriodElapsedCallback
                0x0810c00c       0x14 ./Drivers/STM32H7xx_HAL_Driver/stm32h7xx_hal_tim.o
                0x0810c00c                HAL_TIM_PeriodElapsedCallback
 .text.HAL_TIM_OC_DelayElapsedCallback
                0x0810c020       0x14 ./Drivers/STM32H7xx_HAL_Driver/stm32h7xx_hal_tim.o
                0x0810c020                HAL_TIM_OC_DelayElapsedCallback
 .text.HAL_TIM_IC_CaptureCallback
                0x0810c034       0x14 ./Drivers/STM32H7xx_HAL_Driver/stm32h7xx_hal_tim.o
                0x0810c034                HAL_TIM_IC_CaptureCallback
 .text.HAL_TIM_PWM_PulseFinishedCallback
                0x0810c048       0x14 ./Drivers/STM32H7xx_HAL_Driver/stm32h7xx_hal_tim.o
                0x0810c048                HAL_TIM_PWM_PulseFinishedCallback
 .text.HAL_TIM_TriggerCallback
                0x0810c05c       0x14 ./Drivers/STM32H7xx_HAL_Driver/stm32h7xx_hal_tim.o
                0x0810c05c                HAL_TIM_TriggerCallback
 .text.TIM_Base_SetConfig
                0x0810c070      0x140 ./Drivers/STM32H7xx_HAL_Driver/stm32h7xx_hal_tim.o
                0x0810c070                TIM_Base_SetConfig
 .text.HAL_TIMEx_MasterConfigSynchronization
                0x0810c1b0      0x11c ./Drivers/STM32H7xx_HAL_Driver/stm32h7xx_hal_tim_ex.o
                0x0810c1b0                HAL_TIMEx_MasterConfigSynchronization
 .text.HAL_TIMEx_CommutCallback
                0x0810c2cc       0x14 ./Drivers/STM32H7xx_HAL_Driver/stm32h7xx_hal_tim_ex.o
                0x0810c2cc                HAL_TIMEx_CommutCallback
 .text.HAL_TIMEx_BreakCallback
                0x0810c2e0       0x14 ./Drivers/STM32H7xx_HAL_Driver/stm32h7xx_hal_tim_ex.o
                0x0810c2e0                HAL_TIMEx_BreakCallback
 .text.HAL_TIMEx_Break2Callback
                0x0810c2f4       0x14 ./Drivers/STM32H7xx_HAL_Driver/stm32h7xx_hal_tim_ex.o
                0x0810c2f4                HAL_TIMEx_Break2Callback
 .text.HAL_UART_Init
                0x0810c308       0xa0 ./Drivers/STM32H7xx_HAL_Driver/stm32h7xx_hal_uart.o
                0x0810c308                HAL_UART_Init
 .text.HAL_UART_Transmit
                0x0810c3a8      0x11c ./Drivers/STM32H7xx_HAL_Driver/stm32h7xx_hal_uart.o
                0x0810c3a8                HAL_UART_Transmit
 .text.HAL_UART_IRQHandler
                0x0810c4c4      0x7ac ./Drivers/STM32H7xx_HAL_Driver/stm32h7xx_hal_uart.o
                0x0810c4c4                HAL_UART_IRQHandler
 .text.HAL_UART_TxCpltCallback
                0x0810cc70       0x14 ./Drivers/STM32H7xx_HAL_Driver/stm32h7xx_hal_uart.o
                0x0810cc70                HAL_UART_TxCpltCallback
 .text.HAL_UART_ErrorCallback
                0x0810cc84       0x14 ./Drivers/STM32H7xx_HAL_Driver/stm32h7xx_hal_uart.o
                0x0810cc84                HAL_UART_ErrorCallback
 .text.HAL_UARTEx_RxEventCallback
                0x0810cc98       0x18 ./Drivers/STM32H7xx_HAL_Driver/stm32h7xx_hal_uart.o
                0x0810cc98                HAL_UARTEx_RxEventCallback
 .text.UART_SetConfig
                0x0810ccb0      0xad0 ./Drivers/STM32H7xx_HAL_Driver/stm32h7xx_hal_uart.o
                0x0810ccb0                UART_SetConfig
 .text.UART_AdvFeatureConfig
                0x0810d780      0x144 ./Drivers/STM32H7xx_HAL_Driver/stm32h7xx_hal_uart.o
                0x0810d780                UART_AdvFeatureConfig
 .text.UART_CheckIdleState
                0x0810d8c4      0x154 ./Drivers/STM32H7xx_HAL_Driver/stm32h7xx_hal_uart.o
                0x0810d8c4                UART_CheckIdleState
 .text.UART_WaitOnFlagUntilTimeout
                0x0810da18       0xda ./Drivers/STM32H7xx_HAL_Driver/stm32h7xx_hal_uart.o
                0x0810da18                UART_WaitOnFlagUntilTimeout
 .text.UART_EndRxTransfer
                0x0810daf2       0xcc ./Drivers/STM32H7xx_HAL_Driver/stm32h7xx_hal_uart.o
 .text.UART_DMAAbortOnError
                0x0810dbbe       0x24 ./Drivers/STM32H7xx_HAL_Driver/stm32h7xx_hal_uart.o
 .text.UART_EndTransmit_IT
                0x0810dbe2       0x56 ./Drivers/STM32H7xx_HAL_Driver/stm32h7xx_hal_uart.o
 .text.HAL_UARTEx_WakeupCallback
                0x0810dc38       0x14 ./Drivers/STM32H7xx_HAL_Driver/stm32h7xx_hal_uart_ex.o
                0x0810dc38                HAL_UARTEx_WakeupCallback
 .text.HAL_UARTEx_RxFifoFullCallback
                0x0810dc4c       0x14 ./Drivers/STM32H7xx_HAL_Driver/stm32h7xx_hal_uart_ex.o
                0x0810dc4c                HAL_UARTEx_RxFifoFullCallback
 .text.HAL_UARTEx_TxFifoEmptyCallback
                0x0810dc60       0x14 ./Drivers/STM32H7xx_HAL_Driver/stm32h7xx_hal_uart_ex.o
                0x0810dc60                HAL_UARTEx_TxFifoEmptyCallback
 .text.HAL_UARTEx_DisableFifoMode
                0x0810dc74       0x72 ./Drivers/STM32H7xx_HAL_Driver/stm32h7xx_hal_uart_ex.o
                0x0810dc74                HAL_UARTEx_DisableFifoMode
 .text.HAL_UARTEx_SetTxFifoThreshold
                0x0810dce6       0x7c ./Drivers/STM32H7xx_HAL_Driver/stm32h7xx_hal_uart_ex.o
                0x0810dce6                HAL_UARTEx_SetTxFifoThreshold
 .text.HAL_UARTEx_SetRxFifoThreshold
                0x0810dd62       0x7c ./Drivers/STM32H7xx_HAL_Driver/stm32h7xx_hal_uart_ex.o
                0x0810dd62                HAL_UARTEx_SetRxFifoThreshold
 *fill*         0x0810ddde        0x2 
 .text.UARTEx_SetNbDataToProcess
                0x0810dde0       0x9c ./Drivers/STM32H7xx_HAL_Driver/stm32h7xx_hal_uart_ex.o
 .text.__NVIC_SetPriority
                0x0810de7c       0x54 ./Middlewares/Third_Party/FreeRTOS/cmsis_os2.o
 .text.SVC_Setup
                0x0810ded0       0x12 ./Middlewares/Third_Party/FreeRTOS/cmsis_os2.o
 *fill*         0x0810dee2        0x2 
 .text.osKernelInitialize
                0x0810dee4       0x48 ./Middlewares/Third_Party/FreeRTOS/cmsis_os2.o
                0x0810dee4                osKernelInitialize
 .text.osKernelStart
                0x0810df2c       0x4c ./Middlewares/Third_Party/FreeRTOS/cmsis_os2.o
                0x0810df2c                osKernelStart
 .text.osThreadNew
                0x0810df78      0x124 ./Middlewares/Third_Party/FreeRTOS/cmsis_os2.o
                0x0810df78                osThreadNew
 .text.osDelay  0x0810e09c       0x36 ./Middlewares/Third_Party/FreeRTOS/cmsis_os2.o
                0x0810e09c                osDelay
 *fill*         0x0810e0d2        0x2 
 .text.vApplicationGetIdleTaskMemory
                0x0810e0d4       0x34 ./Middlewares/Third_Party/FreeRTOS/cmsis_os2.o
                0x0810e0d4                vApplicationGetIdleTaskMemory
 .text.vApplicationGetTimerTaskMemory
                0x0810e108       0x34 ./Middlewares/Third_Party/FreeRTOS/cmsis_os2.o
                0x0810e108                vApplicationGetTimerTaskMemory
 .text.pvPortMalloc
                0x0810e13c      0x19c ./Middlewares/Third_Party/FreeRTOS/heap_4.o
                0x0810e13c                pvPortMalloc
 .text.vPortFree
                0x0810e2d8       0xc8 ./Middlewares/Third_Party/FreeRTOS/heap_4.o
                0x0810e2d8                vPortFree
 .text.prvHeapInit
                0x0810e3a0       0xc4 ./Middlewares/Third_Party/FreeRTOS/heap_4.o
 .text.prvInsertBlockIntoFreeList
                0x0810e464       0xb4 ./Middlewares/Third_Party/FreeRTOS/heap_4.o
 .text.vListInitialise
                0x0810e518       0x40 ./Middlewares/Third_Party/FreeRTOS/list.o
                0x0810e518                vListInitialise
 .text.vListInitialiseItem
                0x0810e558       0x1a ./Middlewares/Third_Party/FreeRTOS/list.o
                0x0810e558                vListInitialiseItem
 .text.vListInsertEnd
                0x0810e572       0x48 ./Middlewares/Third_Party/FreeRTOS/list.o
                0x0810e572                vListInsertEnd
 .text.vListInsert
                0x0810e5ba       0x72 ./Middlewares/Third_Party/FreeRTOS/list.o
                0x0810e5ba                vListInsert
 .text.uxListRemove
                0x0810e62c       0x54 ./Middlewares/Third_Party/FreeRTOS/list.o
                0x0810e62c                uxListRemove
 .text.pxPortInitialiseStack
                0x0810e680       0x68 ./Middlewares/Third_Party/FreeRTOS/port.o
                0x0810e680                pxPortInitialiseStack
 .text.prvTaskExitError
                0x0810e6e8       0x5c ./Middlewares/Third_Party/FreeRTOS/port.o
 *fill*         0x0810e744        0xc 
 .text.SVC_Handler
                0x0810e750       0x28 ./Middlewares/Third_Party/FreeRTOS/port.o
                0x0810e750                SVC_Handler
 .text.prvPortStartFirstTask
                0x0810e778       0x28 ./Middlewares/Third_Party/FreeRTOS/port.o
 .text.xPortStartScheduler
                0x0810e7a0      0x148 ./Middlewares/Third_Party/FreeRTOS/port.o
                0x0810e7a0                xPortStartScheduler
 .text.vPortEnterCritical
                0x0810e8e8       0x64 ./Middlewares/Third_Party/FreeRTOS/port.o
                0x0810e8e8                vPortEnterCritical
 .text.vPortExitCritical
                0x0810e94c       0x54 ./Middlewares/Third_Party/FreeRTOS/port.o
                0x0810e94c                vPortExitCritical
 .text.PendSV_Handler
                0x0810e9a0       0x68 ./Middlewares/Third_Party/FreeRTOS/port.o
                0x0810e9a0                PendSV_Handler
 .text.xPortSysTickHandler
                0x0810ea08       0x44 ./Middlewares/Third_Party/FreeRTOS/port.o
                0x0810ea08                xPortSysTickHandler
 .text.vPortSetupTimerInterrupt
                0x0810ea4c       0x48 ./Middlewares/Third_Party/FreeRTOS/port.o
                0x0810ea4c                vPortSetupTimerInterrupt
 .text.vPortEnableVFP
                0x0810ea94       0x14 ./Middlewares/Third_Party/FreeRTOS/port.o
 .text.vPortValidateInterruptPriority
                0x0810eaa8       0x84 ./Middlewares/Third_Party/FreeRTOS/port.o
                0x0810eaa8                vPortValidateInterruptPriority
 .text.xQueueGenericReset
                0x0810eb2c       0xd4 ./Middlewares/Third_Party/FreeRTOS/queue.o
                0x0810eb2c                xQueueGenericReset
 .text.xQueueGenericCreateStatic
                0x0810ec00       0xfa ./Middlewares/Third_Party/FreeRTOS/queue.o
                0x0810ec00                xQueueGenericCreateStatic
 .text.prvInitialiseNewQueue
                0x0810ecfa       0x46 ./Middlewares/Third_Party/FreeRTOS/queue.o
 .text.xQueueGenericSend
                0x0810ed40      0x204 ./Middlewares/Third_Party/FreeRTOS/queue.o
                0x0810ed40                xQueueGenericSend
 .text.xQueueGenericSendFromISR
                0x0810ef44      0x13c ./Middlewares/Third_Party/FreeRTOS/queue.o
                0x0810ef44                xQueueGenericSendFromISR
 .text.xQueueReceive
                0x0810f080      0x1c4 ./Middlewares/Third_Party/FreeRTOS/queue.o
                0x0810f080                xQueueReceive
 .text.prvCopyDataToQueue
                0x0810f244       0xd4 ./Middlewares/Third_Party/FreeRTOS/queue.o
 .text.prvCopyDataFromQueue
                0x0810f318       0x4c ./Middlewares/Third_Party/FreeRTOS/queue.o
 .text.prvUnlockQueue
                0x0810f364       0xa4 ./Middlewares/Third_Party/FreeRTOS/queue.o
 .text.prvIsQueueEmpty
                0x0810f408       0x2c ./Middlewares/Third_Party/FreeRTOS/queue.o
 .text.prvIsQueueFull
                0x0810f434       0x30 ./Middlewares/Third_Party/FreeRTOS/queue.o
 .text.vQueueAddToRegistry
                0x0810f464       0x54 ./Middlewares/Third_Party/FreeRTOS/queue.o
                0x0810f464                vQueueAddToRegistry
 .text.vQueueWaitForMessageRestricted
                0x0810f4b8       0x68 ./Middlewares/Third_Party/FreeRTOS/queue.o
                0x0810f4b8                vQueueWaitForMessageRestricted
 .text.xTaskCreateStatic
                0x0810f520       0xc0 ./Middlewares/Third_Party/FreeRTOS/tasks.o
                0x0810f520                xTaskCreateStatic
 .text.xTaskCreate
                0x0810f5e0       0x8a ./Middlewares/Third_Party/FreeRTOS/tasks.o
                0x0810f5e0                xTaskCreate
 .text.prvInitialiseNewTask
                0x0810f66a      0x120 ./Middlewares/Third_Party/FreeRTOS/tasks.o
 *fill*         0x0810f78a        0x2 
 .text.prvAddNewTaskToReadyList
                0x0810f78c       0xe0 ./Middlewares/Third_Party/FreeRTOS/tasks.o
 .text.vTaskDelay
                0x0810f86c       0x6c ./Middlewares/Third_Party/FreeRTOS/tasks.o
                0x0810f86c                vTaskDelay
 .text.vTaskStartScheduler
                0x0810f8d8       0xd0 ./Middlewares/Third_Party/FreeRTOS/tasks.o
                0x0810f8d8                vTaskStartScheduler
 .text.vTaskSuspendAll
                0x0810f9a8       0x1c ./Middlewares/Third_Party/FreeRTOS/tasks.o
                0x0810f9a8                vTaskSuspendAll
 .text.xTaskResumeAll
                0x0810f9c4      0x13c ./Middlewares/Third_Party/FreeRTOS/tasks.o
                0x0810f9c4                xTaskResumeAll
 .text.xTaskGetTickCount
                0x0810fb00       0x20 ./Middlewares/Third_Party/FreeRTOS/tasks.o
                0x0810fb00                xTaskGetTickCount
 .text.xTaskIncrementTick
                0x0810fb20      0x174 ./Middlewares/Third_Party/FreeRTOS/tasks.o
                0x0810fb20                xTaskIncrementTick
 .text.vTaskSwitchContext
                0x0810fc94       0xbc ./Middlewares/Third_Party/FreeRTOS/tasks.o
                0x0810fc94                vTaskSwitchContext
 .text.vTaskPlaceOnEventList
                0x0810fd50       0x4c ./Middlewares/Third_Party/FreeRTOS/tasks.o
                0x0810fd50                vTaskPlaceOnEventList
 .text.vTaskPlaceOnEventListRestricted
                0x0810fd9c       0x58 ./Middlewares/Third_Party/FreeRTOS/tasks.o
                0x0810fd9c                vTaskPlaceOnEventListRestricted
 .text.xTaskRemoveFromEventList
                0x0810fdf4       0xc8 ./Middlewares/Third_Party/FreeRTOS/tasks.o
                0x0810fdf4                xTaskRemoveFromEventList
 .text.vTaskInternalSetTimeOutState
                0x0810febc       0x2c ./Middlewares/Third_Party/FreeRTOS/tasks.o
                0x0810febc                vTaskInternalSetTimeOutState
 .text.xTaskCheckForTimeOut
                0x0810fee8       0xc8 ./Middlewares/Third_Party/FreeRTOS/tasks.o
                0x0810fee8                xTaskCheckForTimeOut
 .text.vTaskMissedYield
                0x0810ffb0       0x18 ./Middlewares/Third_Party/FreeRTOS/tasks.o
                0x0810ffb0                vTaskMissedYield
 .text.prvIdleTask
                0x0810ffc8       0x30 ./Middlewares/Third_Party/FreeRTOS/tasks.o
 .text.prvInitialiseTaskLists
                0x0810fff8       0x80 ./Middlewares/Third_Party/FreeRTOS/tasks.o
 .text.prvCheckTasksWaitingTermination
                0x08110078       0x5c ./Middlewares/Third_Party/FreeRTOS/tasks.o
 .text.prvDeleteTCB
                0x081100d4       0x60 ./Middlewares/Third_Party/FreeRTOS/tasks.o
 .text.prvResetNextTaskUnblockTime
                0x08110134       0x40 ./Middlewares/Third_Party/FreeRTOS/tasks.o
 .text.xTaskGetSchedulerState
                0x08110174       0x3c ./Middlewares/Third_Party/FreeRTOS/tasks.o
                0x08110174                xTaskGetSchedulerState
 .text.xTaskPriorityDisinherit
                0x081101b0       0xe0 ./Middlewares/Third_Party/FreeRTOS/tasks.o
                0x081101b0                xTaskPriorityDisinherit
 .text.prvAddCurrentTaskToDelayedList
                0x08110290       0xa8 ./Middlewares/Third_Party/FreeRTOS/tasks.o
 .text.xTimerCreateTimerTask
                0x08110338       0x94 ./Middlewares/Third_Party/FreeRTOS/timers.o
                0x08110338                xTimerCreateTimerTask
 .text.xTimerGenericCommand
                0x081103cc       0x9c ./Middlewares/Third_Party/FreeRTOS/timers.o
                0x081103cc                xTimerGenericCommand
 .text.prvProcessExpiredTimer
                0x08110468       0x9c ./Middlewares/Third_Party/FreeRTOS/timers.o
 .text.prvTimerTask
                0x08110504       0x26 ./Middlewares/Third_Party/FreeRTOS/timers.o
 *fill*         0x0811052a        0x2 
 .text.prvProcessTimerOrBlockTask
                0x0811052c       0x9c ./Middlewares/Third_Party/FreeRTOS/timers.o
 .text.prvGetNextExpireTime
                0x081105c8       0x48 ./Middlewares/Third_Party/FreeRTOS/timers.o
 .text.prvSampleTimeNow
                0x08110610       0x40 ./Middlewares/Third_Party/FreeRTOS/timers.o
 .text.prvInsertTimerInActiveList
                0x08110650       0x84 ./Middlewares/Third_Party/FreeRTOS/timers.o
 .text.prvProcessReceivedCommands
                0x081106d4      0x1cc ./Middlewares/Third_Party/FreeRTOS/timers.o
 .text.prvSwitchTimerLists
                0x081108a0       0xcc ./Middlewares/Third_Party/FreeRTOS/timers.o
 .text.prvCheckForValidListAndQueue
                0x0811096c       0x80 ./Middlewares/Third_Party/FreeRTOS/timers.o
 .text.std      0x081109ec       0x6c C:/ST/STM32CubeIDE_1.16.1/STM32CubeIDE/plugins/com.st.stm32cube.ide.mcu.externaltools.gnu-tools-for-stm32.13.3.rel1.win32_1.0.0.202411081344/tools/bin/../lib/gcc/arm-none-eabi/13.3.1/../../../../arm-none-eabi/lib/thumb/v7e-m+fp/hard\libc_nano.a(libc_a-findfp.o)
 .text.stdio_exit_handler
                0x08110a58       0x18 C:/ST/STM32CubeIDE_1.16.1/STM32CubeIDE/plugins/com.st.stm32cube.ide.mcu.externaltools.gnu-tools-for-stm32.13.3.rel1.win32_1.0.0.202411081344/tools/bin/../lib/gcc/arm-none-eabi/13.3.1/../../../../arm-none-eabi/lib/thumb/v7e-m+fp/hard\libc_nano.a(libc_a-findfp.o)
 .text.cleanup_stdio
                0x08110a70       0x40 C:/ST/STM32CubeIDE_1.16.1/STM32CubeIDE/plugins/com.st.stm32cube.ide.mcu.externaltools.gnu-tools-for-stm32.13.3.rel1.win32_1.0.0.202411081344/tools/bin/../lib/gcc/arm-none-eabi/13.3.1/../../../../arm-none-eabi/lib/thumb/v7e-m+fp/hard\libc_nano.a(libc_a-findfp.o)
 .text.global_stdio_init.part.0
                0x08110ab0       0x3c C:/ST/STM32CubeIDE_1.16.1/STM32CubeIDE/plugins/com.st.stm32cube.ide.mcu.externaltools.gnu-tools-for-stm32.13.3.rel1.win32_1.0.0.202411081344/tools/bin/../lib/gcc/arm-none-eabi/13.3.1/../../../../arm-none-eabi/lib/thumb/v7e-m+fp/hard\libc_nano.a(libc_a-findfp.o)
 .text.__sfp_lock_acquire
                0x08110aec        0xc C:/ST/STM32CubeIDE_1.16.1/STM32CubeIDE/plugins/com.st.stm32cube.ide.mcu.externaltools.gnu-tools-for-stm32.13.3.rel1.win32_1.0.0.202411081344/tools/bin/../lib/gcc/arm-none-eabi/13.3.1/../../../../arm-none-eabi/lib/thumb/v7e-m+fp/hard\libc_nano.a(libc_a-findfp.o)
                0x08110aec                __sfp_lock_acquire
 .text.__sfp_lock_release
                0x08110af8        0xc C:/ST/STM32CubeIDE_1.16.1/STM32CubeIDE/plugins/com.st.stm32cube.ide.mcu.externaltools.gnu-tools-for-stm32.13.3.rel1.win32_1.0.0.202411081344/tools/bin/../lib/gcc/arm-none-eabi/13.3.1/../../../../arm-none-eabi/lib/thumb/v7e-m+fp/hard\libc_nano.a(libc_a-findfp.o)
                0x08110af8                __sfp_lock_release
 .text.__sinit  0x08110b04       0x30 C:/ST/STM32CubeIDE_1.16.1/STM32CubeIDE/plugins/com.st.stm32cube.ide.mcu.externaltools.gnu-tools-for-stm32.13.3.rel1.win32_1.0.0.202411081344/tools/bin/../lib/gcc/arm-none-eabi/13.3.1/../../../../arm-none-eabi/lib/thumb/v7e-m+fp/hard\libc_nano.a(libc_a-findfp.o)
                0x08110b04                __sinit
 .text._fwalk_sglue
                0x08110b34       0x3c C:/ST/STM32CubeIDE_1.16.1/STM32CubeIDE/plugins/com.st.stm32cube.ide.mcu.externaltools.gnu-tools-for-stm32.13.3.rel1.win32_1.0.0.202411081344/tools/bin/../lib/gcc/arm-none-eabi/13.3.1/../../../../arm-none-eabi/lib/thumb/v7e-m+fp/hard\libc_nano.a(libc_a-fwalk.o)
                0x08110b34                _fwalk_sglue
 .text.printf   0x08110b70       0x24 C:/ST/STM32CubeIDE_1.16.1/STM32CubeIDE/plugins/com.st.stm32cube.ide.mcu.externaltools.gnu-tools-for-stm32.13.3.rel1.win32_1.0.0.202411081344/tools/bin/../lib/gcc/arm-none-eabi/13.3.1/../../../../arm-none-eabi/lib/thumb/v7e-m+fp/hard\libc_nano.a(libc_a-printf.o)
                0x08110b70                iprintf
                0x08110b70                printf
 .text._puts_r  0x08110b94       0xaa C:/ST/STM32CubeIDE_1.16.1/STM32CubeIDE/plugins/com.st.stm32cube.ide.mcu.externaltools.gnu-tools-for-stm32.13.3.rel1.win32_1.0.0.202411081344/tools/bin/../lib/gcc/arm-none-eabi/13.3.1/../../../../arm-none-eabi/lib/thumb/v7e-m+fp/hard\libc_nano.a(libc_a-puts.o)
                0x08110b94                _puts_r
 *fill*         0x08110c3e        0x2 
 .text.puts     0x08110c40       0x10 C:/ST/STM32CubeIDE_1.16.1/STM32CubeIDE/plugins/com.st.stm32cube.ide.mcu.externaltools.gnu-tools-for-stm32.13.3.rel1.win32_1.0.0.202411081344/tools/bin/../lib/gcc/arm-none-eabi/13.3.1/../../../../arm-none-eabi/lib/thumb/v7e-m+fp/hard\libc_nano.a(libc_a-puts.o)
                0x08110c40                puts
 .text.sprintf  0x08110c50       0x44 C:/ST/STM32CubeIDE_1.16.1/STM32CubeIDE/plugins/com.st.stm32cube.ide.mcu.externaltools.gnu-tools-for-stm32.13.3.rel1.win32_1.0.0.202411081344/tools/bin/../lib/gcc/arm-none-eabi/13.3.1/../../../../arm-none-eabi/lib/thumb/v7e-m+fp/hard\libc_nano.a(libc_a-sprintf.o)
                0x08110c50                siprintf
                0x08110c50                sprintf
 .text.__sread  0x08110c94       0x22 C:/ST/STM32CubeIDE_1.16.1/STM32CubeIDE/plugins/com.st.stm32cube.ide.mcu.externaltools.gnu-tools-for-stm32.13.3.rel1.win32_1.0.0.202411081344/tools/bin/../lib/gcc/arm-none-eabi/13.3.1/../../../../arm-none-eabi/lib/thumb/v7e-m+fp/hard\libc_nano.a(libc_a-stdio.o)
                0x08110c94                __sread
 .text.__swrite
                0x08110cb6       0x38 C:/ST/STM32CubeIDE_1.16.1/STM32CubeIDE/plugins/com.st.stm32cube.ide.mcu.externaltools.gnu-tools-for-stm32.13.3.rel1.win32_1.0.0.202411081344/tools/bin/../lib/gcc/arm-none-eabi/13.3.1/../../../../arm-none-eabi/lib/thumb/v7e-m+fp/hard\libc_nano.a(libc_a-stdio.o)
                0x08110cb6                __swrite
 .text.__sseek  0x08110cee       0x24 C:/ST/STM32CubeIDE_1.16.1/STM32CubeIDE/plugins/com.st.stm32cube.ide.mcu.externaltools.gnu-tools-for-stm32.13.3.rel1.win32_1.0.0.202411081344/tools/bin/../lib/gcc/arm-none-eabi/13.3.1/../../../../arm-none-eabi/lib/thumb/v7e-m+fp/hard\libc_nano.a(libc_a-stdio.o)
                0x08110cee                __sseek
 .text.__sclose
                0x08110d12        0x8 C:/ST/STM32CubeIDE_1.16.1/STM32CubeIDE/plugins/com.st.stm32cube.ide.mcu.externaltools.gnu-tools-for-stm32.13.3.rel1.win32_1.0.0.202411081344/tools/bin/../lib/gcc/arm-none-eabi/13.3.1/../../../../arm-none-eabi/lib/thumb/v7e-m+fp/hard\libc_nano.a(libc_a-stdio.o)
                0x08110d12                __sclose
 .text.__swbuf_r
                0x08110d1a       0x7c C:/ST/STM32CubeIDE_1.16.1/STM32CubeIDE/plugins/com.st.stm32cube.ide.mcu.externaltools.gnu-tools-for-stm32.13.3.rel1.win32_1.0.0.202411081344/tools/bin/../lib/gcc/arm-none-eabi/13.3.1/../../../../arm-none-eabi/lib/thumb/v7e-m+fp/hard\libc_nano.a(libc_a-wbuf.o)
                0x08110d1a                __swbuf_r
 *fill*         0x08110d96        0x2 
 .text.__swsetup_r
                0x08110d98       0xac C:/ST/STM32CubeIDE_1.16.1/STM32CubeIDE/plugins/com.st.stm32cube.ide.mcu.externaltools.gnu-tools-for-stm32.13.3.rel1.win32_1.0.0.202411081344/tools/bin/../lib/gcc/arm-none-eabi/13.3.1/../../../../arm-none-eabi/lib/thumb/v7e-m+fp/hard\libc_nano.a(libc_a-wsetup.o)
                0x08110d98                __swsetup_r
 .text.memset   0x08110e44       0x10 C:/ST/STM32CubeIDE_1.16.1/STM32CubeIDE/plugins/com.st.stm32cube.ide.mcu.externaltools.gnu-tools-for-stm32.13.3.rel1.win32_1.0.0.202411081344/tools/bin/../lib/gcc/arm-none-eabi/13.3.1/../../../../arm-none-eabi/lib/thumb/v7e-m+fp/hard\libc_nano.a(libc_a-memset.o)
                0x08110e44                memset
 .text._close_r
                0x08110e54       0x20 C:/ST/STM32CubeIDE_1.16.1/STM32CubeIDE/plugins/com.st.stm32cube.ide.mcu.externaltools.gnu-tools-for-stm32.13.3.rel1.win32_1.0.0.202411081344/tools/bin/../lib/gcc/arm-none-eabi/13.3.1/../../../../arm-none-eabi/lib/thumb/v7e-m+fp/hard\libc_nano.a(libc_a-closer.o)
                0x08110e54                _close_r
 .text._lseek_r
                0x08110e74       0x24 C:/ST/STM32CubeIDE_1.16.1/STM32CubeIDE/plugins/com.st.stm32cube.ide.mcu.externaltools.gnu-tools-for-stm32.13.3.rel1.win32_1.0.0.202411081344/tools/bin/../lib/gcc/arm-none-eabi/13.3.1/../../../../arm-none-eabi/lib/thumb/v7e-m+fp/hard\libc_nano.a(libc_a-lseekr.o)
                0x08110e74                _lseek_r
 .text._read_r  0x08110e98       0x24 C:/ST/STM32CubeIDE_1.16.1/STM32CubeIDE/plugins/com.st.stm32cube.ide.mcu.externaltools.gnu-tools-for-stm32.13.3.rel1.win32_1.0.0.202411081344/tools/bin/../lib/gcc/arm-none-eabi/13.3.1/../../../../arm-none-eabi/lib/thumb/v7e-m+fp/hard\libc_nano.a(libc_a-readr.o)
                0x08110e98                _read_r
 .text._write_r
                0x08110ebc       0x24 C:/ST/STM32CubeIDE_1.16.1/STM32CubeIDE/plugins/com.st.stm32cube.ide.mcu.externaltools.gnu-tools-for-stm32.13.3.rel1.win32_1.0.0.202411081344/tools/bin/../lib/gcc/arm-none-eabi/13.3.1/../../../../arm-none-eabi/lib/thumb/v7e-m+fp/hard\libc_nano.a(libc_a-writer.o)
                0x08110ebc                _write_r
 .text.__errno  0x08110ee0        0xc C:/ST/STM32CubeIDE_1.16.1/STM32CubeIDE/plugins/com.st.stm32cube.ide.mcu.externaltools.gnu-tools-for-stm32.13.3.rel1.win32_1.0.0.202411081344/tools/bin/../lib/gcc/arm-none-eabi/13.3.1/../../../../arm-none-eabi/lib/thumb/v7e-m+fp/hard\libc_nano.a(libc_a-errno.o)
                0x08110ee0                __errno
 .text.__libc_init_array
                0x08110eec       0x48 C:/ST/STM32CubeIDE_1.16.1/STM32CubeIDE/plugins/com.st.stm32cube.ide.mcu.externaltools.gnu-tools-for-stm32.13.3.rel1.win32_1.0.0.202411081344/tools/bin/../lib/gcc/arm-none-eabi/13.3.1/../../../../arm-none-eabi/lib/thumb/v7e-m+fp/hard\libc_nano.a(libc_a-init.o)
                0x08110eec                __libc_init_array
 .text.__retarget_lock_init_recursive
                0x08110f34        0x2 C:/ST/STM32CubeIDE_1.16.1/STM32CubeIDE/plugins/com.st.stm32cube.ide.mcu.externaltools.gnu-tools-for-stm32.13.3.rel1.win32_1.0.0.202411081344/tools/bin/../lib/gcc/arm-none-eabi/13.3.1/../../../../arm-none-eabi/lib/thumb/v7e-m+fp/hard\libc_nano.a(libc_a-lock.o)
                0x08110f34                __retarget_lock_init_recursive
 .text.__retarget_lock_acquire_recursive
                0x08110f36        0x2 C:/ST/STM32CubeIDE_1.16.1/STM32CubeIDE/plugins/com.st.stm32cube.ide.mcu.externaltools.gnu-tools-for-stm32.13.3.rel1.win32_1.0.0.202411081344/tools/bin/../lib/gcc/arm-none-eabi/13.3.1/../../../../arm-none-eabi/lib/thumb/v7e-m+fp/hard\libc_nano.a(libc_a-lock.o)
                0x08110f36                __retarget_lock_acquire_recursive
 .text.__retarget_lock_release_recursive
                0x08110f38        0x2 C:/ST/STM32CubeIDE_1.16.1/STM32CubeIDE/plugins/com.st.stm32cube.ide.mcu.externaltools.gnu-tools-for-stm32.13.3.rel1.win32_1.0.0.202411081344/tools/bin/../lib/gcc/arm-none-eabi/13.3.1/../../../../arm-none-eabi/lib/thumb/v7e-m+fp/hard\libc_nano.a(libc_a-lock.o)
                0x08110f38                __retarget_lock_release_recursive
 .text.memcpy   0x08110f3a       0x1c C:/ST/STM32CubeIDE_1.16.1/STM32CubeIDE/plugins/com.st.stm32cube.ide.mcu.externaltools.gnu-tools-for-stm32.13.3.rel1.win32_1.0.0.202411081344/tools/bin/../lib/gcc/arm-none-eabi/13.3.1/../../../../arm-none-eabi/lib/thumb/v7e-m+fp/hard\libc_nano.a(libc_a-memcpy-stub.o)
                0x08110f3a                memcpy
 *fill*         0x08110f56        0x2 
 .text._free_r  0x08110f58       0x94 C:/ST/STM32CubeIDE_1.16.1/STM32CubeIDE/plugins/com.st.stm32cube.ide.mcu.externaltools.gnu-tools-for-stm32.13.3.rel1.win32_1.0.0.202411081344/tools/bin/../lib/gcc/arm-none-eabi/13.3.1/../../../../arm-none-eabi/lib/thumb/v7e-m+fp/hard\libc_nano.a(libc_a-freer.o)
                0x08110f58                _free_r
 .text.sbrk_aligned
                0x08110fec       0x44 C:/ST/STM32CubeIDE_1.16.1/STM32CubeIDE/plugins/com.st.stm32cube.ide.mcu.externaltools.gnu-tools-for-stm32.13.3.rel1.win32_1.0.0.202411081344/tools/bin/../lib/gcc/arm-none-eabi/13.3.1/../../../../arm-none-eabi/lib/thumb/v7e-m+fp/hard\libc_nano.a(libc_a-mallocr.o)
 .text._malloc_r
                0x08111030      0x100 C:/ST/STM32CubeIDE_1.16.1/STM32CubeIDE/plugins/com.st.stm32cube.ide.mcu.externaltools.gnu-tools-for-stm32.13.3.rel1.win32_1.0.0.202411081344/tools/bin/../lib/gcc/arm-none-eabi/13.3.1/../../../../arm-none-eabi/lib/thumb/v7e-m+fp/hard\libc_nano.a(libc_a-mallocr.o)
                0x08111030                _malloc_r
 .text.__malloc_lock
                0x08111130        0xc C:/ST/STM32CubeIDE_1.16.1/STM32CubeIDE/plugins/com.st.stm32cube.ide.mcu.externaltools.gnu-tools-for-stm32.13.3.rel1.win32_1.0.0.202411081344/tools/bin/../lib/gcc/arm-none-eabi/13.3.1/../../../../arm-none-eabi/lib/thumb/v7e-m+fp/hard\libc_nano.a(libc_a-mlock.o)
                0x08111130                __malloc_lock
 .text.__malloc_unlock
                0x0811113c        0xc C:/ST/STM32CubeIDE_1.16.1/STM32CubeIDE/plugins/com.st.stm32cube.ide.mcu.externaltools.gnu-tools-for-stm32.13.3.rel1.win32_1.0.0.202411081344/tools/bin/../lib/gcc/arm-none-eabi/13.3.1/../../../../arm-none-eabi/lib/thumb/v7e-m+fp/hard\libc_nano.a(libc_a-mlock.o)
                0x0811113c                __malloc_unlock
 .text.__ssputs_r
                0x08111148       0xb6 C:/ST/STM32CubeIDE_1.16.1/STM32CubeIDE/plugins/com.st.stm32cube.ide.mcu.externaltools.gnu-tools-for-stm32.13.3.rel1.win32_1.0.0.202411081344/tools/bin/../lib/gcc/arm-none-eabi/13.3.1/../../../../arm-none-eabi/lib/thumb/v7e-m+fp/hard\libc_nano.a(libc_a-nano-svfprintf.o)
                0x08111148                __ssputs_r
 *fill*         0x081111fe        0x2 
 .text._svfprintf_r
                0x08111200      0x1f8 C:/ST/STM32CubeIDE_1.16.1/STM32CubeIDE/plugins/com.st.stm32cube.ide.mcu.externaltools.gnu-tools-for-stm32.13.3.rel1.win32_1.0.0.202411081344/tools/bin/../lib/gcc/arm-none-eabi/13.3.1/../../../../arm-none-eabi/lib/thumb/v7e-m+fp/hard\libc_nano.a(libc_a-nano-svfprintf.o)
                0x08111200                _svfiprintf_r
                0x08111200                _svfprintf_r
 .text.__sfputc_r
                0x081113f8       0x2e C:/ST/STM32CubeIDE_1.16.1/STM32CubeIDE/plugins/com.st.stm32cube.ide.mcu.externaltools.gnu-tools-for-stm32.13.3.rel1.win32_1.0.0.202411081344/tools/bin/../lib/gcc/arm-none-eabi/13.3.1/../../../../arm-none-eabi/lib/thumb/v7e-m+fp/hard\libc_nano.a(libc_a-nano-vfprintf.o)
 .text.__sfputs_r
                0x08111426       0x24 C:/ST/STM32CubeIDE_1.16.1/STM32CubeIDE/plugins/com.st.stm32cube.ide.mcu.externaltools.gnu-tools-for-stm32.13.3.rel1.win32_1.0.0.202411081344/tools/bin/../lib/gcc/arm-none-eabi/13.3.1/../../../../arm-none-eabi/lib/thumb/v7e-m+fp/hard\libc_nano.a(libc_a-nano-vfprintf.o)
                0x08111426                __sfputs_r
 *fill*         0x0811144a        0x2 
 .text._vfprintf_r
                0x0811144c      0x230 C:/ST/STM32CubeIDE_1.16.1/STM32CubeIDE/plugins/com.st.stm32cube.ide.mcu.externaltools.gnu-tools-for-stm32.13.3.rel1.win32_1.0.0.202411081344/tools/bin/../lib/gcc/arm-none-eabi/13.3.1/../../../../arm-none-eabi/lib/thumb/v7e-m+fp/hard\libc_nano.a(libc_a-nano-vfprintf.o)
                0x0811144c                _vfprintf_r
                0x0811144c                _vfiprintf_r
 .text._printf_common
                0x0811167c       0xda C:/ST/STM32CubeIDE_1.16.1/STM32CubeIDE/plugins/com.st.stm32cube.ide.mcu.externaltools.gnu-tools-for-stm32.13.3.rel1.win32_1.0.0.202411081344/tools/bin/../lib/gcc/arm-none-eabi/13.3.1/../../../../arm-none-eabi/lib/thumb/v7e-m+fp/hard\libc_nano.a(libc_a-nano-vfprintf_i.o)
                0x0811167c                _printf_common
 *fill*         0x08111756        0x2 
 .text._printf_i
                0x08111758      0x23c C:/ST/STM32CubeIDE_1.16.1/STM32CubeIDE/plugins/com.st.stm32cube.ide.mcu.externaltools.gnu-tools-for-stm32.13.3.rel1.win32_1.0.0.202411081344/tools/bin/../lib/gcc/arm-none-eabi/13.3.1/../../../../arm-none-eabi/lib/thumb/v7e-m+fp/hard\libc_nano.a(libc_a-nano-vfprintf_i.o)
                0x08111758                _printf_i
 .text.__sflush_r
                0x08111994      0x108 C:/ST/STM32CubeIDE_1.16.1/STM32CubeIDE/plugins/com.st.stm32cube.ide.mcu.externaltools.gnu-tools-for-stm32.13.3.rel1.win32_1.0.0.202411081344/tools/bin/../lib/gcc/arm-none-eabi/13.3.1/../../../../arm-none-eabi/lib/thumb/v7e-m+fp/hard\libc_nano.a(libc_a-fflush.o)
                0x08111994                __sflush_r
 .text._fflush_r
                0x08111a9c       0x50 C:/ST/STM32CubeIDE_1.16.1/STM32CubeIDE/plugins/com.st.stm32cube.ide.mcu.externaltools.gnu-tools-for-stm32.13.3.rel1.win32_1.0.0.202411081344/tools/bin/../lib/gcc/arm-none-eabi/13.3.1/../../../../arm-none-eabi/lib/thumb/v7e-m+fp/hard\libc_nano.a(libc_a-fflush.o)
                0x08111a9c                _fflush_r
 .text.__swhatbuf_r
                0x08111aec       0x4c C:/ST/STM32CubeIDE_1.16.1/STM32CubeIDE/plugins/com.st.stm32cube.ide.mcu.externaltools.gnu-tools-for-stm32.13.3.rel1.win32_1.0.0.202411081344/tools/bin/../lib/gcc/arm-none-eabi/13.3.1/../../../../arm-none-eabi/lib/thumb/v7e-m+fp/hard\libc_nano.a(libc_a-makebuf.o)
                0x08111aec                __swhatbuf_r
 .text.__smakebuf_r
                0x08111b38       0x78 C:/ST/STM32CubeIDE_1.16.1/STM32CubeIDE/plugins/com.st.stm32cube.ide.mcu.externaltools.gnu-tools-for-stm32.13.3.rel1.win32_1.0.0.202411081344/tools/bin/../lib/gcc/arm-none-eabi/13.3.1/../../../../arm-none-eabi/lib/thumb/v7e-m+fp/hard\libc_nano.a(libc_a-makebuf.o)
                0x08111b38                __smakebuf_r
 .text.memmove  0x08111bb0       0x34 C:/ST/STM32CubeIDE_1.16.1/STM32CubeIDE/plugins/com.st.stm32cube.ide.mcu.externaltools.gnu-tools-for-stm32.13.3.rel1.win32_1.0.0.202411081344/tools/bin/../lib/gcc/arm-none-eabi/13.3.1/../../../../arm-none-eabi/lib/thumb/v7e-m+fp/hard\libc_nano.a(libc_a-memmove.o)
                0x08111bb0                memmove
 .text._fstat_r
                0x08111be4       0x24 C:/ST/STM32CubeIDE_1.16.1/STM32CubeIDE/plugins/com.st.stm32cube.ide.mcu.externaltools.gnu-tools-for-stm32.13.3.rel1.win32_1.0.0.202411081344/tools/bin/../lib/gcc/arm-none-eabi/13.3.1/../../../../arm-none-eabi/lib/thumb/v7e-m+fp/hard\libc_nano.a(libc_a-fstatr.o)
                0x08111be4                _fstat_r
 .text._isatty_r
                0x08111c08       0x20 C:/ST/STM32CubeIDE_1.16.1/STM32CubeIDE/plugins/com.st.stm32cube.ide.mcu.externaltools.gnu-tools-for-stm32.13.3.rel1.win32_1.0.0.202411081344/tools/bin/../lib/gcc/arm-none-eabi/13.3.1/../../../../arm-none-eabi/lib/thumb/v7e-m+fp/hard\libc_nano.a(libc_a-isattyr.o)
                0x08111c08                _isatty_r
 .text._sbrk_r  0x08111c28       0x20 C:/ST/STM32CubeIDE_1.16.1/STM32CubeIDE/plugins/com.st.stm32cube.ide.mcu.externaltools.gnu-tools-for-stm32.13.3.rel1.win32_1.0.0.202411081344/tools/bin/../lib/gcc/arm-none-eabi/13.3.1/../../../../arm-none-eabi/lib/thumb/v7e-m+fp/hard\libc_nano.a(libc_a-sbrkr.o)
                0x08111c28                _sbrk_r
 .text._realloc_r
                0x08111c48       0x5c C:/ST/STM32CubeIDE_1.16.1/STM32CubeIDE/plugins/com.st.stm32cube.ide.mcu.externaltools.gnu-tools-for-stm32.13.3.rel1.win32_1.0.0.202411081344/tools/bin/../lib/gcc/arm-none-eabi/13.3.1/../../../../arm-none-eabi/lib/thumb/v7e-m+fp/hard\libc_nano.a(libc_a-reallocr.o)
                0x08111c48                _realloc_r
 .text._malloc_usable_size_r
                0x08111ca4       0x10 C:/ST/STM32CubeIDE_1.16.1/STM32CubeIDE/plugins/com.st.stm32cube.ide.mcu.externaltools.gnu-tools-for-stm32.13.3.rel1.win32_1.0.0.202411081344/tools/bin/../lib/gcc/arm-none-eabi/13.3.1/../../../../arm-none-eabi/lib/thumb/v7e-m+fp/hard\libc_nano.a(libc_a-msizer.o)
                0x08111ca4                _malloc_usable_size_r
 .text._close   0x08111cb4       0x10 C:/ST/STM32CubeIDE_1.16.1/STM32CubeIDE/plugins/com.st.stm32cube.ide.mcu.externaltools.gnu-tools-for-stm32.13.3.rel1.win32_1.0.0.202411081344/tools/bin/../lib/gcc/arm-none-eabi/13.3.1/../../../../arm-none-eabi/lib/thumb/v7e-m+fp/hard\libnosys.a(close.o)
                0x08111cb4                _close
 .text._fstat   0x08111cc4       0x10 C:/ST/STM32CubeIDE_1.16.1/STM32CubeIDE/plugins/com.st.stm32cube.ide.mcu.externaltools.gnu-tools-for-stm32.13.3.rel1.win32_1.0.0.202411081344/tools/bin/../lib/gcc/arm-none-eabi/13.3.1/../../../../arm-none-eabi/lib/thumb/v7e-m+fp/hard\libnosys.a(fstat.o)
                0x08111cc4                _fstat
 .text._isatty  0x08111cd4       0x10 C:/ST/STM32CubeIDE_1.16.1/STM32CubeIDE/plugins/com.st.stm32cube.ide.mcu.externaltools.gnu-tools-for-stm32.13.3.rel1.win32_1.0.0.202411081344/tools/bin/../lib/gcc/arm-none-eabi/13.3.1/../../../../arm-none-eabi/lib/thumb/v7e-m+fp/hard\libnosys.a(isatty.o)
                0x08111cd4                _isatty
 .text._lseek   0x08111ce4       0x10 C:/ST/STM32CubeIDE_1.16.1/STM32CubeIDE/plugins/com.st.stm32cube.ide.mcu.externaltools.gnu-tools-for-stm32.13.3.rel1.win32_1.0.0.202411081344/tools/bin/../lib/gcc/arm-none-eabi/13.3.1/../../../../arm-none-eabi/lib/thumb/v7e-m+fp/hard\libnosys.a(lseek.o)
                0x08111ce4                _lseek
 .text._read    0x08111cf4       0x10 C:/ST/STM32CubeIDE_1.16.1/STM32CubeIDE/plugins/com.st.stm32cube.ide.mcu.externaltools.gnu-tools-for-stm32.13.3.rel1.win32_1.0.0.202411081344/tools/bin/../lib/gcc/arm-none-eabi/13.3.1/../../../../arm-none-eabi/lib/thumb/v7e-m+fp/hard\libnosys.a(read.o)
                0x08111cf4                _read
 *(.glue_7)
 .glue_7        0x08111d04        0x0 linker stubs
 *(.glue_7t)
 .glue_7t       0x08111d04        0x0 linker stubs
 *(.eh_frame)
 .eh_frame      0x08111d04        0x0 C:/ST/STM32CubeIDE_1.16.1/STM32CubeIDE/plugins/com.st.stm32cube.ide.mcu.externaltools.gnu-tools-for-stm32.13.3.rel1.win32_1.0.0.202411081344/tools/bin/../lib/gcc/arm-none-eabi/13.3.1/thumb/v7e-m+fp/hard/crtbegin.o
 *(.init)
 .init          0x08111d04        0x4 C:/ST/STM32CubeIDE_1.16.1/STM32CubeIDE/plugins/com.st.stm32cube.ide.mcu.externaltools.gnu-tools-for-stm32.13.3.rel1.win32_1.0.0.202411081344/tools/bin/../lib/gcc/arm-none-eabi/13.3.1/thumb/v7e-m+fp/hard/crti.o
                0x08111d04                _init
 .init          0x08111d08        0x8 C:/ST/STM32CubeIDE_1.16.1/STM32CubeIDE/plugins/com.st.stm32cube.ide.mcu.externaltools.gnu-tools-for-stm32.13.3.rel1.win32_1.0.0.202411081344/tools/bin/../lib/gcc/arm-none-eabi/13.3.1/thumb/v7e-m+fp/hard/crtn.o
 *(.fini)
 .fini          0x08111d10        0x4 C:/ST/STM32CubeIDE_1.16.1/STM32CubeIDE/plugins/com.st.stm32cube.ide.mcu.externaltools.gnu-tools-for-stm32.13.3.rel1.win32_1.0.0.202411081344/tools/bin/../lib/gcc/arm-none-eabi/13.3.1/thumb/v7e-m+fp/hard/crti.o
                0x08111d10                _fini
 .fini          0x08111d14        0x8 C:/ST/STM32CubeIDE_1.16.1/STM32CubeIDE/plugins/com.st.stm32cube.ide.mcu.externaltools.gnu-tools-for-stm32.13.3.rel1.win32_1.0.0.202411081344/tools/bin/../lib/gcc/arm-none-eabi/13.3.1/thumb/v7e-m+fp/hard/crtn.o
                0x08111d1c                        . = ALIGN (0x4)
                0x08111d1c                        _etext = .

.vfp11_veneer   0x08111d1c        0x0
 .vfp11_veneer  0x08111d1c        0x0 linker stubs

.v4_bx          0x08111d1c        0x0
 .v4_bx         0x08111d1c        0x0 linker stubs

.iplt           0x08111d1c        0x0
 .iplt          0x08111d1c        0x0 C:/ST/STM32CubeIDE_1.16.1/STM32CubeIDE/plugins/com.st.stm32cube.ide.mcu.externaltools.gnu-tools-for-stm32.13.3.rel1.win32_1.0.0.202411081344/tools/bin/../lib/gcc/arm-none-eabi/13.3.1/thumb/v7e-m+fp/hard/crtbegin.o

.rodata         0x08111d1c      0x52c
                0x08111d1c                        . = ALIGN (0x4)
 *(.rodata)
 .rodata        0x08111d1c      0x227 ./Core/Src/main.o
 *fill*         0x08111f43        0x1 
 .rodata        0x08111f44      0x135 ./Core/Src/max30100_for_stm32_hal.o
 *fill*         0x08112079        0x3 
 .rodata        0x0811207c        0x5 ./Middlewares/Third_Party/FreeRTOS/tasks.o
 *fill*         0x08112081        0x3 
 .rodata        0x08112084        0xd ./Middlewares/Third_Party/FreeRTOS/timers.o
 *(.rodata*)
 *fill*         0x08112091        0x3 
 .rodata.D1CorePrescTable
                0x08112094       0x10 ./Common/Src/system_stm32h7xx_dualcore_boot_cm4_cm7.o
                0x08112094                D1CorePrescTable
 .rodata.sbox   0x081120a4      0x100 ./Core/Src/aes.o
 .rodata.Rcon   0x081121a4        0xb ./Core/Src/aes.o
 *fill*         0x081121af        0x1 
 .rodata.defaultTask_attributes
                0x081121b0       0x24 ./Core/Src/main.o
                0x081121b0                defaultTask_attributes
 .rodata.kAesKey128
                0x081121d4       0x10 ./Core/Src/main.o
 .rodata.flagBitshiftOffset.0
                0x081121e4        0x8 ./Drivers/STM32H7xx_HAL_Driver/stm32h7xx_hal_dma.o
 .rodata.UARTPrescTable
                0x081121ec       0x18 ./Drivers/STM32H7xx_HAL_Driver/stm32h7xx_hal_uart.o
                0x081121ec                UARTPrescTable
 .rodata.numerator.1
                0x08112204        0x8 ./Drivers/STM32H7xx_HAL_Driver/stm32h7xx_hal_uart_ex.o
 .rodata.denominator.0
                0x0811220c        0x8 ./Drivers/STM32H7xx_HAL_Driver/stm32h7xx_hal_uart_ex.o
 .rodata._svfprintf_r.str1.1
                0x08112214       0x33 C:/ST/STM32CubeIDE_1.16.1/STM32CubeIDE/plugins/com.st.stm32cube.ide.mcu.externaltools.gnu-tools-for-stm32.13.3.rel1.win32_1.0.0.202411081344/tools/bin/../lib/gcc/arm-none-eabi/13.3.1/../../../../arm-none-eabi/lib/thumb/v7e-m+fp/hard\libc_nano.a(libc_a-nano-svfprintf.o)
                                 0x11 (size before relaxing)
 .rodata._vfprintf_r.str1.1
                0x08112247       0x11 C:/ST/STM32CubeIDE_1.16.1/STM32CubeIDE/plugins/com.st.stm32cube.ide.mcu.externaltools.gnu-tools-for-stm32.13.3.rel1.win32_1.0.0.202411081344/tools/bin/../lib/gcc/arm-none-eabi/13.3.1/../../../../arm-none-eabi/lib/thumb/v7e-m+fp/hard\libc_nano.a(libc_a-nano-vfprintf.o)
 .rodata._printf_i.str1.1
                0x08112247       0x22 C:/ST/STM32CubeIDE_1.16.1/STM32CubeIDE/plugins/com.st.stm32cube.ide.mcu.externaltools.gnu-tools-for-stm32.13.3.rel1.win32_1.0.0.202411081344/tools/bin/../lib/gcc/arm-none-eabi/13.3.1/../../../../arm-none-eabi/lib/thumb/v7e-m+fp/hard\libc_nano.a(libc_a-nano-vfprintf_i.o)
                0x0811226c                        . = ALIGN (0x4)
 *fill*         0x08112247        0x1 

.ARM.extab
 *(.ARM.extab* .gnu.linkonce.armextab.*)

.ARM            0x08112248        0x8
                0x08112248                        __exidx_start = .
 *(.ARM.exidx*)
 .ARM.exidx     0x08112248        0x8 C:/ST/STM32CubeIDE_1.16.1/STM32CubeIDE/plugins/com.st.stm32cube.ide.mcu.externaltools.gnu-tools-for-stm32.13.3.rel1.win32_1.0.0.202411081344/tools/bin/../lib/gcc/arm-none-eabi/13.3.1/../../../../arm-none-eabi/lib/thumb/v7e-m+fp/hard\libc_nano.a(libc_a-strlen.o)
 .ARM.exidx     0x08112250        0x0 C:/ST/STM32CubeIDE_1.16.1/STM32CubeIDE/plugins/com.st.stm32cube.ide.mcu.externaltools.gnu-tools-for-stm32.13.3.rel1.win32_1.0.0.202411081344/tools/bin/../lib/gcc/arm-none-eabi/13.3.1/../../../../arm-none-eabi/lib/thumb/v7e-m+fp/hard\libc_nano.a(libc_a-memchr.o)
                                  0x8 (size before relaxing)
 .ARM.exidx     0x08112250        0x0 C:/ST/STM32CubeIDE_1.16.1/STM32CubeIDE/plugins/com.st.stm32cube.ide.mcu.externaltools.gnu-tools-for-stm32.13.3.rel1.win32_1.0.0.202411081344/tools/bin/../lib/gcc/arm-none-eabi/13.3.1/thumb/v7e-m+fp/hard\libgcc.a(_udivmoddi4.o)
                                  0x8 (size before relaxing)
                0x08112250                        __exidx_end = .

.preinit_array  0x08112250        0x0
                0x08112250                        PROVIDE (__preinit_array_start = .)
 *(.preinit_array*)
                0x08112250                        PROVIDE (__preinit_array_end = .)

.init_array     0x08112250        0x4
                0x08112250                        PROVIDE (__init_array_start = .)
 *(SORT_BY_NAME(.init_array.*))
 *(.init_array*)
 .init_array    0x08112250        0x4 C:/ST/STM32CubeIDE_1.16.1/STM32CubeIDE/plugins/com.st.stm32cube.ide.mcu.externaltools.gnu-tools-for-stm32.13.3.rel1.win32_1.0.0.202411081344/tools/bin/../lib/gcc/arm-none-eabi/13.3.1/thumb/v7e-m+fp/hard/crtbegin.o
                0x08112254                        PROVIDE (__init_array_end = .)

.fini_array     0x08112254        0x4
                [!provide]                        PROVIDE (__fini_array_start = .)
 *(SORT_BY_NAME(.fini_array.*))
 *(.fini_array*)
 .fini_array    0x08112254        0x4 C:/ST/STM32CubeIDE_1.16.1/STM32CubeIDE/plugins/com.st.stm32cube.ide.mcu.externaltools.gnu-tools-for-stm32.13.3.rel1.win32_1.0.0.202411081344/tools/bin/../lib/gcc/arm-none-eabi/13.3.1/thumb/v7e-m+fp/hard/crtbegin.o
                [!provide]                        PROVIDE (__fini_array_end = .)
                0x08112258                        _sidata = LOADADDR (.data)

.rel.dyn        0x08112258        0x0
 .rel.iplt      0x08112258        0x0 C:/ST/STM32CubeIDE_1.16.1/STM32CubeIDE/plugins/com.st.stm32cube.ide.mcu.externaltools.gnu-tools-for-stm32.13.3.rel1.win32_1.0.0.202411081344/tools/bin/../lib/gcc/arm-none-eabi/13.3.1/thumb/v7e-m+fp/hard/crtbegin.o

.data           0x10000000       0x74 load address 0x08112258
                0x10000000                        . = ALIGN (0x4)
                0x10000000                        _sdata = .
 *(.data)
 *(.data*)
 .data.SystemCoreClock
                0x10000000        0x4 ./Common/Src/system_stm32h7xx_dualcore_boot_cm4_cm7.o
                0x10000000                SystemCoreClock
 .data.SystemD2Clock
                0x10000004        0x4 ./Common/Src/system_stm32h7xx_dualcore_boot_cm4_cm7.o
                0x10000004                SystemD2Clock
 .data.g_uart_iv_counter
                0x10000008        0x4 ./Core/Src/main.o
 .data.uwTickPrio
                0x1000000c        0x4 ./Drivers/STM32H7xx_HAL_Driver/stm32h7xx_hal.o
                0x1000000c                uwTickPrio
 .data.uwTickFreq
                0x10000010        0x1 ./Drivers/STM32H7xx_HAL_Driver/stm32h7xx_hal.o
                0x10000010                uwTickFreq
 *fill*         0x10000011        0x3 
 .data.uxCriticalNesting
                0x10000014        0x4 ./Middlewares/Third_Party/FreeRTOS/port.o
 .data.__sglue  0x10000018        0xc C:/ST/STM32CubeIDE_1.16.1/STM32CubeIDE/plugins/com.st.stm32cube.ide.mcu.externaltools.gnu-tools-for-stm32.13.3.rel1.win32_1.0.0.202411081344/tools/bin/../lib/gcc/arm-none-eabi/13.3.1/../../../../arm-none-eabi/lib/thumb/v7e-m+fp/hard\libc_nano.a(libc_a-findfp.o)
                0x10000018                __sglue
 .data._impure_ptr
                0x10000024        0x4 C:/ST/STM32CubeIDE_1.16.1/STM32CubeIDE/plugins/com.st.stm32cube.ide.mcu.externaltools.gnu-tools-for-stm32.13.3.rel1.win32_1.0.0.202411081344/tools/bin/../lib/gcc/arm-none-eabi/13.3.1/../../../../arm-none-eabi/lib/thumb/v7e-m+fp/hard\libc_nano.a(libc_a-impure.o)
                0x10000024                _impure_ptr
 .data._impure_data
                0x10000028       0x4c C:/ST/STM32CubeIDE_1.16.1/STM32CubeIDE/plugins/com.st.stm32cube.ide.mcu.externaltools.gnu-tools-for-stm32.13.3.rel1.win32_1.0.0.202411081344/tools/bin/../lib/gcc/arm-none-eabi/13.3.1/../../../../arm-none-eabi/lib/thumb/v7e-m+fp/hard\libc_nano.a(libc_a-impure.o)
                0x10000028                _impure_data
 *(.RamFunc)
 *(.RamFunc*)
                0x10000074                        . = ALIGN (0x4)
                0x10000074                        _edata = .

.igot.plt       0x10000074        0x0 load address 0x081122cc
 .igot.plt      0x10000074        0x0 C:/ST/STM32CubeIDE_1.16.1/STM32CubeIDE/plugins/com.st.stm32cube.ide.mcu.externaltools.gnu-tools-for-stm32.13.3.rel1.win32_1.0.0.202411081344/tools/bin/../lib/gcc/arm-none-eabi/13.3.1/thumb/v7e-m+fp/hard/crtbegin.o
                0x10000074                        . = ALIGN (0x4)

.bss            0x10000074     0x4f24 load address 0x081122cc
                0x10000074                        _sbss = .
                0x10000074                        __bss_start__ = _sbss
 *(.bss)
 .bss           0x10000074       0x1c C:/ST/STM32CubeIDE_1.16.1/STM32CubeIDE/plugins/com.st.stm32cube.ide.mcu.externaltools.gnu-tools-for-stm32.13.3.rel1.win32_1.0.0.202411081344/tools/bin/../lib/gcc/arm-none-eabi/13.3.1/thumb/v7e-m+fp/hard/crtbegin.o
 *(.bss*)
 .bss.hadc1     0x10000090       0x64 ./Core/Src/main.o
                0x10000090                hadc1