../Core/Src/max30100_for_stm32_hal.c:18:26:MAX30100_ReadTemperatureRegisters	16	static
../Core/Src/max30100_for_stm32_hal.c:24:19:MAX30100_ReadReg	40	static
../Core/Src/max30100_for_stm32_hal.c:33:19:MAX30100_WriteReg	40	static
../Core/Src/max30100_for_stm32_hal.c:42:19:MAX30100_Reset	16	static
../Core/Src/max30100_for_stm32_hal.c:65:19:MAX30100_Init	24	static
../Core/Src/max30100_for_stm32_hal.c:101:19:MAX30100_ConfigInterrupts	24	static
../Core/Src/max30100_for_stm32_hal.c:108:6:MAX30100_InterruptHandler	16	static
../Core/Src/max30100_for_stm32_hal.c:136:19:MAX30100_SetMode	24	static
../Core/Src/max30100_for_stm32_hal.c:144:19:MAX30100_SetSpO2SampleRate	24	static
../Core/Src/max30100_for_stm32_hal.c:152:19:MAX30100_SetLedPulseWidth	24	static
../Core/Src/max30100_for_stm32_hal.c:160:19:MAX30100_SetLedCurrents	24	static
../Core/Src/max30100_for_stm32_hal.c:165:19:MAX30100_ClearFIFO	8	static
../Core/Src/max30100_for_stm32_hal.c:172:19:MAX30100_ReadFifoData	120	static
../Core/Src/max30100_for_stm32_hal.c:198:19:MAX30100_ReadTemperature	24	static
../Core/Src/max30100_for_stm32_hal.c:249:19:MAX30100_Shutdown	16	static
../Core/Src/max30100_for_stm32_hal.c:256:19:MAX30100_WakeUp	16	static
