../Core/Src/stm32h7xx_it.c:76:6:NMI_Handler	4	static
../Core/Src/stm32h7xx_it.c:91:6:HardFault_Handler	4	static
../Core/Src/stm32h7xx_it.c:106:6:MemManage_Handler	4	static
../Core/Src/stm32h7xx_it.c:121:6:BusFault_Handler	4	static
../Core/Src/stm32h7xx_it.c:136:6:UsageFault_Handler	4	static
../Core/Src/stm32h7xx_it.c:151:6:DebugMon_Handler	4	static
../Core/Src/stm32h7xx_it.c:164:6:SysTick_Handler	8	static
../Core/Src/stm32h7xx_it.c:193:6:DMA1_Stream0_IRQHandler	8	static
../Core/Src/stm32h7xx_it.c:207:6:ADC_IRQHandler	8	static
../Core/Src/stm32h7xx_it.c:221:6:I2C1_EV_IRQHandler	8	static
../Core/Src/stm32h7xx_it.c:235:6:I2C1_ER_IRQHandler	8	static
../Core/Src/stm32h7xx_it.c:249:6:USART3_IRQHandler	8	static
../Core/Src/stm32h7xx_it.c:263:6:TIM6_DAC_IRQHandler	8	static
../Core/Src/stm32h7xx_it.c:277:6:CM7_SEV_IRQHandler	4	static
../Core/Src/stm32h7xx_it.c:290:6:FPU_IRQHandler	4	static
../Core/Src/stm32h7xx_it.c:304:6:EXTI9_5_IRQHandler	8	static
